03-13 12:46:57.651     0     0 E rmt_storage: INFO:rmt_storage_open_cb: Processing: Open Request (req_h 0x3) for /boot/modem_fsg!
03-13 12:46:57.655     0     0 E rmt_storage: INFO:rmt_storage_alloc_buff_cb: Received req_size: 2097152! avail: 2097152
03-13 12:46:57.656     0     0 I         : tas2562 tas2562: tas2562_codec_probe
03-13 12:46:57.658     0     0 E rmt_storage: INFO:rmt_storage_rw_iovec_cb: Read iovec request (req_h 0x5 wr_count 0) received for /boot/modem_fs1
03-13 12:46:57.660     0     0 E rmt_storage: INFO:rmt_storage_client_thread: Calling Read [offset=512, size=512, req_h 0x5, wr_count 0] for /boot/modem_fs1!
03-13 12:46:57.661     0     0 E rmt_storage: INFO:rmt_storage_client_thread: Done Read (bytes = 512, req_h 0x5, wr_count 0) for /boot/modem_fs1!
03-13 12:46:57.664     0     0 E rmt_storage: INFO:rmt_storage_rw_iovec_cb: Read iovec request (req_h 0x6 wr_count 0) received for /boot/modem_fs2
03-13 12:46:57.666     0     0 E rmt_storage: INFO:rmt_storage_client_thread: Calling Read [offset=512, size=512, req_h 0x6, wr_count 0] for /boot/modem_fs2!
03-13 12:46:57.667     0     0 E rmt_storage: INFO:rmt_storage_client_thread: Done Read (bytes = 512, req_h 0x6, wr_count 0) for /boot/modem_fs2!
03-13 12:46:57.669     0     0 I wcd937x_codec wcd937x-codec: wcd937x_soc_codec_probe()
03-13 12:46:57.670     0     0 E rmt_storage: INFO:rmt_storage_rw_iovec_cb: Read iovec request (req_h 0x7 wr_count 0) received for /boot/modem_fs1
03-13 12:46:57.671     0     0 E rmt_storage: INFO:rmt_storage_client_thread: Calling Read [offset=1024, size=2096128, req_h 0x7, wr_count 0] for /boot/modem_fs1!
03-13 12:46:57.678     0     0 E rmt_storage: INFO:rmt_storage_client_thread: Done Read (bytes = 2096128, req_h 0x7, wr_count 0) for /boot/modem_fs1!
03-13 12:46:57.705     0     0 E msm-dai-fe soc: qcom,msm-dai-fe: ASoC: no sink widget found for AUXPCM_DL_HL
03-13 12:46:57.705     0     0 E msm-dai-fe soc: qcom,msm-dai-fe: ASoC: Failed to add route AUXPCM_HOSTLESS Playback -> direct -> AUXPCM_DL_HL
03-13 12:46:57.705     0     0 E msm-dai-fe soc: qcom,msm-dai-fe: ASoC: no source widget found for AUXPCM_UL_HL
03-13 12:46:57.705     0     0 E msm-dai-fe soc: qcom,msm-dai-fe: ASoC: Failed to add route AUXPCM_UL_HL -> direct -> AUXPCM_HOSTLESS Capture
03-13 12:46:57.713     0     0 W msm-dai-q6-hdmi soc: qcom,msm-dai-q6-dp: DAI driver id is not set
03-13 12:46:57.835     0     0 E rmt_storage: INFO:rmt_storage_rw_iovec_cb: Write iovec request (req_h 0x8 wr_count 1) received for /boot/modem_fs2
03-13 12:46:57.836     0     0 E rmt_storage: INFO:rmt_storage_client_thread: Calling Write [offset=0, size=2097152, req_h 0x8, wr_count 1] for /boot/modem_fs2!
03-13 12:46:57.840     0     0 I memshare_child soc: qcom,memshare:qcom,client_3: memshare_query: client_id : 1, query_resp.size :5242880, query_resp.resp.result :0
03-13 12:46:57.840     0     0 I memshare_child soc: qcom,memshare:qcom,client_3: memshare_alloc: memory alloc request received for client id: 1, proc_id: 0, request size: 5242880
03-13 12:46:57.851     0     0 E rmt_storage: INFO:rmt_storage_client_thread: Done Write (bytes = 2097152, req_h 0x8, wr_count 1) for /boot/modem_fs2!
03-13 12:46:57.888     0     0 E rmt_storage: INFO:rmt_storage_rw_iovec_cb: Write iovec request (req_h 0x9 wr_count 2) received for /boot/modem_fs1
03-13 12:46:57.889     0     0 E rmt_storage: INFO:rmt_storage_client_thread: Calling Write [offset=0, size=2097152, req_h 0x9, wr_count 2] for /boot/modem_fs1!
03-13 12:46:57.936     0     0 E rmt_storage: INFO:rmt_storage_client_thread: Done Write (bytes = 2097152, req_h 0x9, wr_count 2) for /boot/modem_fs1!
03-13 12:46:57.945     0     0 I         : Sending QMI_IPA_INIT_MODEM_DRIVER_REQ_V01
03-13 12:46:57.950     0     0 E ipa-wan ipa3_handle_indication_req: 152 not send indication
03-13 12:46:57.952     0     0 E ipa3_uc_wdi_event_log_info_handler: 356 WDI protocol missing 0x1
03-13 12:46:57.952     0     0 E ipa3_uc_ntn_event_log_info_handler: 24 NTN protocol missing 0x1
03-13 12:46:57.952     0     0 E ipa_pc_qmp_enable: 9081 mailbox channel request failed, ret=-19
03-13 12:46:57.956     0     0 I         : QMI_IPA_INIT_MODEM_DRIVER_REQ_V01 response received
03-13 12:46:57.980     0     0 I init    : starting service 'keystore2'...
03-13 12:46:58.011     0     0 I binder  : 1605:1605 ioctl 40046210 7ffc02f6d4 returned -22
03-13 12:46:58.032     0     0 I binder  : 1605:1605 ioctl 40046210 7ffc02ec34 returned -22
03-13 12:46:58.230     0     0 I init    : processing action (vendor.ims.DATA_DAEMON_STATUS=1) from (/vendor/etc/init/ims_rtp_daemon.rc:12)
03-13 12:46:58.231     0     0 I init    : Sending signal 9 to service 'vendor.ims_rtp_daemon' (pid 1276) process group...
03-13 12:46:58.236     0     0 I libprocessgroup: Successfully killed process cgroup uid 1001 pid 1276 in 5ms
03-13 12:46:58.236     0     0 I init    : Service 'vendor.ims_rtp_daemon' (pid 1276) received signal 9
03-13 12:46:58.268     0     0 I init    : Sending signal 9 to service 'vendor.imsrcsservice' (pid 1282) process group...
03-13 12:46:58.275     0     0 I libprocessgroup: Successfully killed process cgroup uid 1001 pid 1282 in 7ms
03-13 12:46:58.276     0     0 I init    : Control message: Processed ctl.stop for 'vendor.imsrcsservice' from pid: 1452 (/vendor/bin/imsdatadaemon)
03-13 12:46:58.277     0     0 I init    : Service 'vendor.imsrcsservice' (pid 1282) received signal 9
03-13 12:46:58.281     0     0 I init    : starting service 'vendor.imsrcsservice'...
03-13 12:46:58.290     0     0 I init    : Control message: Processed ctl.start for 'vendor.imsrcsservice' from pid: 1452 (/vendor/bin/imsdatadaemon)
03-13 12:46:58.321  1659  1659 I imsrcsd : Uce Service HAL  is starting up...
03-13 12:46:58.322  1659  1659 I imsrcsd : getAndroidPropValue : vendor.ims.DATA_DAEMON_STATUS[1]
03-13 12:46:58.319     0     0 E rmt_storage: INFO:rmt_storage_rw_iovec_cb: Write iovec request (req_h 0xa wr_count 3) received for /boot/modem_fs2
03-13 12:46:58.320     0     0 E rmt_storage: INFO:rmt_storage_client_thread: Calling Write [offset=0, size=2097152, req_h 0xa, wr_count 3] for /boot/modem_fs2!
03-13 12:46:58.320     0     0 E ip_local_port_range: prefer different parity for start/end values.
03-13 12:46:58.333     0     0 I init    : processing action (persist.vendor.net.doxlat=false) from (/system/etc/init/vendor-464xlat.rc:14)
03-13 12:46:58.369     0     0 E rmt_storage: INFO:rmt_storage_client_thread: Done Write (bytes = 2097152, req_h 0xa, wr_count 3) for /boot/modem_fs2!
03-13 12:46:58.386     0     0 I service-notifier: root_service_service_ind_cb: Indication received from msm/modem/wlan_pd, state: 0x1fffffff, trans-id: 1
03-13 12:46:58.386     0     0 I service-notifier: send_ind_ack: Indication ACKed for transid 1, service msm/modem/wlan_pd, instance 180!
03-13 12:46:58.388     0     0 I icnss_qmi: QMI Server Connected: state: 0x980
03-13 12:46:58.398     0     0 E icnss   : hyperviser disabled
03-13 12:46:58.398     0     0 E icnss   : hyperviser disabled
03-13 12:46:58.410     0     0 E rmt_storage: INFO:rmt_storage_rw_iovec_cb: Write iovec request (req_h 0xb wr_count 4) received for /boot/modem_fs1
03-13 12:46:58.411     0     0 E rmt_storage: INFO:rmt_storage_client_thread: Calling Write [offset=0, size=2097152, req_h 0xb, wr_count 4] for /boot/modem_fs1!
03-13 12:46:58.451     0     0 E bolero-codec soc: qcom,msm-audio-apr:qcom,q6core-audio:bolero-cdc: ASoC: unknown pin WSA_SPK1 OUT
03-13 12:46:58.451     0     0 E bolero-codec soc: qcom,msm-audio-apr:qcom,q6core-audio:bolero-cdc: ASoC: unknown pin WSA_SPK2 OUT
03-13 12:46:58.451     0     0 E bolero-codec soc: qcom,msm-audio-apr:qcom,q6core-audio:bolero-cdc: ASoC: unknown pin WSA AIF VI
03-13 12:46:58.451     0     0 E bolero-codec soc: qcom,msm-audio-apr:qcom,q6core-audio:bolero-cdc: ASoC: unknown pin VIINPUT_WSA
03-13 12:46:58.457     0     0 E rmt_storage: INFO:rmt_storage_client_thread: Done Write (bytes = 2097152, req_h 0xb, wr_count 4) for /boot/modem_fs1!
03-13 12:46:58.464     0     0 E kona-asoc-snd soc: qcom,msm-audio-apr:qcom,q6core-audio:sound: ASoC: no source widget found for DMIC7_OUTPUT
03-13 12:46:58.464     0     0 E kona-asoc-snd soc: qcom,msm-audio-apr:qcom,q6core-audio:sound: ASoC: Failed to add route DMIC7_OUTPUT -> direct -> TX SWR_DMIC6
03-13 12:46:58.465     0     0 E kona-asoc-snd soc: qcom,msm-audio-apr:qcom,q6core-audio:sound: ASoC: no source widget found for DMIC8_OUTPUT
03-13 12:46:58.465     0     0 E kona-asoc-snd soc: qcom,msm-audio-apr:qcom,q6core-audio:sound: ASoC: Failed to add route DMIC8_OUTPUT -> direct -> TX SWR_DMIC7
03-13 12:46:58.465     0     0 E kona-asoc-snd soc: qcom,msm-audio-apr:qcom,q6core-audio:sound: ASoC: no sink widget found for WSA SRC0_INP
03-13 12:46:58.465     0     0 E kona-asoc-snd soc: qcom,msm-audio-apr:qcom,q6core-audio:sound: ASoC: Failed to add route SRC0 -> direct -> WSA SRC0_INP
03-13 12:46:58.465     0     0 E kona-asoc-snd soc: qcom,msm-audio-apr:qcom,q6core-audio:sound: ASoC: no sink widget found for WSA_TX DEC0_INP
03-13 12:46:58.465     0     0 E kona-asoc-snd soc: qcom,msm-audio-apr:qcom,q6core-audio:sound: ASoC: Failed to add route TX DEC0 MUX -> direct -> WSA_TX DEC0_INP
03-13 12:46:58.466     0     0 E kona-asoc-snd soc: qcom,msm-audio-apr:qcom,q6core-audio:sound: ASoC: no sink widget found for WSA_TX DEC1_INP
03-13 12:46:58.466     0     0 E kona-asoc-snd soc: qcom,msm-audio-apr:qcom,q6core-audio:sound: ASoC: Failed to add route TX DEC1 MUX -> direct -> WSA_TX DEC1_INP
03-13 12:46:58.466     0     0 E kona-asoc-snd soc: qcom,msm-audio-apr:qcom,q6core-audio:sound: ASoC: no source widget found for WSA_SPK1 OUT
03-13 12:46:58.466     0     0 E kona-asoc-snd soc: qcom,msm-audio-apr:qcom,q6core-audio:sound: ASoC: Failed to add route WSA_SPK1 OUT -> direct -> SpkrLeft IN
03-13 12:46:58.467     0     0 E kona-asoc-snd soc: qcom,msm-audio-apr:qcom,q6core-audio:sound: ASoC: no source widget found for WSA_SPK2 OUT
03-13 12:46:58.467     0     0 E kona-asoc-snd soc: qcom,msm-audio-apr:qcom,q6core-audio:sound: ASoC: Failed to add route WSA_SPK2 OUT -> direct -> SpkrRight IN
03-13 12:46:58.468     0     0 E kona-asoc-snd soc: qcom,msm-audio-apr:qcom,q6core-audio:sound: ASoC: no source widget found for DMIC7_OUTPUT
03-13 12:46:58.468     0     0 E kona-asoc-snd soc: qcom,msm-audio-apr:qcom,q6core-audio:sound: ASoC: Failed to add route DMIC7_OUTPUT -> direct -> VA SWR_MIC6
03-13 12:46:58.469     0     0 E kona-asoc-snd soc: qcom,msm-audio-apr:qcom,q6core-audio:sound: ASoC: no source widget found for DMIC8_OUTPUT
03-13 12:46:58.469     0     0 E kona-asoc-snd soc: qcom,msm-audio-apr:qcom,q6core-audio:sound: ASoC: Failed to add route DMIC8_OUTPUT -> direct -> VA SWR_MIC7
03-13 12:46:58.495     0     0 I memshare_child soc: qcom,memshare:qcom,client_3: memshare_alloc: client_id: 1, alloc_resp.num_bytes: 5242880, alloc_resp.resp.result: 0
03-13 12:46:58.497     0     0 E diag    : In diag_send_feature_mask_update, control channel is not open, p: 0, 0000000000000000
03-13 12:46:58.501     0     0 E diag    : In diag_send_peripheral_buffering_mode, buffering flag not set for 0
03-13 12:46:58.505     0     0 I input   : atoll-wcd937x-snd-card Headset Jack as /devices/platform/soc/soc:qcom,msm-audio-apr/soc:qcom,msm-audio-apr:qcom,q6core-audio/soc:qcom,msm-audio-apr:qcom,q6core-audio:sound/sound/card0/input5
03-13 12:46:58.505     0     0 I input   : atoll-wcd937x-snd-card Button Jack as /devices/platform/soc/soc:qcom,msm-audio-apr/soc:qcom,msm-audio-apr:qcom,q6core-audio/soc:qcom,msm-audio-apr:qcom,q6core-audio:sound/sound/card0/input6
03-13 12:46:58.506     0     0 I kona-asoc-snd soc: qcom,msm-audio-apr:qcom,q6core-audio:sound: msm_asoc_machine_probe: Sound card atoll-wcd937x-snd-card registered
03-13 12:46:58.518     0     0 E init    : Control message: Could not find 'android.frameworks.sensorservice@1.0::ISensorManager/default' for ctl.interface_start from pid: 556 (/system/bin/hwservicemanager)
03-13 12:46:58.563     0     0 I init    : processing action (persist.vendor.net.doxlat=false) from (/system/etc/init/vendor-464xlat.rc:14)
03-13 12:46:58.576     0     0 E init    : Unable to set property 'ro.vendor.ril.svlte1x' from uid:1001 gid:1001 pid:1455: Read-only property was already set
03-13 12:46:58.578     0     0 E init    : Unable to set property 'ro.vendor.ril.svdo' from uid:1001 gid:1001 pid:1455: Read-only property was already set
03-13 12:46:58.595     0     0 E rmt_storage: INFO:rmt_storage_rw_iovec_cb: Write iovec request (req_h 0xc wr_count 5) received for /boot/modem_fs2
03-13 12:46:58.596     0     0 E rmt_storage: INFO:rmt_storage_client_thread: Calling Write [offset=0, size=2097152, req_h 0xc, wr_count 5] for /boot/modem_fs2!
03-13 12:46:58.641     0     0 E rmt_storage: INFO:rmt_storage_client_thread: Done Write (bytes = 2097152, req_h 0xc, wr_count 5) for /boot/modem_fs2!
03-13 12:46:58.646     0     0 E init    : Unable to set property 'ro.ril.factory_id' from uid:1001 gid:1001 pid:1474: Read-only property was already set
03-13 12:46:58.684     0     0 E rmt_storage: INFO:rmt_storage_rw_iovec_cb: Write iovec request (req_h 0xd wr_count 6) received for /boot/modem_fs1
03-13 12:46:58.685     0     0 E rmt_storage: INFO:rmt_storage_client_thread: Calling Write [offset=0, size=2097152, req_h 0xd, wr_count 6] for /boot/modem_fs1!
03-13 12:46:58.743     0     0 E rmt_storage: INFO:rmt_storage_client_thread: Done Write (bytes = 2097152, req_h 0xd, wr_count 6) for /boot/modem_fs1!
03-13 12:46:58.746     0     0 E init    : Unable to set property 'ro.ril.oem.sno' from uid:1001 gid:1001 pid:1474: Read-only property was already set
03-13 12:46:58.748     0     0 E init    : Unable to set property 'ro.ril.oem.psno' from uid:1001 gid:1001 pid:1474: Read-only property was already set
03-13 12:46:59.150     0     0 E ipa-wan ipa3_wwan_ioctl: 2044 dev(rmnet_data0) register to IPA
03-13 12:46:59.421     0     0 I pm6150_charger: smblib_set_prop_system_temp_level: thermal level:2, batt temp:314, thermal_levels:16chg->system_temp_level:0, charger_type:4
03-13 12:46:59.421     0     0 I         : smblib_set_prop_system_temp_level val=2, chg->system_temp_level=0, LctThermal=0, lct_backlight_off= 0, IsInCall=0
03-13 12:46:59.421     0     0 I smblib_set_prop_system_temp_level intval: 2 system temp level:2 thermal_levels:16
03-13 12:46:59.421     0     0 I         : thermal_icl_ua is 1800000, chg->system_temp_level: 2
03-13 12:46:59.421     0     0 I         : thermal_fcc_ua is 0
03-13 12:46:59.421     0     0 I USB_ICL : THERMAL_DAEMON_VOTER,12 voting on of val=1800000
03-13 12:46:59.515     0     0 E init    : Control message: Could not find 'android.frameworks.sensorservice@1.0::ISensorManager/default' for ctl.interface_start from pid: 556 (/system/bin/hwservicemanager)
03-13 12:46:59.574     0     0 I init    : starting service 'audioserver'...
03-13 12:46:59.578     0     0 I init    : starting service 'cameraserver'...
03-13 12:46:59.582     0     0 I init    : processing action (init.svc.audioserver=running) from (/system/etc/init/audioserver.rc:38)
03-13 12:46:59.583     0     0 I init    : starting service 'vendor.audio-hal'...
03-13 12:46:59.584     0     0 I init    : Created socket '/dev/socket/audio_hw_socket', mode 666, user 1000, group 1000
03-13 12:46:59.588     0     0 I init    : starting service 'media'...
03-13 12:46:59.592     0     0 I init    : Command 'start vendor.audio-hal-4-0-msd' action=init.svc.audioserver=running (/system/etc/init/audioserver.rc:40) took 0ms and failed: service vendor.audio-hal-4-0-msd not found
03-13 12:46:59.592     0     0 I init    : Command 'start audio_proxy_service' action=init.svc.audioserver=running (/system/etc/init/audioserver.rc:41) took 0ms and failed: service audio_proxy_service not found
03-13 12:46:59.592     0     0 I init    : Command 'start vendor.audio-hal-2-0' action=init.svc.audioserver=running (/system/etc/init/audioserver.rc:43) took 0ms and failed: service vendor.audio-hal-2-0 not found
03-13 12:46:59.592     0     0 I init    : Command 'start audio-hal-2-0' action=init.svc.audioserver=running (/system/etc/init/audioserver.rc:44) took 0ms and failed: service audio-hal-2-0 not found
03-13 12:46:59.593     0     0 I init    : processing action (init.svc.media=*) from (/system/etc/init/mediaserver.rc:1)
03-13 12:46:59.594     0     0 I init    : processing action (init.svc.mediadrm=running) from (/vendor/etc/init/android.hardware.drm@1.3-service.widevine.rc:1)
03-13 12:46:59.597     0     0 I init    : starting service 'wificond'...
03-13 12:46:59.620     0     0 I binder  : 1874:1874 ioctl 40046210 7fe1fabde4 returned -22
03-13 12:46:59.620     0     0 I binder  : 1874:1874 ioctl 40046210 7fe1fabe04 returned -22
03-13 12:46:59.642  1878  1878 I wificond: wificond is starting up...
03-13 12:46:59.649  1878  1878 I HidlServiceManagement: Registered android.system.wifi.keystore@1.0::IKeystore/default
03-13 12:46:59.625     0     0 I binder  : 1875:1875 ioctl 40046210 7fedc832a4 returned -22
03-13 12:46:59.625     0     0 I binder  : 1878:1878 ioctl 40046210 7ff2ca6994 returned -22
03-13 12:46:59.626     0     0 I binder  : 1875:1875 ioctl 40046210 7fedc832c4 returned -22
03-13 12:46:59.627     0     0 I binder  : 1878:1878 ioctl 40046210 7ff2ca6914 returned -22
03-13 12:46:59.633     0     0 I init    : Control message: Processed ctl.interface_start for 'android.hardware.camera.provider@2.4::ICameraProvider/legacy/0' from pid: 556 (/system/bin/hwservicemanager)
03-13 12:46:59.657     0     0 I binder  : 1877:1877 ioctl 40046210 ffed3c48 returned -22
03-13 12:46:59.674     0     0 I binder  : 1877:1877 ioctl 40046210 ffed3c30 returned -22
03-13 12:46:59.996     0     0 E         : msm_qti_pp_get_rms_value_control, back not active to query rms be_idx:3
03-13 12:47:00.005     0     0 E rmt_storage: INFO:rmt_storage_rw_iovec_cb: Write iovec request (req_h 0xe wr_count 7) received for /boot/modem_fs2
03-13 12:47:00.006     0     0 E rmt_storage: INFO:rmt_storage_client_thread: Calling Write [offset=0, size=2097152, req_h 0xe, wr_count 7] for /boot/modem_fs2!
03-13 12:47:00.008     0     0 E doa_tracking_mon_afe_cb_handler: doa_tracking_mon_resp status: 2 payload size 396
03-13 12:47:00.012     0     0 E afe_apr_send_pkt: DSP returned error[ADSP_EBADPARAM]
03-13 12:47:00.012     0     0 E afe_get_doa_tracking_mon: get param port 0xb021 param id[0x1097d] failed -22
03-13 12:47:00.012     0     0 E msm_doa_tracking_mon_get: Error getting Doa Tracking Params, err=-22
03-13 12:47:00.022     0     0 I core_get_license_status: cmdrsp_license_result.result = 0x15 for module 0x131ff
03-13 12:47:00.035     0     0 I         : tas2562 tas2562: value: 0x2, tas2562iv_enable 1
03-13 12:47:00.035     0     0 I TI-SmartPA: tas25xx_smartamp_debug_enable_get: case 0
03-13 12:47:00.036     0     0 I TI-SmartPA: tas25xx_get_profile: getting profile NONE
03-13 12:47:00.038     0     0 I TI-SmartPA: tas25xx_get_re_common, channel=1
03-13 12:47:00.038     0     0 I TI-SmartPA: tas25xx_get_re_left: Getting Re 0
03-13 12:47:00.038     0     0 I TI-SmartPA: tas25xx_get_f0_common, channel=1
03-13 12:47:00.038     0     0 I TI-SmartPA: tas25xx_get_f0_left: Getting F0 val=0
03-13 12:47:00.038     0     0 I TI-SmartPA: tas25xx_get_q_common, channel=1
03-13 12:47:00.038     0     0 I TI-SmartPA: tas25xx_get_q_left: Getting Q 0
03-13 12:47:00.039     0     0 I TI-SmartPA: tas25xx_get_tv_common, channel=1
03-13 12:47:00.039     0     0 I TI-SmartPA: tas25xx_get_tv_left: Getting Tv 0
03-13 12:47:00.039     0     0 I TI-SmartPA: tas25xx_smartamp_enable_get: case 0(0=DISABLE, 1=ENABLE)
03-13 12:47:00.039     0     0 I TI-SmartPA: tas25xx_smartamp_bypass_get: case 0
03-13 12:47:00.046     0     0 I         : tas2562 tas2562: tas2562_get_left_speaker_switch, p_u_control = 0
03-13 12:47:00.046     0     0 I         : tas2562 tas2562: tas2562_get_right_speaker_switch, p_u_control = 0
03-13 12:47:00.046     0     0 E msm_ext_disp_update_audio_ops: Display not found (EXT_DISPLAY_TYPE_DP) ctld (0) stream (0)
03-13 12:47:00.046     0     0 E msm_ext_disp_update_audio_ops: Display not found (EXT_DISPLAY_TYPE_DP) ctld (0) stream (0)
03-13 12:47:00.046     0     0 E msm_ext_disp_update_audio_ops: Display not found (EXT_DISPLAY_TYPE_DP) ctld (0) stream (0)
03-13 12:47:00.046     0     0 E msm_ext_disp_update_audio_ops: Display not found (EXT_DISPLAY_TYPE_DP) ctld (0) stream (0)
03-13 12:47:00.046     0     0 E msm_ext_disp_update_audio_ops: Display not found (EXT_DISPLAY_TYPE_DP) ctld (0) stream (0)
03-13 12:47:00.047     0     0 E msm_ext_disp_update_audio_ops: Display not found (EXT_DISPLAY_TYPE_DP) ctld (0) stream (0)
03-13 12:47:00.047     0     0 E msm_ext_disp_update_audio_ops: Display not found (EXT_DISPLAY_TYPE_DP) ctld (0) stream (0)
03-13 12:47:00.047     0     0 E msm_ext_disp_update_audio_ops: Display not found (EXT_DISPLAY_TYPE_DP) ctld (0) stream (0)
03-13 12:47:00.047     0     0 E msm-ext-disp-audio-codec-rx soc: qcom,msm-ext-disp:qcom,msm-ext-disp-audio-codec-rx: msm_ext_disp_audio_type_get: get_audio_edid_blk() or get_intf_id is NULL
03-13 12:47:00.048     0     0 E msm_ext_disp_update_audio_ops: Display not found (EXT_DISPLAY_TYPE_DP) ctld (0) stream (0)
03-13 12:47:00.048     0     0 E msm_ext_disp_update_audio_ops: Display not found (EXT_DISPLAY_TYPE_DP) ctld (0) stream (0)
03-13 12:47:00.048     0     0 E msm-ext-disp-audio-codec-rx soc: qcom,msm-ext-disp:qcom,msm-ext-disp-audio-codec-rx: msm_ext_disp_audio_type_get: get_audio_edid_blk() or get_intf_id is NULL
03-13 12:47:00.059     0     0 E rmt_storage: INFO:rmt_storage_client_thread: Done Write (bytes = 2097152, req_h 0xe, wr_count 7) for /boot/modem_fs2!
03-13 12:47:00.129     0     0 E         : msm_pcm_volume_ctl_get substream not found
03-13 12:47:00.146     0     0 I init    : starting service 'credstore'...
03-13 12:47:00.180  1900  1900 F libc    : Fatal signal 6 (SIGABRT), code -1 (SI_QUEUE) in tid 1900 (credstore), pid 1900 (credstore)
03-13 12:47:00.219     0     0 I logd    : logdr: UID=1076 GID=1076 PID=1903 n tail=0 logMask=8 pid=1900 start=0ns deadline=0ns
03-13 12:47:00.220     0     0 I logd    : logdr: UID=1076 GID=1076 PID=1903 n tail=0 logMask=1 pid=1900 start=0ns deadline=0ns
03-13 12:47:00.248  1903  1903 F DEBUG   : *** *** *** *** *** *** *** *** *** *** *** *** *** *** *** ***
03-13 12:47:00.248  1903  1903 F DEBUG   : Build fingerprint: 'unknown'
03-13 12:47:00.248  1903  1903 F DEBUG   : Revision: '0'
03-13 12:47:00.248  1903  1903 F DEBUG   : ABI: 'arm64'
03-13 12:47:00.248  1903  1903 F DEBUG   : Timestamp: 1971-03-13 12:47:00.208851040+0000
03-13 12:47:00.249  1903  1903 F DEBUG   : Process uptime: 0s
03-13 12:47:00.249  1903  1903 F DEBUG   : Cmdline: /system/bin/credstore /data/misc/credstore
03-13 12:47:00.249  1903  1903 F DEBUG   : pid: 1900, tid: 1900, name: credstore  >>> /system/bin/credstore <<<
03-13 12:47:00.249  1903  1903 F DEBUG   : uid: 1076
03-13 12:47:00.249  1903  1903 F DEBUG   : signal 6 (SIGABRT), code -1 (SI_QUEUE), fault addr --------
03-13 12:47:00.249  1903  1903 F DEBUG   : Abort message: 'Check failed: chdir(data_dir.c_str()) != -1 chdir: /data/misc/credstore: No such file or directory'
03-13 12:47:00.250  1903  1903 F DEBUG   :     x0  0000000000000000  x1  000000000000076c  x2  0000000000000006  x3  0000007fc806b010
03-13 12:47:00.250  1903  1903 F DEBUG   :     x4  0000000000000031  x5  0000000000000031  x6  0000000000000031  x7  0000000000000000
03-13 12:47:00.250  1903  1903 F DEBUG   :     x8  00000000000000f0  x9  33c86d8159f0afdf  x10 0000000000000000  x11 ffffff80ffffffdf
03-13 12:47:00.250  1903  1903 F DEBUG   :     x12 0000000000000001  x13 0000000000000070  x14 0000007fc8069f20  x15 0000000000000000
03-13 12:47:00.251  1903  1903 F DEBUG   :     x16 00000071df974050  x17 00000071df950eb0  x18 00000071e98be000  x19 000000000000076c
03-13 12:47:00.251  1903  1903 F DEBUG   :     x20 000000000000076c  x21 00000000ffffffff  x22 00000071e9439000  x23 0000000000000000
03-13 12:47:00.251  1903  1903 F DEBUG   :     x24 0000000000000000  x25 0000000000000000  x26 0000000000000000  x27 0000000000000000
03-13 12:47:00.251  1903  1903 F DEBUG   :     x28 0000000000000000  x29 0000007fc806b090
03-13 12:47:00.251  1903  1903 F DEBUG   :     lr  00000071df903ba0  sp  0000007fc806aff0  pc  00000071df903bcc  pst 0000000000001000
03-13 12:47:00.251  1903  1903 F DEBUG   : backtrace:
03-13 12:47:00.252  1903  1903 F DEBUG   :       #00 pc 000000000004fbcc  /apex/com.android.runtime/lib64/bionic/libc.so (abort+164) (BuildId: ba489d4985c0cf173209da67405662f9)
03-13 12:47:00.252  1903  1903 F DEBUG   :       #01 pc 0000000000013eb4  /system/lib64/libbase.so (android::base::DefaultAborter(char const*)+12) (BuildId: 225cc3496ad7ce1867ed9bd3357de134)
03-13 12:47:00.252  1903  1903 F DEBUG   :       #02 pc 000000000001595c  /system/lib64/libbase.so (android::base::SetAborter(std::__1::function<void (char const*)>&&)::$_3::__invoke(char const*)+76) (BuildId: 225cc3496ad7ce1867ed9bd3357de134)
03-13 12:47:00.252  1903  1903 F DEBUG   :       #03 pc 0000000000014f8c  /system/lib64/libbase.so (android::base::LogMessage::~LogMessage()+364) (BuildId: 225cc3496ad7ce1867ed9bd3357de134)
03-13 12:47:00.252  1903  1903 F DEBUG   :       #04 pc 000000000000f760  /system/bin/credstore (main.cfi+1156) (BuildId: 56cdfadc76f85ca12f5abec75b8dc54c)
03-13 12:47:00.253  1903  1903 F DEBUG   :       #05 pc 00000000000488c8  /apex/com.android.runtime/lib64/bionic/libc.so (__libc_init+96) (BuildId: ba489d4985c0cf173209da67405662f9)
03-13 12:47:00.233     0     0 E         : msm_qti_pp_get_rms_value_control, back not active to query rms be_idx:3
03-13 12:47:00.240     0     0 I init    : Untracked pid 1905 exited with status 0
03-13 12:47:00.240     0     0 I init    : Service 'credstore' (pid 1900) received signal 6
03-13 12:47:00.240     0     0 I init    : Sending signal 9 to service 'credstore' (pid 1900) process group...
03-13 12:47:00.240     0     0 I libprocessgroup: Successfully killed process cgroup uid 1076 pid 1900 in 0ms
03-13 12:47:00.241     0     0 I init    : Untracked pid 1903 exited with status 0
03-13 12:47:00.246     0     0 E doa_tracking_mon_afe_cb_handler: doa_tracking_mon_resp status: 2 payload size 396
03-13 12:47:00.252     0     0 E afe_apr_send_pkt: DSP returned error[ADSP_EBADPARAM]
03-13 12:47:00.252     0     0 E afe_get_doa_tracking_mon: get param port 0xb021 param id[0x1097d] failed -22
03-13 12:47:00.252     0     0 E msm_doa_tracking_mon_get: Error getting Doa Tracking Params, err=-22
03-13 12:47:00.253     0     0 I core_get_license_status: cmdrsp_license_result.result = 0x15 for module 0x131ff
03-13 12:47:00.256     0     0 I         : tas2562 tas2562: value: 0x2, tas2562iv_enable 1
03-13 12:47:00.257     0     0 I TI-SmartPA: tas25xx_smartamp_debug_enable_get: case 0
03-13 12:47:00.258     0     0 I TI-SmartPA: tas25xx_get_profile: getting profile NONE
03-13 12:47:00.259     0     0 I TI-SmartPA: tas25xx_get_re_common, channel=1
03-13 12:47:00.259     0     0 I TI-SmartPA: tas25xx_get_re_left: Getting Re 0
03-13 12:47:00.260     0     0 I TI-SmartPA: tas25xx_get_f0_common, channel=1
03-13 12:47:00.260     0     0 I TI-SmartPA: tas25xx_get_f0_left: Getting F0 val=0
03-13 12:47:00.260     0     0 I TI-SmartPA: tas25xx_get_q_common, channel=1
03-13 12:47:00.260     0     0 I TI-SmartPA: tas25xx_get_q_left: Getting Q 0
03-13 12:47:00.260     0     0 I TI-SmartPA: tas25xx_get_tv_common, channel=1
03-13 12:47:00.260     0     0 I TI-SmartPA: tas25xx_get_tv_left: Getting Tv 0
03-13 12:47:00.261     0     0 I TI-SmartPA: tas25xx_smartamp_enable_get: case 0(0=DISABLE, 1=ENABLE)
03-13 12:47:00.261     0     0 I TI-SmartPA: tas25xx_smartamp_bypass_get: case 0
03-13 12:47:00.273     0     0 I         : tas2562 tas2562: tas2562_get_left_speaker_switch, p_u_control = 0
03-13 12:47:00.273     0     0 I         : tas2562 tas2562: tas2562_get_right_speaker_switch, p_u_control = 0
03-13 12:47:00.273     0     0 E msm_ext_disp_update_audio_ops: Display not found (EXT_DISPLAY_TYPE_DP) ctld (0) stream (0)
03-13 12:47:00.273     0     0 E msm_ext_disp_update_audio_ops: Display not found (EXT_DISPLAY_TYPE_DP) ctld (0) stream (0)
03-13 12:47:00.273     0     0 E msm_ext_disp_update_audio_ops: Display not found (EXT_DISPLAY_TYPE_DP) ctld (0) stream (0)
03-13 12:47:00.273     0     0 E msm_ext_disp_update_audio_ops: Display not found (EXT_DISPLAY_TYPE_DP) ctld (0) stream (0)
03-13 12:47:00.273     0     0 E msm_ext_disp_update_audio_ops: Display not found (EXT_DISPLAY_TYPE_DP) ctld (0) stream (0)
03-13 12:47:00.274     0     0 E msm_ext_disp_update_audio_ops: Display not found (EXT_DISPLAY_TYPE_DP) ctld (0) stream (0)
03-13 12:47:00.274     0     0 E msm_ext_disp_update_audio_ops: Display not found (EXT_DISPLAY_TYPE_DP) ctld (0) stream (0)
03-13 12:47:00.274     0     0 E msm_ext_disp_update_audio_ops: Display not found (EXT_DISPLAY_TYPE_DP) ctld (0) stream (0)
03-13 12:47:00.274     0     0 E msm-ext-disp-audio-codec-rx soc: qcom,msm-ext-disp:qcom,msm-ext-disp-audio-codec-rx: msm_ext_disp_audio_type_get: get_audio_edid_blk() or get_intf_id is NULL
03-13 12:47:00.274     0     0 E msm_ext_disp_update_audio_ops: Display not found (EXT_DISPLAY_TYPE_DP) ctld (0) stream (0)
03-13 12:47:00.274     0     0 E msm_ext_disp_update_audio_ops: Display not found (EXT_DISPLAY_TYPE_DP) ctld (0) stream (0)
03-13 12:47:00.274     0     0 E msm-ext-disp-audio-codec-rx soc: qcom,msm-ext-disp:qcom,msm-ext-disp-audio-codec-rx: msm_ext_disp_audio_type_get: get_audio_edid_blk() or get_intf_id is NULL
03-13 12:47:00.329     0     0 E         : msm_pcm_volume_ctl_get substream not found
03-13 12:47:00.517     0     0 E init    : Control message: Could not find 'android.frameworks.sensorservice@1.0::ISensorManager/default' for ctl.interface_start from pid: 556 (/system/bin/hwservicemanager)
03-13 12:47:00.728     0     0 E wcdcal_hwdep_ioctl_shared: codec didn't set this 0!!
03-13 12:47:00.731     0     0 E wcdcal_hwdep_ioctl_shared: codec didn't set this 3!!
03-13 12:47:00.808     0     0 I init    : starting service 'zygote'...
03-13 12:47:00.809     0     0 I init    : Created socket '/dev/socket/zygote', mode 660, user 0, group 1000
03-13 12:47:00.809     0     0 I init    : Created socket '/dev/socket/usap_pool_primary', mode 660, user 0, group 1000
03-13 12:47:00.814     0     0 I init    : starting service 'zygote_secondary'...
03-13 12:47:00.814     0     0 I init    : Created socket '/dev/socket/zygote_secondary', mode 660, user 0, group 1000
03-13 12:47:00.814     0     0 I init    : Created socket '/dev/socket/usap_pool_secondary', mode 660, user 0, group 1000
03-13 12:47:00.832     0     0 I init    : starting service 'installd'...
03-13 12:47:00.861  1937  1937 I installd: installd firing up
03-13 12:47:00.863  1937  1937 D installd: Assuming that device has multi-user storage layout; upgrade no longer supported
03-13 12:47:00.864  1937  1937 E installd: Failed to setup misc for user 0
03-13 12:47:00.864  1937  1937 E installd: Could not create directories; exiting.
03-13 12:47:00.847     0     0 I init    : Service 'installd' (pid 1937) exited with status 1
03-13 12:47:00.847     0     0 I init    : Sending signal 9 to service 'installd' (pid 1937) process group...
03-13 12:47:00.847     0     0 I libprocessgroup: Successfully killed process cgroup uid 0 pid 1937 in 0ms
03-13 12:47:00.852     0     0 I init    : starting service 'netd'...
03-13 12:47:00.853     0     0 I init    : Created socket '/dev/socket/dnsproxyd', mode 660, user 0, group 3003
03-13 12:47:00.854     0     0 I init    : Created socket '/dev/socket/mdns', mode 660, user 0, group 1000
03-13 12:47:00.855     0     0 I init    : Created socket '/dev/socket/fwmarkd', mode 660, user 0, group 3003
03-13 12:47:00.905     0     0 I init    : starting service 'vendor.ims_rtp_daemon'...
03-13 12:47:00.921     0     0 I init    : Service 'zygote' (pid 1935) exited with status 0
03-13 12:47:00.921     0     0 I init    : Sending signal 9 to service 'zygote' (pid 1935) process group...
03-13 12:47:00.922     0     0 I libprocessgroup: Successfully killed process cgroup uid 0 pid 1935 in 0ms
03-13 12:47:00.923     0     0 I init    : starting service 'exec 29 (/system/bin/vdc volume abort_fuse)'...
03-13 12:47:00.927     0     0 I init    : Command 'write /sys/power/state on' action=onrestart (<Service 'zygote' onrestart>:2) took 1ms and failed: Unable to write to file '/sys/power/state': Unable to write file contents: Invalid argument
03-13 12:47:00.927     0     0 I init    : Sending signal 9 to service 'audioserver' (pid 1874) process group...
03-13 12:47:00.933     0     0 I binder  : 1949:1949 ioctl 40046210 7fe6be4034 returned -22
03-13 12:47:00.933     0     0 D ProcessState: Binder ioctl to enable oneway spam detection failed: Invalid argument
03-13 12:47:00.933     0     0 I libprocessgroup: Successfully killed process cgroup uid 1041 pid 1874 in 5ms
03-13 12:47:00.934     0     0 I init    : Sending signal 9 to service 'cameraserver' (pid 1875) process group...
03-13 12:47:00.934     0     0 D vdc     : Waited 0ms for vold
03-13 12:47:00.939     0     0 I libprocessgroup: Successfully killed process cgroup uid 1047 pid 1875 in 5ms
03-13 12:47:00.942     0     0 I init    : Sending signal 9 to service 'media' (pid 1877) process group...
03-13 12:47:00.948     0     0 I libprocessgroup: Successfully killed process cgroup uid 1013 pid 1877 in 5ms
03-13 12:47:00.949     0     0 I init    : Sending signal 9 to service 'netd' (pid 1941) process group...
03-13 12:47:00.954     0     0 I libprocessgroup: Successfully killed process cgroup uid 0 pid 1941 in 5ms
03-13 12:47:00.956     0     0 I init    : Sending signal 9 to service 'wificond' (pid 1878) process group...
03-13 12:47:00.962     0     0 I libprocessgroup: Successfully killed process cgroup uid 1010 pid 1878 in 5ms
03-13 12:47:00.964     0     0 I init    : Service 'audioserver' (pid 1874) received signal 9
03-13 12:47:00.964     0     0 I init    : Sending signal 9 to service 'vendor.audio-hal' (pid 1876) process group...
03-13 12:47:00.970     0     0 I libprocessgroup: Successfully killed process cgroup uid 1041 pid 1876 in 5ms
03-13 12:47:00.971     0     0 I init    : Command 'restart vendor.audio-hal-4-0-msd' action=onrestart (<Service 'audioserver' onrestart>:2) took 0ms and failed: service vendor.audio-hal-4-0-msd not found
03-13 12:47:00.971     0     0 I init    : Command 'restart audio_proxy_service' action=onrestart (<Service 'audioserver' onrestart>:3) took 0ms and failed: service audio_proxy_service not found
03-13 12:47:00.971     0     0 I init    : Command 'restart vendor.audio-hal-2-0' action=onrestart (<Service 'audioserver' onrestart>:4) took 0ms and failed: service vendor.audio-hal-2-0 not found
03-13 12:47:00.971     0     0 I init    : Command 'restart audio-hal-2-0' action=onrestart (<Service 'audioserver' onrestart>:5) took 0ms and failed: service audio-hal-2-0 not found
03-13 12:47:00.972     0     0 I init    : Service 'cameraserver' (pid 1875) received signal 9
03-13 12:47:00.973     0     0 I init    : Service 'vendor.audio-hal' (pid 1876) received signal 9
03-13 12:47:00.974     0     0 I init    : Service 'media' (pid 1877) received signal 9
03-13 12:47:00.975     0     0 I init    : Service 'wificond' (pid 1878) received signal 9
03-13 12:47:00.975     0     0 I init    : Service 'zygote_secondary' (pid 1936) exited with status 0
03-13 12:47:00.975     0     0 I init    : Sending signal 9 to service 'zygote_secondary' (pid 1936) process group...
03-13 12:47:00.975     0     0 I libprocessgroup: Successfully killed process cgroup uid 0 pid 1936 in 0ms
03-13 12:47:00.977     0     0 I init    : Service 'netd' (pid 1941) received signal 9
03-13 12:47:00.977     0     0 I init    : Service 'exec 29 (/system/bin/vdc volume abort_fuse)' (pid 1949) exited with status 0 oneshot service took 0.052000 seconds in background
03-13 12:47:00.978     0     0 I init    : Sending signal 9 to service 'exec 29 (/system/bin/vdc volume abort_fuse)' (pid 1949) process group...
03-13 12:47:00.978     0     0 I libprocessgroup: Successfully killed process cgroup uid 1000 pid 1949 in 0ms
03-13 12:47:00.978     0     0 I init    : Untracked pid 1948 received signal 9
03-13 12:47:00.978     0     0 I init    : Untracked pid 1950 received signal 9
03-13 12:47:00.979     0     0 I init    : processing action (init.svc.media=*) from (/system/etc/init/mediaserver.rc:1)
03-13 12:47:00.980     0     0 I init    : processing action (init.svc.media=*) from (/system/etc/init/mediaserver.rc:1)
03-13 12:47:01.100  1266  1266 E storaged: getService package_native failed
03-13 12:47:01.106  1266  1962 I storaged: storaged: Start
03-13 12:47:01.238     0     0 I init    : starting service 'gatekeeperd'...
03-13 12:47:01.261     0     0 E diag    : In diag_ioctl_set_buffering_mode, peripheral 3 doesn't support buffering
03-13 12:47:01.267     0     0 I init    : Service 'gatekeeperd' (pid 1964) exited with status 1
03-13 12:47:01.267     0     0 I init    : Sending signal 9 to service 'gatekeeperd' (pid 1964) process group...
03-13 12:47:01.267     0     0 I libprocessgroup: Successfully killed process cgroup uid 1000 pid 1964 in 0ms
03-13 12:47:01.520     0     0 E init    : Control message: Could not find 'android.frameworks.sensorservice@1.0::ISensorManager/default' for ctl.interface_start from pid: 556 (/system/bin/hwservicemanager)
03-13 12:47:02.400     0     0 I pm6150_charger: smblib_set_prop_system_temp_level: thermal level:6, batt temp:315, thermal_levels:16chg->system_temp_level:2, charger_type:4
03-13 12:47:02.400     0     0 I         : smblib_set_prop_system_temp_level val=6, chg->system_temp_level=2, LctThermal=0, lct_backlight_off= 0, IsInCall=0
03-13 12:47:02.400     0     0 I smblib_set_prop_system_temp_level intval: 6 system temp level:6 thermal_levels:16
03-13 12:47:02.400     0     0 I         : thermal_icl_ua is 1800000, chg->system_temp_level: 6
03-13 12:47:02.400     0     0 I         : thermal_fcc_ua is 0
03-13 12:47:02.521     0     0 E init    : Control message: Could not find 'android.frameworks.sensorservice@1.0::ISensorManager/default' for ctl.interface_start from pid: 556 (/system/bin/hwservicemanager)
03-13 12:47:03.323  1659  1659 I imsrcsd : getAndroidPropValue : vendor.ims.modem.multisub.cap[2]
03-13 12:47:03.323  1659  1659 I imsrcsd : Uce Service HAL  detected modemVersion[2]
03-13 12:47:03.324  1659  1659 I imsrcsd : Uce Service HAL  loading lib-imsrcs-v2
03-13 12:47:03.328     0     0 I icnss   : WLAN FW is ready: 0xd87
03-13 12:47:03.332     0     0 I ueventd : firmware: loading 'wlan/qca_cld/WCNSS_qcom_cfg.ini' for '/devices/virtual/firmware/wlan!qca_cld!WCNSS_qcom_cfg.ini'
03-13 12:47:03.357  1659  1659 I Diag_Lib: StartImsService
03-13 12:47:03.358  1659  1659 I imsrcsd : ImsServiceMain startService[1]
03-13 12:47:03.334     0     0 I ueventd : loading /devices/virtual/firmware/wlan!qca_cld!WCNSS_qcom_cfg.ini took 2ms
03-13 12:47:03.336     0     0 E ipa3_uc_reg_rdyCB: 3131 bad parm. inout=0000000000000000
03-13 12:47:03.336     0     0 E selinux : SELinux:  Could not stat /sys/devices/platform/soc/18800000.qcom,icnss/wakeup/wakeup75: No such file or directory.
03-13 12:47:03.336     0     0 E selinux :  
03-13 12:47:03.363  1659  1971 I HidlServiceManagement: Registered vendor.qti.ims.callinfo@1.0::IService/default (start delay of 5062ms)
03-13 12:47:03.368  1659  1971 I HidlServiceManagement: Registered vendor.qti.ims.factory@1.0::IImsFactory/default (start delay of 5068ms)
03-13 12:47:03.368  1659  1971 I imsrcsd : ImsServiceMain Running..
03-13 12:47:03.418     0     0 E ipa3_cfg_ep_ctrl: 5034 pipe setting delay is not supported
03-13 12:47:03.419     0     0 E ipa3_connect_gsi_wdi_pipe: 1551 evt ring len: 16384
03-13 12:47:03.419     0     0 E ipa3_connect_gsi_wdi_pipe: 1552 element size: 8
03-13 12:47:03.419     0     0 E ipa3_wdi2_gsi_alloc_channel_ring: 1136 Client is PROD
03-13 12:47:03.419     0     0 E ipa3_connect_gsi_wdi_pipe: 1565 UPDATE_RI_MODERATION_THRESHOLD: 2048
03-13 12:47:03.419     0     0 E ipa3_connect_gsi_wdi_pipe: 1551 evt ring len: 32768
03-13 12:47:03.419     0     0 E ipa3_connect_gsi_wdi_pipe: 1552 element size: 16
03-13 12:47:03.419     0     0 E ipa3_wdi2_gsi_alloc_channel_ring: 1140 Client is CONS
03-13 12:47:03.419     0     0 E ipa3_connect_gsi_wdi_pipe: 1565 UPDATE_RI_MODERATION_THRESHOLD: 2048
03-13 12:47:03.420     0     0 E cnss_utils: WLAN MAC address is not set, type 0
03-13 12:47:03.423     0     0 I ueventd : firmware: loading 'wlan/qca_cld/wlan_mac.bin' for '/devices/platform/soc/18800000.qcom,icnss/firmware/wlan!qca_cld!wlan_mac.bin'
03-13 12:47:03.426     0     0 E firmware wlan!qca_cld!wlan_mac.bin: firmware_loading_store: map pages failed
03-13 12:47:03.426     0     0 E firmware wlan!qca_cld!wlan_mac.bin: _request_firmware_load: firmware state wait timeout: rc = -2
03-13 12:47:03.426     0     0 I ueventd : loading /devices/platform/soc/18800000.qcom,icnss/firmware/wlan!qca_cld!wlan_mac.bin took 2ms
03-13 12:47:03.523     0     0 E init    : Control message: Could not find 'android.frameworks.sensorservice@1.0::ISensorManager/default' for ctl.interface_start from pid: 556 (/system/bin/hwservicemanager)
03-13 12:47:04.525     0     0 E init    : Control message: Could not find 'android.frameworks.sensorservice@1.0::ISensorManager/default' for ctl.interface_start from pid: 556 (/system/bin/hwservicemanager)
03-13 12:47:04.577     0     0 I init    : starting service 'audioserver'...
03-13 12:47:04.582     0     0 I init    : starting service 'cameraserver'...
03-13 12:47:04.585     0     0 I init    : processing action (init.svc.audioserver=running) from (/system/etc/init/audioserver.rc:38)
03-13 12:47:04.586     0     0 I init    : starting service 'vendor.audio-hal'...
03-13 12:47:04.587     0     0 I init    : Created socket '/dev/socket/audio_hw_socket', mode 666, user 1000, group 1000
03-13 12:47:04.591     0     0 I init    : starting service 'media'...
03-13 12:47:04.595     0     0 I init    : Command 'start vendor.audio-hal-4-0-msd' action=init.svc.audioserver=running (/system/etc/init/audioserver.rc:40) took 0ms and failed: service vendor.audio-hal-4-0-msd not found
03-13 12:47:04.595     0     0 I init    : Command 'start audio_proxy_service' action=init.svc.audioserver=running (/system/etc/init/audioserver.rc:41) took 0ms and failed: service audio_proxy_service not found
03-13 12:47:04.595     0     0 I init    : Command 'start vendor.audio-hal-2-0' action=init.svc.audioserver=running (/system/etc/init/audioserver.rc:43) took 0ms and failed: service vendor.audio-hal-2-0 not found
03-13 12:47:04.595     0     0 I init    : Command 'start audio-hal-2-0' action=init.svc.audioserver=running (/system/etc/init/audioserver.rc:44) took 0ms and failed: service audio-hal-2-0 not found
03-13 12:47:04.596     0     0 I init    : processing action (init.svc.media=*) from (/system/etc/init/mediaserver.rc:1)
03-13 12:47:04.597     0     0 I init    : processing action (init.svc.mediadrm=running) from (/vendor/etc/init/android.hardware.drm@1.3-service.widevine.rc:1)
03-13 12:47:04.599     0     0 I init    : starting service 'wificond'...
03-13 12:47:04.647  2005  2005 I wificond: wificond is starting up...
03-13 12:47:04.631     0     0 I binder  : 2005:2005 ioctl 40046210 7fc132fec4 returned -22
03-13 12:47:04.654  2005  2005 I HidlServiceManagement: Registered android.system.wifi.keystore@1.0::IKeystore/default
03-13 12:47:04.633     0     0 I binder  : 2002:2002 ioctl 40046210 7fd8fab884 returned -22
03-13 12:47:04.633     0     0 I binder  : 2005:2005 ioctl 40046210 7fc132fe44 returned -22
03-13 12:47:04.634     0     0 I binder  : 2002:2002 ioctl 40046210 7fd8fab8a4 returned -22
03-13 12:47:04.650     0     0 I binder  : 2004:2004 ioctl 40046210 ffb9a418 returned -22
03-13 12:47:04.655     0     0 I binder  : 2004:2004 ioctl 40046210 ffb9a400 returned -22
03-13 12:47:04.656     0     0 I binder  : 2001:2001 ioctl 40046210 7fc4577324 returned -22
03-13 12:47:04.656     0     0 I binder  : 2001:2001 ioctl 40046210 7fc4577344 returned -22
03-13 12:47:05.150     0     0 I init    : starting service 'credstore'...
03-13 12:47:05.184  2023  2023 F libc    : Fatal signal 6 (SIGABRT), code -1 (SI_QUEUE) in tid 2023 (credstore), pid 2023 (credstore)
03-13 12:47:05.193     0     0 E         : msm_qti_pp_get_rms_value_control, back not active to query rms be_idx:3
03-13 12:47:05.206     0     0 E doa_tracking_mon_afe_cb_handler: doa_tracking_mon_resp status: 2 payload size 388
03-13 12:47:05.211     0     0 I logd    : logdr: UID=1076 GID=1076 PID=2026 n tail=0 logMask=8 pid=2023 start=0ns deadline=0ns
03-13 12:47:05.212     0     0 E afe_apr_send_pkt: DSP returned error[ADSP_EBADPARAM]
03-13 12:47:05.212     0     0 E afe_get_doa_tracking_mon: get param port 0xb021 param id[0x1097d] failed -22
03-13 12:47:05.212     0     0 I logd    : logdr: UID=1076 GID=1076 PID=2026 n tail=0 logMask=1 pid=2023 start=0ns deadline=0ns
03-13 12:47:05.212     0     0 E msm_doa_tracking_mon_get: Error getting Doa Tracking Params, err=-22
03-13 12:47:05.240  2026  2026 F DEBUG   : *** *** *** *** *** *** *** *** *** *** *** *** *** *** *** ***
03-13 12:47:05.240  2026  2026 F DEBUG   : Build fingerprint: 'unknown'
03-13 12:47:05.240  2026  2026 F DEBUG   : Revision: '0'
03-13 12:47:05.221     0     0 I core_get_license_status: cmdrsp_license_result.result = 0x15 for module 0x131ff
03-13 12:47:05.240  2026  2026 F DEBUG   : ABI: 'arm64'
03-13 12:47:05.240  2026  2026 F DEBUG   : Timestamp: 1971-03-13 12:47:05.212047496+0000
03-13 12:47:05.241  2026  2026 F DEBUG   : Process uptime: 0s
03-13 12:47:05.241  2026  2026 F DEBUG   : Cmdline: /system/bin/credstore /data/misc/credstore
03-13 12:47:05.241  2026  2026 F DEBUG   : pid: 2023, tid: 2023, name: credstore  >>> /system/bin/credstore <<<
03-13 12:47:05.241  2026  2026 F DEBUG   : uid: 1076
03-13 12:47:05.241  2026  2026 F DEBUG   : signal 6 (SIGABRT), code -1 (SI_QUEUE), fault addr --------
03-13 12:47:05.242  2026  2026 F DEBUG   : Abort message: 'Check failed: chdir(data_dir.c_str()) != -1 chdir: /data/misc/credstore: No such file or directory'
03-13 12:47:05.242  2026  2026 F DEBUG   :     x0  0000000000000000  x1  00000000000007e7  x2  0000000000000006  x3  0000007fe70360a0
03-13 12:47:05.242  2026  2026 F DEBUG   :     x4  0000000000000031  x5  0000000000000031  x6  0000000000000031  x7  0000000000000000
03-13 12:47:05.242  2026  2026 F DEBUG   :     x8  00000000000000f0  x9  ce41861106c7ca58  x10 0000000000000000  x11 ffffff80ffffffdf
03-13 12:47:05.242  2026  2026 F DEBUG   :     x12 0000000000000001  x13 0000000000000070  x14 0000007fe7034fb0  x15 0000000000000000
03-13 12:47:05.243  2026  2026 F DEBUG   :     x16 0000007b3ae72050  x17 0000007b3ae4eeb0  x18 0000007b408a0000  x19 00000000000007e7
03-13 12:47:05.243  2026  2026 F DEBUG   :     x20 00000000000007e7  x21 00000000ffffffff  x22 0000007b3fff1000  x23 0000000000000000
03-13 12:47:05.243  2026  2026 F DEBUG   :     x24 0000000000000000  x25 0000000000000000  x26 0000000000000000  x27 0000000000000000
03-13 12:47:05.243  2026  2026 F DEBUG   :     x28 0000000000000000  x29 0000007fe7036120
03-13 12:47:05.243  2026  2026 F DEBUG   :     lr  0000007b3ae01ba0  sp  0000007fe7036080  pc  0000007b3ae01bcc  pst 0000000000001000
03-13 12:47:05.243  2026  2026 F DEBUG   : backtrace:
03-13 12:47:05.244  2026  2026 F DEBUG   :       #00 pc 000000000004fbcc  /apex/com.android.runtime/lib64/bionic/libc.so (abort+164) (BuildId: ba489d4985c0cf173209da67405662f9)
03-13 12:47:05.244  2026  2026 F DEBUG   :       #01 pc 0000000000013eb4  /system/lib64/libbase.so (android::base::DefaultAborter(char const*)+12) (BuildId: 225cc3496ad7ce1867ed9bd3357de134)
03-13 12:47:05.244  2026  2026 F DEBUG   :       #02 pc 000000000001595c  /system/lib64/libbase.so (android::base::SetAborter(std::__1::function<void (char const*)>&&)::$_3::__invoke(char const*)+76) (BuildId: 225cc3496ad7ce1867ed9bd3357de134)
03-13 12:47:05.244  2026  2026 F DEBUG   :       #03 pc 0000000000014f8c  /system/lib64/libbase.so (android::base::LogMessage::~LogMessage()+364) (BuildId: 225cc3496ad7ce1867ed9bd3357de134)
03-13 12:47:05.244  2026  2026 F DEBUG   :       #04 pc 000000000000f760  /system/bin/credstore (main.cfi+1156) (BuildId: 56cdfadc76f85ca12f5abec75b8dc54c)
03-13 12:47:05.245  2026  2026 F DEBUG   :       #05 pc 00000000000488c8  /apex/com.android.runtime/lib64/bionic/libc.so (__libc_init+96) (BuildId: ba489d4985c0cf173209da67405662f9)
03-13 12:47:05.223     0     0 I         : tas2562 tas2562: value: 0x2, tas2562iv_enable 1
03-13 12:47:05.224     0     0 I TI-SmartPA: tas25xx_smartamp_debug_enable_get: case 0
03-13 12:47:05.224     0     0 I TI-SmartPA: tas25xx_get_profile: getting profile NONE
03-13 12:47:05.226     0     0 I TI-SmartPA: tas25xx_get_re_common, channel=1
03-13 12:47:05.226     0     0 I TI-SmartPA: tas25xx_get_re_left: Getting Re 0
03-13 12:47:05.226     0     0 I TI-SmartPA: tas25xx_get_f0_common, channel=1
03-13 12:47:05.226     0     0 I TI-SmartPA: tas25xx_get_f0_left: Getting F0 val=0
03-13 12:47:05.226     0     0 I TI-SmartPA: tas25xx_get_q_common, channel=1
03-13 12:47:05.226     0     0 I TI-SmartPA: tas25xx_get_q_left: Getting Q 0
03-13 12:47:05.226     0     0 I TI-SmartPA: tas25xx_get_tv_common, channel=1
03-13 12:47:05.226     0     0 I TI-SmartPA: tas25xx_get_tv_left: Getting Tv 0
03-13 12:47:05.227     0     0 I TI-SmartPA: tas25xx_smartamp_enable_get: case 0(0=DISABLE, 1=ENABLE)
03-13 12:47:05.227     0     0 I TI-SmartPA: tas25xx_smartamp_bypass_get: case 0
03-13 12:47:05.232     0     0 I init    : Untracked pid 2028 exited with status 0
03-13 12:47:05.232     0     0 I init    : Untracked pid 2026 exited with status 0
