03-13 12:46:54.248     0     0 I init    : Created socket '/dev/socket/fwmarkd', mode 660, user 0, group 3003
03-13 12:46:54.251     0     0 I init    : starting service 'zygote'...
03-13 12:46:54.252     0     0 I init    : Created socket '/dev/socket/zygote', mode 660, user 0, group 1000
03-13 12:46:54.253     0     0 I init    : Created socket '/dev/socket/usap_pool_primary', mode 660, user 0, group 1000
03-13 12:46:54.256     0     0 I init    : starting service 'zygote_secondary'...
03-13 12:46:54.257     0     0 I init    : Created socket '/dev/socket/zygote_secondary', mode 660, user 0, group 1000
03-13 12:46:54.257     0     0 I init    : Created socket '/dev/socket/usap_pool_secondary', mode 660, user 0, group 1000
03-13 12:46:54.261     0     0 I init    : processing action (firmware_mounts_complete) from (/system/etc/init/hw/init.rc:464)
03-13 12:46:54.262     0     0 I init    : processing action (early-boot) from (/vendor/etc/init/hw/init.qcom.rc:82)
03-13 12:46:54.270     0     0 I ueventd : firmware: loading 'adsp.mdt' for '/devices/platform/soc/62400000.qcom,lpass/firmware/adsp.mdt'
03-13 12:46:54.274     0     0 I subsys-pil-tz 62400000.qcom,lpass: adsp: loading from 0x0000000091100000 to 0x0000000093900000
03-13 12:46:54.274     0     0 I ueventd : loading /devices/platform/soc/62400000.qcom,lpass/firmware/adsp.mdt took 3ms
03-13 12:46:54.276     0     0 I ueventd : firmware: loading 'cdsp.mdt' for '/devices/platform/soc/8300000.qcom,turing/firmware/cdsp.mdt'
03-13 12:46:54.277     0     0 I binder  : 840:840 ioctl 40046210 7fe27be244 returned -22
03-13 12:46:54.278     0     0 I subsys-pil-tz 8300000.qcom,turing: cdsp: loading from 0x000000008f300000 to 0x0000000091100000
03-13 12:46:54.279     0     0 I ueventd : loading /devices/platform/soc/8300000.qcom,turing/firmware/cdsp.mdt took 2ms
03-13 12:46:54.324     0     0 I ueventd : firmware: loading 'adsp.b02' for '/devices/platform/soc/62400000.qcom,lpass/firmware/adsp.b02'
03-13 12:46:54.326     0     0 I ueventd : loading /devices/platform/soc/62400000.qcom,lpass/firmware/adsp.b02 took 2ms
03-13 12:46:54.330     0     0 I ueventd : firmware: loading 'adsp.b03' for '/devices/platform/soc/62400000.qcom,lpass/firmware/adsp.b03'
03-13 12:46:54.334     0     0 I ueventd : loading /devices/platform/soc/62400000.qcom,lpass/firmware/adsp.b03 took 4ms
03-13 12:46:54.337     0     0 I ueventd : firmware: loading 'adsp.b04' for '/devices/platform/soc/62400000.qcom,lpass/firmware/adsp.b04'
03-13 12:46:54.342     0     0 I ueventd : firmware: loading 'adsp.b05' for '/devices/platform/soc/62400000.qcom,lpass/firmware/adsp.b05'
03-13 12:46:54.343     0     0 I ueventd : loading /devices/platform/soc/62400000.qcom,lpass/firmware/adsp.b04 took 6ms
03-13 12:46:54.346     0     0 I ueventd : firmware: loading 'adsp.b06' for '/devices/platform/soc/62400000.qcom,lpass/firmware/adsp.b06'
03-13 12:46:54.347     0     0 I ueventd : loading /devices/platform/soc/62400000.qcom,lpass/firmware/adsp.b06 took 0ms
03-13 12:46:54.349     0     0 I ueventd : loading /devices/platform/soc/62400000.qcom,lpass/firmware/adsp.b05 took 7ms
03-13 12:46:54.351     0     0 I ueventd : firmware: loading 'adsp.b07' for '/devices/platform/soc/62400000.qcom,lpass/firmware/adsp.b07'
03-13 12:46:54.351     0     0 I ueventd : loading /devices/platform/soc/62400000.qcom,lpass/firmware/adsp.b07 took 0ms
03-13 12:46:54.355     0     0 I ueventd : firmware: loading 'adsp.b08' for '/devices/platform/soc/62400000.qcom,lpass/firmware/adsp.b08'
03-13 12:46:54.356     0     0 I ueventd : loading /devices/platform/soc/62400000.qcom,lpass/firmware/adsp.b08 took 1ms
03-13 12:46:54.359     0     0 I ueventd : firmware: loading 'adsp.b09' for '/devices/platform/soc/62400000.qcom,lpass/firmware/adsp.b09'
03-13 12:46:54.360     0     0 I ueventd : loading /devices/platform/soc/62400000.qcom,lpass/firmware/adsp.b09 took 1ms
03-13 12:46:54.365     0     0 I ueventd : firmware: loading 'adsp.b11' for '/devices/platform/soc/62400000.qcom,lpass/firmware/adsp.b11'
03-13 12:46:54.367     0     0 I ueventd : loading /devices/platform/soc/62400000.qcom,lpass/firmware/adsp.b11 took 1ms
03-13 12:46:54.367     0     0 I ueventd : firmware: loading 'adsp.b10' for '/devices/platform/soc/62400000.qcom,lpass/firmware/adsp.b10'
03-13 12:46:54.368     0     0 I ueventd : firmware: loading 'adsp.b12' for '/devices/platform/soc/62400000.qcom,lpass/firmware/adsp.b12'
03-13 12:46:54.368     0     0 I ueventd : loading /devices/platform/soc/62400000.qcom,lpass/firmware/adsp.b10 took 1ms
03-13 12:46:54.370     0     0 I ueventd : loading /devices/platform/soc/62400000.qcom,lpass/firmware/adsp.b12 took 1ms
03-13 12:46:54.371     0     0 I ueventd : firmware: loading 'adsp.b14' for '/devices/platform/soc/62400000.qcom,lpass/firmware/adsp.b14'
03-13 12:46:54.373     0     0 I ueventd : firmware: loading 'adsp.b15' for '/devices/platform/soc/62400000.qcom,lpass/firmware/adsp.b15'
03-13 12:46:54.374     0     0 I ueventd : loading /devices/platform/soc/62400000.qcom,lpass/firmware/adsp.b15 took 1ms
03-13 12:46:54.376     0     0 I ueventd : firmware: loading 'adsp.b13' for '/devices/platform/soc/62400000.qcom,lpass/firmware/adsp.b13'
03-13 12:46:54.376     0     0 I ueventd : firmware: loading 'adsp.b16' for '/devices/platform/soc/62400000.qcom,lpass/firmware/adsp.b16'
03-13 12:46:54.377     0     0 I ueventd : firmware: loading 'adsp.b17' for '/devices/platform/soc/62400000.qcom,lpass/firmware/adsp.b17'
03-13 12:46:54.379     0     0 I ueventd : firmware: loading 'adsp.b18' for '/devices/platform/soc/62400000.qcom,lpass/firmware/adsp.b18'
03-13 12:46:54.379     0     0 I ueventd : loading /devices/platform/soc/62400000.qcom,lpass/firmware/adsp.b14 took 8ms
03-13 12:46:54.379     0     0 I ueventd : loading /devices/platform/soc/62400000.qcom,lpass/firmware/adsp.b16 took 2ms
03-13 12:46:54.380     0     0 I ueventd : loading /devices/platform/soc/62400000.qcom,lpass/firmware/adsp.b18 took 1ms
03-13 12:46:54.380     0     0 I ueventd : firmware: loading 'adsp.b19' for '/devices/platform/soc/62400000.qcom,lpass/firmware/adsp.b19'
03-13 12:46:54.380     0     0 I ueventd : loading /devices/platform/soc/62400000.qcom,lpass/firmware/adsp.b17 took 3ms
03-13 12:46:54.381     0     0 I ueventd : loading /devices/platform/soc/62400000.qcom,lpass/firmware/adsp.b13 took 5ms
03-13 12:46:54.382     0     0 I ueventd : firmware: loading 'adsp.b21' for '/devices/platform/soc/62400000.qcom,lpass/firmware/adsp.b21'
03-13 12:46:54.382     0     0 I ueventd : loading /devices/platform/soc/62400000.qcom,lpass/firmware/adsp.b19 took 2ms
03-13 12:46:54.384     0     0 I ueventd : loading /devices/platform/soc/62400000.qcom,lpass/firmware/adsp.b21 took 2ms
03-13 12:46:54.386     0     0 I ueventd : firmware: loading 'adsp.b22' for '/devices/platform/soc/62400000.qcom,lpass/firmware/adsp.b22'
03-13 12:46:54.387     0     0 I ueventd : loading /devices/platform/soc/62400000.qcom,lpass/firmware/adsp.b22 took 1ms
03-13 12:46:54.391     0     0 I ueventd : firmware: loading 'adsp.b25' for '/devices/platform/soc/62400000.qcom,lpass/firmware/adsp.b25'
03-13 12:46:54.392     0     0 I ueventd : loading /devices/platform/soc/62400000.qcom,lpass/firmware/adsp.b25 took 1ms
03-13 12:46:54.392     0     0 I ueventd : firmware: loading 'adsp.b20' for '/devices/platform/soc/62400000.qcom,lpass/firmware/adsp.b20'
03-13 12:46:54.392     0     0 I ueventd : firmware: loading 'adsp.b23' for '/devices/platform/soc/62400000.qcom,lpass/firmware/adsp.b23'
03-13 12:46:54.393     0     0 I ueventd : firmware: loading 'adsp.b24' for '/devices/platform/soc/62400000.qcom,lpass/firmware/adsp.b24'
03-13 12:46:54.394     0     0 I ueventd : firmware: loading 'adsp.b26' for '/devices/platform/soc/62400000.qcom,lpass/firmware/adsp.b26'
03-13 12:46:54.394     0     0 I ueventd : loading /devices/platform/soc/62400000.qcom,lpass/firmware/adsp.b20 took 2ms
03-13 12:46:54.396     0     0 I ueventd : loading /devices/platform/soc/62400000.qcom,lpass/firmware/adsp.b24 took 2ms
03-13 12:46:54.397     0     0 I ueventd : firmware: loading 'adsp.b27' for '/devices/platform/soc/62400000.qcom,lpass/firmware/adsp.b27'
03-13 12:46:54.397     0     0 I ueventd : loading /devices/platform/soc/62400000.qcom,lpass/firmware/adsp.b26 took 3ms
03-13 12:46:54.399     0     0 I ueventd : firmware: loading 'adsp.b28' for '/devices/platform/soc/62400000.qcom,lpass/firmware/adsp.b28'
03-13 12:46:54.401     0     0 I ueventd : firmware: loading 'adsp.b29' for '/devices/platform/soc/62400000.qcom,lpass/firmware/adsp.b29'
03-13 12:46:54.402     0     0 I ueventd : loading /devices/platform/soc/62400000.qcom,lpass/firmware/adsp.b27 took 5ms
03-13 12:46:54.403     0     0 I ueventd : firmware: loading 'adsp.b30' for '/devices/platform/soc/62400000.qcom,lpass/firmware/adsp.b30'
03-13 12:46:54.405     0     0 I ueventd : firmware: loading 'adsp.b31' for '/devices/platform/soc/62400000.qcom,lpass/firmware/adsp.b31'
03-13 12:46:54.406     0     0 I ueventd : loading /devices/platform/soc/62400000.qcom,lpass/firmware/adsp.b28 took 7ms
03-13 12:46:54.407     0     0 I ueventd : firmware: loading 'cdsp.b02' for '/devices/platform/soc/8300000.qcom,turing/firmware/cdsp.b02'
03-13 12:46:54.408     0     0 I ueventd : loading /devices/platform/soc/62400000.qcom,lpass/firmware/adsp.b29 took 7ms
03-13 12:46:54.409     0     0 I ueventd : firmware: loading 'cdsp.b03' for '/devices/platform/soc/8300000.qcom,turing/firmware/cdsp.b03'
03-13 12:46:54.409     0     0 I ueventd : loading /devices/platform/soc/62400000.qcom,lpass/firmware/adsp.b30 took 6ms
03-13 12:46:54.410     0     0 I ueventd : loading /devices/platform/soc/62400000.qcom,lpass/firmware/adsp.b31 took 5ms
03-13 12:46:54.411     0     0 I ueventd : firmware: loading 'cdsp.b04' for '/devices/platform/soc/8300000.qcom,turing/firmware/cdsp.b04'
03-13 12:46:54.412     0     0 I ueventd : loading /devices/platform/soc/8300000.qcom,turing/firmware/cdsp.b02 took 5ms
03-13 12:46:54.413     0     0 I ueventd : firmware: loading 'cdsp.b05' for '/devices/platform/soc/8300000.qcom,turing/firmware/cdsp.b05'
03-13 12:46:54.414     0     0 I ueventd : loading /devices/platform/soc/8300000.qcom,turing/firmware/cdsp.b03 took 4ms
03-13 12:46:54.415     0     0 I ueventd : loading /devices/platform/soc/8300000.qcom,turing/firmware/cdsp.b04 took 3ms
03-13 12:46:54.415     0     0 I ueventd : firmware: loading 'adsp.b32' for '/devices/platform/soc/62400000.qcom,lpass/firmware/adsp.b32'
03-13 12:46:54.417     0     0 I ueventd : firmware: loading 'cdsp.b08' for '/devices/platform/soc/8300000.qcom,turing/firmware/cdsp.b08'
03-13 12:46:54.419     0     0 I ueventd : loading /devices/platform/soc/62400000.qcom,lpass/firmware/adsp.b32 took 3ms
03-13 12:46:54.419     0     0 I ueventd : firmware: loading 'cdsp.b06' for '/devices/platform/soc/8300000.qcom,turing/firmware/cdsp.b06'
03-13 12:46:54.422     0     0 I ueventd : firmware: loading 'cdsp.b10' for '/devices/platform/soc/8300000.qcom,turing/firmware/cdsp.b10'
03-13 12:46:54.422     0     0 I ueventd : loading /devices/platform/soc/8300000.qcom,turing/firmware/cdsp.b08 took 4ms
03-13 12:46:54.424     0     0 I ueventd : loading /devices/platform/soc/8300000.qcom,turing/firmware/cdsp.b06 took 4ms
03-13 12:46:54.426     0     0 I ueventd : loading /devices/platform/soc/8300000.qcom,turing/firmware/cdsp.b10 took 4ms
03-13 12:46:54.429     0     0 I ueventd : loading /devices/platform/soc/62400000.qcom,lpass/firmware/adsp.b23 took 36ms
03-13 12:46:54.429     0     0 I ueventd : loading /devices/platform/soc/8300000.qcom,turing/firmware/cdsp.b05 took 15ms
03-13 12:46:54.458     0     0 I binder  : 841:841 ioctl 40046210 7ff7114a64 returned -22
03-13 12:46:54.461     0     0 I binder  : 841:841 ioctl 40046210 7ff7114c74 returned -22
03-13 12:46:54.527     0     0 I subsys-pil-tz 62400000.qcom,lpass: adsp: Brought out of reset
03-13 12:46:54.548     0     0 I subsys-pil-tz 8300000.qcom,turing: cdsp: Brought out of reset
03-13 12:46:54.560     0     0 I subsys-pil-tz 8300000.qcom,turing: Subsystem error monitoring/handling services are up
03-13 12:46:54.564     0     0 I init    : Command 'write /sys/kernel/boot_cdsp/boot 1' action=early-boot (/vendor/etc/init/hw/init.qcom.rc:87) took 299ms and succeeded
03-13 12:46:54.564     0     0 I init    : Service 'zygote' (pid 842) exited with status 0
03-13 12:46:54.564     0     0 I init    : Sending signal 9 to service 'zygote' (pid 842) process group...
03-13 12:46:54.565     0     0 I libprocessgroup: Successfully killed process cgroup uid 0 pid 842 in 0ms
03-13 12:46:54.566     0     0 I init    : starting service 'exec 17 (/system/bin/vdc volume abort_fuse)'...
03-13 12:46:54.568     0     0 I subsys-pil-tz 8300000.qcom,turing: cdsp: Power/Clock ready interrupt received
03-13 12:46:54.570     0     0 I init    : Command 'write /sys/power/state on' action=onrestart (<Service 'zygote' onrestart>:2) took 1ms and failed: Unable to write to file '/sys/power/state': Unable to write file contents: Invalid argument
03-13 12:46:54.571     0     0 I init    : starting service 'audioserver'...
03-13 12:46:54.575     0     0 I msm_cdsp_rm soc: qcom,glink:cdsp:qcom,msm_cdsprm_rpmsg:qcom,msm_cdsp_rm: CDSP request manager driver probe called
03-13 12:46:54.576     0     0 I init    : starting service 'cameraserver'...
03-13 12:46:54.577     0     0 I adsprpc : fastrpc_rpmsg_probe: opened rpmsg channel for cdsp
03-13 12:46:54.580     0     0 I fastcvpd_rpmsg_probe: Successfully probed. cdsp_state=0 video_shutdown=0
03-13 12:46:54.581     0     0 I init    : starting service 'media'...
03-13 12:46:54.588     0     0 I init    : Sending signal 9 to service 'netd' (pid 841) process group...
03-13 12:46:54.592     0     0 I binder  : 941:941 ioctl 40046210 7fffc653e4 returned -22
03-13 12:46:54.592     0     0 D ProcessState: Binder ioctl to enable oneway spam detection failed: Invalid argument
03-13 12:46:54.593     0     0 D vdc     : Waited 0ms for vold
03-13 12:46:54.594     0     0 I libprocessgroup: Successfully killed process cgroup uid 0 pid 841 in 5ms
03-13 12:46:54.594     0     0 I init    : starting service 'wificond'...
03-13 12:46:54.597     0     0 I init    : Service 'netd' (pid 841) received signal 9
03-13 12:46:54.597     0     0 I init    : Sending signal 9 to service 'zygote_secondary' (pid 843) process group...
03-13 12:46:54.603     0     0 I libprocessgroup: Successfully killed process cgroup uid 0 pid 843 in 5ms
03-13 12:46:54.607     0     0 I init    : Service 'zygote_secondary' (pid 843) received signal 9
03-13 12:46:54.610     0     0 I init    : Service 'exec 17 (/system/bin/vdc volume abort_fuse)' (pid 941) exited with status 0 oneshot service took 0.041000 seconds in background
03-13 12:46:54.610     0     0 I init    : Sending signal 9 to service 'exec 17 (/system/bin/vdc volume abort_fuse)' (pid 941) process group...
03-13 12:46:54.610     0     0 I libprocessgroup: Successfully killed process cgroup uid 1000 pid 941 in 0ms
03-13 12:46:54.610     0     0 I init    : Untracked pid 876 received signal 9
03-13 12:46:54.610     0     0 I init    : Untracked pid 892 received signal 9
03-13 12:46:54.612     0     0 W NPU_WARN: npu_enable_sys_cache: 985 unable to init sys cache
03-13 12:46:54.614     0     0 I ueventd : firmware: loading 'npu.mdt' for '/devices/platform/soc/9800000.qcom,npu/firmware/npu.mdt'
03-13 12:46:54.614     0     0 I init    : starting service 'exec 18 (/vendor/bin/init.qcom.early_boot.sh)'...
03-13 12:46:54.616     0     0 I init    : SVC_EXEC service 'exec 18 (/vendor/bin/init.qcom.early_boot.sh)' pid 948 (uid 0 gid 0+0 context u:r:vendor_qti_init_shell:s0) started; waiting...
03-13 12:46:54.617     0     0 I subsys-pil-tz 9800000.qcom,npu: npu: loading from 0x000000008e900000 to 0x000000008ee00000
03-13 12:46:54.617     0     0 I ueventd : loading /devices/platform/soc/9800000.qcom,npu/firmware/npu.mdt took 3ms
03-13 12:46:54.630     0     0 I ueventd : firmware: loading 'npu.b02' for '/devices/platform/soc/9800000.qcom,npu/firmware/npu.b02'
03-13 12:46:54.632     0     0 I ueventd : loading /devices/platform/soc/9800000.qcom,npu/firmware/npu.b02 took 1ms
03-13 12:46:54.638     0     0 I ueventd : firmware: loading 'npu.b03' for '/devices/platform/soc/9800000.qcom,npu/firmware/npu.b03'
03-13 12:46:54.638   946   946 I wificond: wificond is starting up...
03-13 12:46:54.640     0     0 I ueventd : firmware: loading 'npu.b04' for '/devices/platform/soc/9800000.qcom,npu/firmware/npu.b04'
03-13 12:46:54.641     0     0 I binder  : 946:946 ioctl 40046210 7fc09cbc64 returned -22
03-13 12:46:54.641     0     0 I ueventd : loading /devices/platform/soc/9800000.qcom,npu/firmware/npu.b03 took 2ms
03-13 12:46:54.641     0     0 I ueventd : firmware: loading 'npu.b05' for '/devices/platform/soc/9800000.qcom,npu/firmware/npu.b05'
03-13 12:46:54.643     0     0 I ueventd : firmware: loading 'npu.b06' for '/devices/platform/soc/9800000.qcom,npu/firmware/npu.b06'
03-13 12:46:54.644     0     0 I ueventd : loading /devices/platform/soc/9800000.qcom,npu/firmware/npu.b06 took 1ms
03-13 12:46:54.649   946   946 I HidlServiceManagement: Registered android.system.wifi.keystore@1.0::IKeystore/default
03-13 12:46:54.645     0     0 I ueventd : loading /devices/platform/soc/9800000.qcom,npu/firmware/npu.b04 took 5ms
03-13 12:46:54.645     0     0 I binder  : 946:946 ioctl 40046210 7fc09cbbe4 returned -22
03-13 12:46:54.646     0     0 I ueventd : loading /devices/platform/soc/9800000.qcom,npu/firmware/npu.b05 took 4ms
03-13 12:46:54.658     0     0 I subsys-pil-tz 9800000.qcom,npu: npu: Brought out of reset
03-13 12:46:54.681     0     0 I NPU_INFO: npu_get_fw_caps: 242 fw caps 0:2006
03-13 12:46:54.681     0     0 W NPU_WARN: host_session_msg_hdlr: 1947 handle npu session msg when FW is disabled
03-13 12:46:54.681     0     0 I NPU_INFO: npu_get_fw_caps: 242 fw caps 1:5
03-13 12:46:54.681     0     0 I NPU_INFO: npu_get_fw_caps: 242 fw caps 2:0
03-13 12:46:54.681     0     0 I NPU_INFO: npu_get_fw_caps: 242 fw caps 3:0
03-13 12:46:54.681     0     0 I NPU_INFO: npu_get_fw_caps: 242 fw caps 4:0
03-13 12:46:54.681     0     0 I NPU_INFO: npu_get_fw_caps: 242 fw caps 5:0
03-13 12:46:54.681     0     0 I NPU_INFO: npu_get_fw_caps: 242 fw caps 6:0
03-13 12:46:54.681     0     0 I NPU_INFO: npu_get_fw_caps: 242 fw caps 7:0
03-13 12:46:54.685     0     0 I subsys-pil-tz 62400000.qcom,lpass: Subsystem error monitoring/handling services are up
03-13 12:46:54.686     0     0 I subsys-pil-tz 62400000.qcom,lpass: adsp: Power/Clock ready interrupt received
03-13 12:46:54.697     0     0 I adsprpc : fastrpc_rpmsg_probe: opened rpmsg channel for adsp
03-13 12:46:54.699     0     0 I apr_tal_rpmsg qcom,glink: adsp.apr_audio_svc.-1.-1: apr_tal_rpmsg_probe: Channel[apr_audio_svc] state[Up]
03-13 12:46:54.700     0     0 I binder  : 944:944 ioctl 40046210 7ffe065534 returned -22
03-13 12:46:54.701     0     0 I binder  : 944:944 ioctl 40046210 7ffe065554 returned -22
03-13 12:46:54.713     0     0 I init    : starting service 'vendor.camera-provider-2-4'...
03-13 12:46:54.717     0     0 I init    : Control message: Processed ctl.interface_start for 'android.hardware.camera.provider@2.4::ICameraProvider/legacy/0' from pid: 556 (/system/bin/hwservicemanager)
03-13 12:46:54.734     0     0 I binder  : 943:943 ioctl 40046210 7ffd570eb4 returned -22
03-13 12:46:54.734     0     0 I binder  : 945:945 ioctl 40046210 ff874728 returned -22
03-13 12:46:54.734     0     0 I binder  : 943:943 ioctl 40046210 7ffd570ed4 returned -22
03-13 12:46:54.739     0     0 I binder  : 945:945 ioctl 40046210 ff874710 returned -22
03-13 12:46:54.761     0     0 E init    : Control message: Could not find 'android.hardware.audio@6.0::IDevicesFactory/default' for ctl.interface_start from pid: 556 (/system/bin/hwservicemanager)
03-13 12:46:54.762     0     0 E init    : Control message: Could not find 'android.hardware.audio@6.0::IDevicesFactory/default' for ctl.interface_start from pid: 556 (/system/bin/hwservicemanager)
03-13 12:46:54.844     0     0 I init    : Service 'exec 18 (/vendor/bin/init.qcom.early_boot.sh)' (pid 948) exited with status 0 waiting took 0.228000 seconds
03-13 12:46:54.844     0     0 I init    : Sending signal 9 to service 'exec 18 (/vendor/bin/init.qcom.early_boot.sh)' (pid 948) process group...
03-13 12:46:54.844     0     0 I libprocessgroup: Successfully killed process cgroup uid 0 pid 948 in 0ms
03-13 12:46:54.845     0     0 I init    : Command 'exec u:r:vendor_qti_init_shell:s0 -- /vendor/bin/init.qti.can.sh' action=early-boot (/vendor/etc/init/hw/init.qcom.rc:91) took 0ms and failed: Could not start exec service: Cannot find '/vendor/bin/init.qti.can.sh': No such file or directory
03-13 12:46:54.846     0     0 E init    : Unable to set property 'ro.sf.lcd_density' from uid:0 gid:0 pid:513: Read-only property was already set
03-13 12:46:54.849     0     0 I init    : processing action (early-boot) from (/system/etc/init/installd.rc:5)
03-13 12:46:54.858     0     0 I init    : processing action (early-boot) from (/vendor/etc/init/init.vendor.sensors.rc:32)
03-13 12:46:54.860     0     0 I init    : processing action (early-boot) from (/vendor/etc/init/ipa_fws.rc:6)
03-13 12:46:54.860     0     0 I init    : processing action (boot) from (/system/etc/init/hw/init.rc:980)
03-13 12:46:54.865     0     0 I init    : starting service 'vendor.audio-hal'...
03-13 12:46:54.865     0     0 I init    : Created socket '/dev/socket/audio_hw_socket', mode 666, user 1000, group 1000
03-13 12:46:54.868     0     0 I init    : starting service 'hidl_memory'...
03-13 12:46:54.870     0     0 I init    : starting service 'vendor.bluetooth-1-0-qti'...
03-13 12:46:54.873     0     0 I init    : starting service 'vendor.cas-hal-1-2'...
03-13 12:46:54.875     0     0 I init    : starting service 'vendor.drm-clearkey-hal-1-3'...
03-13 12:46:54.877     0     0 I init    : starting service 'vendor.drm-widevine-hal-1-3'...
03-13 12:46:54.884     0     0 I init    : starting service 'gnss_service'...
03-13 12:46:54.887     0     0 I init    : starting service 'health-hal-2-1'...
03-13 12:46:54.887     0     0 I init    : Opened file '/dev/kmsg', flags 1
03-13 12:46:54.891     0     0 I init    : starting service 'vendor.ir-hal-1-0'...
03-13 12:46:54.893     0     0 I init    : starting service 'vendor.light-qti'...
03-13 12:46:54.895     0     0 I init    : starting service 'vendor.memtrack-hal-1-0'...
03-13 12:46:54.898     0     0 I init    : starting service 'neuralnetworks_hal_service'...
03-13 12:46:54.899     0     0 I binder  : 993:993 ioctl 40046210 7ff484fb84 returned -22
03-13 12:46:54.899     0     0 I ueventd : firmware: loading 'CAMERA_ICP.elf' for '/devices/platform/soc/ac00000.qcom,a5/firmware/CAMERA_ICP.elf'
03-13 12:46:54.900     0     0 I init    : starting service 'vendor.power'...
03-13 12:46:54.902     0     0 I init    : starting service 'vendor.sensors-hal-2-0-multihal'...
03-13 12:46:54.904     0     0 E init    : failed to write pid to files: couldn't write 1005 to /dev/stune/nnapi-hal/tasks: No such file or directory
03-13 12:46:54.905     0     0 I init    : starting service 'vendor.usb-hal-1-0'...
03-13 12:46:54.909     0     0 I init    : starting service 'vendor.wifi_hal_legacy'...
03-13 12:46:54.917     0     0 I ueventd : loading /devices/platform/soc/ac00000.qcom,a5/firmware/CAMERA_ICP.elf took 18ms
03-13 12:46:54.919     0     0 I init    : starting service 'display-color-hal-1-0'...
03-13 12:46:54.921     0     0 I init    : starting service 'nqnfc_1_2_hal_service'...
03-13 12:46:54.934     0     0 I init    : starting service 'qti_esepowermanager_service_1_1'...
03-13 12:46:54.938     0     0 I init    : starting service 'alarm-hal-1-0'...
03-13 12:46:54.953     0     0 I init    : starting service 'vendor.capabilityconfigstore'...
03-13 12:46:54.953     0     0 I binder  : 1002:1002 ioctl 40046210 7ff45e60b4 returned -22
03-13 12:46:54.955     0     0 I init    : starting service 'vendor.dspservice'...
03-13 12:46:54.958     0     0 I init    : starting service 'iop-hal-2-0'...
03-13 12:46:54.961     0     0 I binder  : 1006:1006 ioctl 40046210 7ffb56e214 returned -22
03-13 12:46:54.965     0     0 I init    : starting service 'perf-hal-2-2'...
03-13 12:46:54.967     0     0 I init    : starting service 'qccvndhalservice'...
03-13 12:46:54.972     0     0 I init    : starting service 'qteeconnector-hal-1-0'...
03-13 12:46:54.976     0     0 I init    : starting service 'sensorscal-hal-1-0'...
03-13 12:46:54.984     0     0 I init    : starting service 'vendor.servicetracker-1-2'...
03-13 12:46:54.994     0     0 I init    : starting service 'soter-1-0'...
03-13 12:46:54.996     0     0 W healthd : Unknown power supply type 'Charge_Pump'
03-13 12:46:54.996     0     0 W healthd : Unknown power supply type 'BMS'
03-13 12:46:54.996     0     0 W healthd : Unknown power supply type 'Main'
03-13 12:46:54.996     0     0 I init    : starting service 'vendor.trustedui-1-0'...
03-13 12:46:54.996     0     0 W healthd : Unknown power supply type 'batt_verify'
03-13 12:46:54.997     0     0 W healthd : batteryCapacityLevelPath not found
03-13 12:46:54.997     0     0 W healthd : batteryChargeTimeToFullNowPath. not found
03-13 12:46:55.001     0     0 I init    : starting service 'tui_comm-1-0'...
03-13 12:46:55.009     0     0 I init    : starting service 'vendor.qti.vibrator-1-2'...
03-13 12:46:55.012     0     0 I init    : starting service 'pasr-hal-1-0'...
03-13 12:46:55.024     0     0 I init    : starting service 'displayfeature-hal-1-0'...
03-13 12:46:55.031     0     0 I init    : starting service 'vendor.mfidoca'...
03-13 12:46:55.034     0     0 I init    : starting service 'vendor.misys'...
03-13 12:46:55.041     0     0 I init    : starting service 'vendor.misys@2.0'...
03-13 12:46:55.048     0     0 W healthd : battery l=67 v=4013 t=31.4 h=2 st=2 c=436706 fc=5077000 cc=290 chg=u
03-13 12:46:55.054     0     0 I init    : starting service 'vendor.misys@3.0'...
03-13 12:46:55.042  1009  1009 I android.hardware.wifi@1.0-service: Wifi Hal is booting up...
03-13 12:46:55.081     0     0 I init    : starting service 'vendor.mlipay-1-1'...
03-13 12:46:55.061  1009  1009 I HidlServiceManagement: Registered android.hardware.wifi@1.4::IWifi/default (start delay of 158ms)
03-13 12:46:55.084     0     0 I init    : starting service 'vendor.mtdservice-1-2'...
03-13 12:46:55.088     0     0 I init    : starting service 'vendor.tidaservice-1-2'...
03-13 12:46:55.102     0     0 I init    : starting service 'touchfeature-hal-1-0'...
03-13 12:46:55.104     0     0 I init    : starting service 'vibratorfeature-hal-1-0'...
03-13 12:46:55.106     0     0 I init    : starting service 'vendor.vsimservice'...
03-13 12:46:55.119     0     0 I init    : Command 'class_start hal' action=boot (/system/etc/init/hw/init.rc:1082) took 254ms and succeeded
03-13 12:46:55.119     0     0 E init    : Control message: Could not find 'vendor.qti.hardware.perf@2.0::IPerf/default' for ctl.interface_start from pid: 556 (/system/bin/hwservicemanager)
03-13 12:46:55.119     0     0 I init    : starting service 'qcom-c_core-sh'...
03-13 12:46:55.122     0     0 I init    : starting service 'vendor.qrtr-ns'...
03-13 12:46:55.126     0     0 I init    : starting service 'irsc_util'...
03-13 12:46:55.135     0     0 E init    : Could not start service 'esepmdaemon' as part of class 'core': Cannot find '/system/vendor/bin/esepmdaemon': No such file or directory
03-13 12:46:55.135     0     0 E init    : Could not start service 'sec_nvm' as part of class 'core': Cannot find '/vendor/bin/sec_nvm': No such file or directory
03-13 12:46:55.135     0     0 I init    : starting service 'vendor.pd_mapper'...
03-13 12:46:55.138     0     0 I init    : starting service 'vendor.per_mgr'...
03-13 12:46:55.142     0     0 E init    : Could not start service 'spdaemon' as part of class 'core': Cannot find '/vendor/bin/spdaemon': No such file or directory
03-13 12:46:55.142     0     0 I init    : starting service 'credstore'...
03-13 12:46:55.202  1069  1069 I irsc_util: Starting irsc tool
03-13 12:46:55.148     0     0 I init    : starting service 'gpu'...
03-13 12:46:55.153     0     0 I init    : starting service 'vendor.rmt_storage'...
03-13 12:46:55.159     0     0 W QSEECOM : qseecom_load_app: App (mfido) does'nt exist, loading apps for first time
03-13 12:46:55.163     0     0 I init    : starting service 'vendor.tftp_server'...
03-13 12:46:55.163     0     0 E diag    : In diag_send_peripheral_buffering_mode, buffering flag not set for 1
03-13 12:46:55.165     0     0 I init    : starting service 'vendor.sensors.qti'...
03-13 12:46:55.167     0     0 E init    : Control message: Could not find 'vendor.qti.hardware.perf@2.0::IPerf/default' for ctl.interface_start from pid: 556 (/system/bin/hwservicemanager)
03-13 12:46:55.168     0     0 I init    : processing action (persist.sys.usb.config=* && boot) from (/system/etc/init/hw/init.usb.rc:108)
03-13 12:46:55.168     0     0 I init    : processing action (boot) from (/vendor/etc/init/hw/init.qcom.rc:97)
03-13 12:46:55.183     0     0 I sysmon-qmi: ssctl_new_server: Connection established between QMI handle and npu's SSCTL service
03-13 12:46:55.183     0     0 I sysmon-qmi: ssctl_new_server: Connection established between QMI handle and adsp's SSCTL service
03-13 12:46:55.184     0     0 I sysmon-qmi: ssctl_new_server: Connection established between QMI handle and cdsp's SSCTL service
03-13 12:46:55.185     0     0 E diag    : In diag_send_feature_mask_update, control channel is not open, p: 6, 0000000000000000
03-13 12:46:55.186     0     0 E diag    : In diag_send_peripheral_buffering_mode, buffering flag not set for 5
03-13 12:46:55.186     0     0 E diag    : In diag_send_peripheral_buffering_mode, buffering flag not set for 6
03-13 12:46:55.194     0     0 E sps_register_bam_device: unable to create IPC Logging 0 for bam 0x0000000062e84000
03-13 12:46:55.194     0     0 E sps_register_bam_device: unable to create IPC Logging 1 for bam 0x0000000062e84000
03-13 12:46:55.194     0     0 E sps_register_bam_device: unable to create IPC Logging 2 for bam 0x0000000062e84000
03-13 12:46:55.194     0     0 E sps_register_bam_device: unable to create IPC Logging 3 for bam 0x0000000062e84000
03-13 12:46:55.195     0     0 E sps_register_bam_device: unable to create IPC Logging 4 for bam 0x0000000062e84000
03-13 12:46:55.195     0     0 I sps     : BAM 0x0000000062e84000 (va:0x0000000000000000) enabled: ver:0x19, number of pipes:23
03-13 12:46:55.195     0     0 I binder  : 1083:1083 ioctl 40046210 7fde863754 returned -22
03-13 12:46:55.195     0     0 I sps     : BAM 0x0000000062e84000 is registered.
03-13 12:46:55.196     0     0 I init    : Command 'chmod 0755 /system/bin/ip' action=boot (/vendor/etc/init/hw/init.qcom.rc:185) took 0ms and failed: fchmodat() failed: Read-only file system
03-13 12:46:55.205     0     0 W QSEECOM : qseecom_load_app: App with id 3 (mfido) now loaded
03-13 12:46:55.207     0     0 W QSEECOM : qseecom_load_app: App (soter64) does'nt exist, loading apps for first time
03-13 12:46:55.210  1069  1069 I irsc_util: Num of entries:298
03-13 12:46:55.212     0     0 I init    : processing action (boot) from (/vendor/etc/init/hw/init.qcom.usb.rc:49)
03-13 12:46:55.212     0     0 I init    : Command 'mount configfs none /config' action=boot (/vendor/etc/init/hw/init.qcom.usb.rc:50) took 0ms and failed: mount() failed: Device or resource busy
03-13 12:46:55.217     0     0 E slimbus sb-1: of_slim: invalid E-addr
03-13 12:46:55.218     0     0 I         : Mass Storage Function, version: 2009/09/11
03-13 12:46:55.218     0     0 I LUN     : removable file: (no medium)
03-13 12:46:55.221     0     0 I         : file system registered
03-13 12:46:55.223     0     0 E rmt_storage: INFO:check_support_using_libmdm: Modem subsystem found on target!
03-13 12:46:55.224     0     0 I f_cdev_alloc: port_name:at_usb0 (0000000000000000) portno:(0)
03-13 12:46:55.227  1069  1069 I irsc_util: Ending irsc tool
03-13 12:46:55.226     0     0 I f_cdev_alloc: port_name:at_usb1 (0000000000000000) portno:(1)
03-13 12:46:55.230     0     0 I f_cdev_alloc: port_name:at_usb2 (0000000000000000) portno:(2)
03-13 12:46:55.230     0     0 I init    : Service 'irsc_util' (pid 1069) exited with status 0 oneshot service took 0.098000 seconds in background
03-13 12:46:55.230     0     0 I init    : Sending signal 9 to service 'irsc_util' (pid 1069) process group...
03-13 12:46:55.231     0     0 I libprocessgroup: Successfully killed process cgroup uid 0 pid 1069 in 0ms
03-13 12:46:55.242     0     0 E rmt_storage: INFO:main: Done with init now waiting for messages!
03-13 12:46:55.242     0     0 E init    : Control message: Could not find 'vendor.xiaomi.hardware.displayfeature@1.0::IDisplayFeature/default' for ctl.interface_start from pid: 556 (/system/bin/hwservicemanager)
03-13 12:46:55.237  1080  1080 F libc    : Fatal signal 6 (SIGABRT), code -1 (SI_QUEUE) in tid 1080 (credstore), pid 1080 (credstore)
03-13 12:46:55.246     0     0 I init    : Command 'mkdir /config/usb_gadget/g1/functions/rndis_bam.rndis' action=boot (/vendor/etc/init/hw/init.qcom.usb.rc:83) took 0ms and failed: mkdir() failed on /config/usb_gadget/g1/functions/rndis_bam.rndis: Function not implemented
03-13 12:46:55.246     0     0 I init    : Command 'mkdir /config/usb_gadget/g1/functions/rndis.rndis' action=boot (/vendor/etc/init/hw/init.qcom.usb.rc:84) took 0ms and failed: mkdir() failed on /config/usb_gadget/g1/functions/rndis.rndis: Function not implemented
03-13 12:46:55.247     0     0 I init    : Command 'mkdir /config/usb_gadget/g1/functions/rmnet_bam.rmnet' action=boot (/vendor/etc/init/hw/init.qcom.usb.rc:85) took 0ms and failed: mkdir() failed on /config/usb_gadget/g1/functions/rmnet_bam.rmnet: Function not implemented
03-13 12:46:55.247     0     0 I init    : Command 'mkdir /config/usb_gadget/g1/functions/rmnet_bam.dpl' action=boot (/vendor/etc/init/hw/init.qcom.usb.rc:86) took 0ms and failed: mkdir() failed on /config/usb_gadget/g1/functions/rmnet_bam.dpl: Function not implemented
03-13 12:46:55.247     0     0 I init    : Command 'mkdir /config/usb_gadget/g1/functions/rmnet_bam.rmnet_bam_dmux' action=boot (/vendor/etc/init/hw/init.qcom.usb.rc:87) took 0ms and failed: mkdir() failed on /config/usb_gadget/g1/functions/rmnet_bam.rmnet_bam_dmux: Function not implemented
03-13 12:46:55.247     0     0 I init    : Command 'mkdir /config/usb_gadget/g1/functions/rmnet_bam.dpl_bam_dmux' action=boot (/vendor/etc/init/hw/init.qcom.usb.rc:88) took 0ms and failed: mkdir() failed on /config/usb_gadget/g1/functions/rmnet_bam.dpl_bam_dmux: Function not implemented
03-13 12:46:55.249     0     0 I init    : Command 'mkdir /config/usb_gadget/g1/functions/uac2.0' action=boot (/vendor/etc/init/hw/init.qcom.usb.rc:91) took 0ms and failed: mkdir() failed on /config/usb_gadget/g1/functions/uac2.0: Function not implemented
03-13 12:46:55.249     0     0 I init    : Command 'mkdir /config/usb_gadget/g1/functions/uvc.0' action=boot (/vendor/etc/init/hw/init.qcom.usb.rc:92) took 0ms and failed: mkdir() failed on /config/usb_gadget/g1/functions/uvc.0: Function not implemented
03-13 12:46:55.252     0     0 I init    : Command 'write /config/usb_gadget/g1/functions/diag.diag/serial ${ro.serialno}' action=boot (/vendor/etc/init/hw/init.qcom.usb.rc:100) took 0ms and failed: Unable to write to file '/config/usb_gadget/g1/functions/diag.diag/serial': open() failed: Permission denied
03-13 12:46:55.257     0     0 I servloc : service_locator_new_server: Connection established with the Service locator
03-13 12:46:55.257     0     0 I servloc : init_service_locator: Service locator initialized
03-13 12:46:55.258     0     0 W QSEECOM : qseecom_load_app: App with id 4 (soter64) now loaded
03-13 12:46:55.261     0     0 I audio_notifer_reg_service: service PDR_ADSP is in use
03-13 12:46:55.261     0     0 I ADSPRPC : audio_pdr_adsprpc is uninitialzed
03-13 12:46:55.262     0     0 I service-notifier: service_notifier_new_server: Connection established between QMI handle and 74 service
03-13 12:46:55.264     0     0 W QSEECOM : qseecom_load_app: App (mlipay) does'nt exist, loading apps for first time
03-13 12:46:55.265     0     0 I ADSPRPC : sensors_pdr_adsprpc is uninitialzed
03-13 12:46:55.265     0     0 I service-notifier: service_notifier_new_server: Connection established between QMI handle and 74 service
03-13 12:46:55.267     0     0 I apr_adsp_up: Q6 is Up
03-13 12:46:55.268     0     0 I iommu   : Adding device soc:qcom,msm-audio-apr:qcom,msm-audio-ion to group 45
03-13 12:46:55.279     0     0 I init    : starting service 'exec 20 (/vendor/bin/init.qcom.usb.sh)'...
03-13 12:46:55.282     0     0 I init    : SVC_EXEC service 'exec 20 (/vendor/bin/init.qcom.usb.sh)' pid 1138 (uid 0 gid 0+0 context u:r:vendor_qti_init_shell:s0) started; waiting...
03-13 12:46:55.295     0     0 W QSEECOM : qseecom_load_app: App with id 5 (mlipay) now loaded
03-13 12:46:55.323     0     0 E init    : Control message: Could not ctl.start for 'console' from pid: 1148 (start console): Couldn't open console '/dev/ttyMSM0': No such file or directory
03-13 12:46:55.325     0     0 I logd    : logdr: UID=1076 GID=1076 PID=1136 n tail=0 logMask=8 pid=1080 start=0ns deadline=0ns
03-13 12:46:55.325     0     0 I init    : Service 'qcom-c_core-sh' (pid 1067) exited with status 0 oneshot service took 0.204000 seconds in background
03-13 12:46:55.325     0     0 I init    : Sending signal 9 to service 'qcom-c_core-sh' (pid 1067) process group...
03-13 12:46:55.325     0     0 I libprocessgroup: Successfully killed process cgroup uid 0 pid 1067 in 0ms
03-13 12:46:55.326     0     0 I logd    : logdr: UID=1076 GID=1076 PID=1136 n tail=0 logMask=1 pid=1080 start=0ns deadline=0ns
03-13 12:46:55.336  1136  1136 F DEBUG   : *** *** *** *** *** *** *** *** *** *** *** *** *** *** *** ***
03-13 12:46:55.337  1136  1136 F DEBUG   : Build fingerprint: 'unknown'
03-13 12:46:55.337  1136  1136 F DEBUG   : Revision: '0'
03-13 12:46:55.338  1136  1136 F DEBUG   : ABI: 'arm64'
03-13 12:46:55.338  1136  1136 F DEBUG   : Timestamp: 1971-03-13 12:46:55.292028120+0000
03-13 12:46:55.339  1136  1136 F DEBUG   : Process uptime: 0s
03-13 12:46:55.340  1136  1136 F DEBUG   : Cmdline: /system/bin/credstore /data/misc/credstore
03-13 12:46:55.340  1136  1136 F DEBUG   : pid: 1080, tid: 1080, name: credstore  >>> /system/bin/credstore <<<
03-13 12:46:55.341  1136  1136 F DEBUG   : uid: 1076
03-13 12:46:55.341  1136  1136 F DEBUG   : signal 6 (SIGABRT), code -1 (SI_QUEUE), fault addr --------
03-13 12:46:55.342  1136  1136 F DEBUG   : Abort message: 'Check failed: chdir(data_dir.c_str()) != -1 chdir: /data/misc/credstore: No such file or directory'
03-13 12:46:55.343  1136  1136 F DEBUG   :     x0  0000000000000000  x1  0000000000000438  x2  0000000000000006  x3  0000007fe80cf730
03-13 12:46:55.344  1136  1136 F DEBUG   :     x4  0000000000000031  x5  0000000000000031  x6  0000000000000031  x7  0000000000000000
03-13 12:46:55.345  1136  1136 F DEBUG   :     x8  00000000000000f0  x9  2aaaa57617dae6a1  x10 0000000000000000  x11 ffffff80ffffffdf
03-13 12:46:55.345  1136  1136 F DEBUG   :     x12 0000000000000001  x13 0000000000000070  x14 0000007fe80ce640  x15 0000000000000000
03-13 12:46:55.342     0     0 W QSEECOM : __qseecom_unload_app: App (5) is unloaded
03-13 12:46:55.344     0     0 W QSEECOM : qseecom_load_app: App (widevine) does'nt exist, loading apps for first time
03-13 12:46:55.346  1136  1136 F DEBUG   :     x16 0000007277831050  x17 000000727780deb0  x18 000000727ee2e000  x19 0000000000000438
03-13 12:46:55.346  1136  1136 F DEBUG   :     x20 0000000000000438  x21 00000000ffffffff  x22 000000727e504000  x23 0000000000000000
03-13 12:46:55.347  1136  1136 F DEBUG   :     x24 0000000000000000  x25 0000000000000000  x26 0000000000000000  x27 0000000000000000
03-13 12:46:55.347  1136  1136 F DEBUG   :     x28 0000000000000000  x29 0000007fe80cf7b0
03-13 12:46:55.348  1136  1136 F DEBUG   :     lr  00000072777c0ba0  sp  0000007fe80cf710  pc  00000072777c0bcc  pst 0000000000001000
03-13 12:46:55.349  1136  1136 F DEBUG   : backtrace:
03-13 12:46:55.350  1136  1136 F DEBUG   :       #00 pc 000000000004fbcc  /apex/com.android.runtime/lib64/bionic/libc.so (abort+164) (BuildId: ba489d4985c0cf173209da67405662f9)
03-13 12:46:55.350  1136  1136 F DEBUG   :       #01 pc 0000000000013eb4  /system/lib64/libbase.so (android::base::DefaultAborter(char const*)+12) (BuildId: 225cc3496ad7ce1867ed9bd3357de134)
03-13 12:46:55.351  1136  1136 F DEBUG   :       #02 pc 000000000001595c  /system/lib64/libbase.so (android::base::SetAborter(std::__1::function<void (char const*)>&&)::$_3::__invoke(char const*)+76) (BuildId: 225cc3496ad7ce1867ed9bd3357de134)
03-13 12:46:55.352  1136  1136 F DEBUG   :       #03 pc 0000000000014f8c  /system/lib64/libbase.so (android::base::LogMessage::~LogMessage()+364) (BuildId: 225cc3496ad7ce1867ed9bd3357de134)
03-13 12:46:55.353  1136  1136 F DEBUG   :       #04 pc 000000000000f760  /system/bin/credstore (main.cfi+1156) (BuildId: 56cdfadc76f85ca12f5abec75b8dc54c)
03-13 12:46:55.353  1136  1136 F DEBUG   :       #05 pc 00000000000488c8  /apex/com.android.runtime/lib64/bionic/libc.so (__libc_init+96) (BuildId: ba489d4985c0cf173209da67405662f9)
03-13 12:46:55.362     0     0 I init    : Service 'credstore' (pid 1080) received signal 6
03-13 12:46:55.362     0     0 I init    : Sending signal 9 to service 'credstore' (pid 1080) process group...
03-13 12:46:55.368     0     0 I libprocessgroup: Successfully killed process cgroup uid 1076 pid 1080 in 5ms
03-13 12:46:55.368     0     0 I init    : Untracked pid 1140 received signal 9
03-13 12:46:55.368     0     0 I init    : Untracked pid 1136 exited with status 0
03-13 12:46:55.377     0     0 W QSEECOM : qseecom_load_app: App with id 6 (widevine) now loaded
03-13 12:46:55.405     0     0 I binder  : 636:693 ioctl 40046210 7ec5551f04 returned -22
03-13 12:46:55.414   636   693 D BootAnimation: BootAnimationShownTiming start time: 13562ms
03-13 12:46:55.430     0     0 I qcedev_ioctl: info: vaddr = 9fc00000
03-13 12:46:55.431     0     0 I qcedev_ioctl: info: vaddr = 9f800000
03-13 12:46:55.432     0     0 I qcedev_ioctl: info: vaddr = 9f400000
03-13 12:46:55.443     0     0 W QSEECOM : __qseecom_unload_app: App (6) is unloaded
03-13 12:46:55.466     0     0 I [FTS_TS/I]fb_notifier_callback: FB event:2,blank:0
03-13 12:46:55.466     0     0 I [FTS_TS/I]fb_notifier_callback: resume: event = 2, not care
03-13 12:46:55.466     0     0 I         : thermal_notifier_callback 4061
03-13 12:46:55.466     0     0 I thermal_notifier lct_backlight_off: 0
03-13 12:46:55.468     0     0 I pm6150_charger: smblib_set_prop_system_temp_level: thermal level:0, batt temp:315, thermal_levels:16chg->system_temp_level:0, charger_type:4
03-13 12:46:55.468     0     0 I         : smblib_set_prop_system_temp_level val=0, chg->system_temp_level=0, LctThermal=1, lct_backlight_off= 0, IsInCall=0
03-13 12:46:55.478     0     0 I [FTS_TS/I]fb_notifier_callback: FB event:1,blank:0
03-13 12:46:55.478     0     0 I         : thermal_notifier_callback 4061
03-13 12:46:55.503     0     0 E init    : Control message: Could not find 'android.frameworks.sensorservice@1.0::ISensorManager/default' for ctl.interface_start from pid: 556 (/system/bin/hwservicemanager)
03-13 12:46:55.503     0     0 E init    : Control message: Could not find 'android.frameworks.sensorservice@1.0::ISensorManager/default' for ctl.interface_start from pid: 556 (/system/bin/hwservicemanager)
03-13 12:46:55.503     0     0 I init    : Service 'exec 20 (/vendor/bin/init.qcom.usb.sh)' (pid 1138) exited with status 0 waiting took 0.222000 seconds
03-13 12:46:55.503     0     0 I init    : Sending signal 9 to service 'exec 20 (/vendor/bin/init.qcom.usb.sh)' (pid 1138) process group...
03-13 12:46:55.504     0     0 I libprocessgroup: Successfully killed process cgroup uid 0 pid 1138 in 0ms
03-13 12:46:55.505     0     0 I init    : processing action (boot) from (/vendor/etc/init/hw/init.target.rc:108)
03-13 12:46:55.507     0     0 I init    : Command 'start rmt_storage' action=boot (/vendor/etc/init/hw/init.target.rc:117) took 0ms and failed: service rmt_storage not found
03-13 12:46:55.507     0     0 I init    : Command 'start rfs_access' action=boot (/vendor/etc/init/hw/init.target.rc:118) took 0ms and failed: service rfs_access not found
03-13 12:46:55.507     0     0 I cpuset_assist: setting top-app to 0-7
03-13 12:46:55.508     0     0 I cpuset_assist: setting foreground to 0-5,7
03-13 12:46:55.508     0     0 I cpuset_assist: setting background to 4-5
03-13 12:46:55.509     0     0 I cpuset_assist: setting system-background to 2-5
03-13 12:46:55.509     0     0 I cpuset_assist: setting top-app to 0-7
03-13 12:46:55.509     0     0 I cpuset_assist: setting foreground to 0-5,7
03-13 12:46:55.510     0     0 I cpuset_assist: setting background to 4-5
03-13 12:46:55.511     0     0 I cpuset_assist: setting system-background to 2-5
03-13 12:46:55.511     0     0 I cpuset_assist: setting camera-daemon to 0-7
03-13 12:46:55.514     0     0 I init    : Command 'insmod /vendor/lib/modules/qca_cld3_wlan.ko' action=boot (/vendor/etc/init/hw/init.target.rc:161) took 0ms and failed: finit_module for "/vendor/lib/modules/qca_cld3_wlan.ko" failed: Function not implemented
03-13 12:46:55.514     0     0 I init    : Command 'insmod /vendor/lib/modules/exfat.ko' action=boot (/vendor/etc/init/hw/init.target.rc:164) took 0ms and failed: finit_module for "/vendor/lib/modules/exfat.ko" failed: Function not implemented
03-13 12:46:55.514     0     0 I init    : Command 'insmod /vendor/lib/modules/mi_memory.ko' action=boot (/vendor/etc/init/hw/init.target.rc:167) took 0ms and failed: finit_module for "/vendor/lib/modules/mi_memory.ko" failed: Function not implemented
03-13 12:46:55.516     0     0 I init    : processing action (boot) from (/system/etc/init/dumpstate.rc:1)
03-13 12:46:55.516     0     0 I init    : processing action (boot) from (/system/etc/init/gsid.rc:25)
03-13 12:46:55.516     0     0 I init    : starting service 'exec 21 (/system/bin/gsid run-startup-tasks)'...
03-13 12:46:55.518     0     0 I init    : processing action (boot) from (/vendor/etc/init/netmgrd.rc:6)
03-13 12:46:55.521     0     0 I init    : starting service 'exec 22 (/vendor/bin/modprobe -a -d /vendor/lib/modules rmnet_ctl)'...
03-13 12:46:55.523     0     0 I init    : SVC_EXEC service 'exec 22 (/vendor/bin/modprobe -a -d /vendor/lib/modules rmnet_ctl)' pid 1181 (uid 0 gid 0+0 context u:r:vendor_modprobe:s0) started; waiting...
03-13 12:46:55.533     0     0 I init    : Service 'exec 22 (/vendor/bin/modprobe -a -d /vendor/lib/modules rmnet_ctl)' (pid 1181) exited with status 1 waiting took 0.010000 seconds
03-13 12:46:55.533     0     0 I init    : Sending signal 9 to service 'exec 22 (/vendor/bin/modprobe -a -d /vendor/lib/modules rmnet_ctl)' (pid 1181) process group...
03-13 12:46:55.533     0     0 I libprocessgroup: Successfully killed process cgroup uid 0 pid 1181 in 0ms
03-13 12:46:55.533     0     0 I init    : starting service 'exec 23 (/vendor/bin/modprobe -a -d /vendor/lib/modules rmnet_core)'...
03-13 12:46:55.535     0     0 I init    : SVC_EXEC service 'exec 23 (/vendor/bin/modprobe -a -d /vendor/lib/modules rmnet_core)' pid 1182 (uid 0 gid 0+0 context u:r:vendor_modprobe:s0) started; waiting...
03-13 12:46:55.537     0     0 W kona-asoc-snd soc: qcom,msm-audio-apr:qcom,q6core-audio:sound: msm_init_aux_dev: Max WSA devices is 0 for this target?
03-13 12:46:55.538     0     0 E qcom-lpi-pinctrl soc: qcom,msm-audio-apr:qcom,q6core-audio:lpi_pinctrl@627C0000: snd_event_notify: No snd dev entry found
03-13 12:46:55.543  1180  1180 I gsid    : no DSU: No such file or directory
03-13 12:46:55.545     0     0 I init    : Service 'exec 21 (/system/bin/gsid run-startup-tasks)' (pid 1180) exited with status 0 oneshot service took 0.027000 seconds in background
03-13 12:46:55.545     0     0 I init    : Sending signal 9 to service 'exec 21 (/system/bin/gsid run-startup-tasks)' (pid 1180) process group...
03-13 12:46:55.546     0     0 I libprocessgroup: Successfully killed process cgroup uid 0 pid 1180 in 0ms
03-13 12:46:55.552     0     0 I init    : Service 'exec 23 (/vendor/bin/modprobe -a -d /vendor/lib/modules rmnet_core)' (pid 1182) exited with status 1 waiting took 0.017000 seconds
03-13 12:46:55.552     0     0 I init    : Sending signal 9 to service 'exec 23 (/vendor/bin/modprobe -a -d /vendor/lib/modules rmnet_core)' (pid 1182) process group...
03-13 12:46:55.552     0     0 I libprocessgroup: Successfully killed process cgroup uid 0 pid 1182 in 0ms
03-13 12:46:55.552     0     0 I init    : starting service 'exec 24 (/vendor/bin/modprobe -a -d /vendor/lib/modules/5.4-gki rmnet_ctl)'...
03-13 12:46:55.554     0     0 I init    : SVC_EXEC service 'exec 24 (/vendor/bin/modprobe -a -d /vendor/lib/modules/5.4-gki rmnet_ctl)' pid 1183 (uid 0 gid 0+0 context u:r:vendor_modprobe:s0) started; waiting...
03-13 12:46:55.563     0     0 I init    : Service 'exec 24 (/vendor/bin/modprobe -a -d /vendor/lib/modules/5.4-gki rmnet_ctl)' (pid 1183) exited with status 1 waiting took 0.009000 seconds
03-13 12:46:55.563     0     0 I init    : Sending signal 9 to service 'exec 24 (/vendor/bin/modprobe -a -d /vendor/lib/modules/5.4-gki rmnet_ctl)' (pid 1183) process group...
03-13 12:46:55.563     0     0 I libprocessgroup: Successfully killed process cgroup uid 0 pid 1183 in 0ms
03-13 12:46:55.563     0     0 I init    : starting service 'exec 25 (/vendor/bin/modprobe -a -d /vendor/lib/modules/5.4-gki rmnet_core)'...
