03-13 12:46:55.564     0     0 I init    : SVC_EXEC service 'exec 25 (/vendor/bin/modprobe -a -d /vendor/lib/modules/5.4-gki rmnet_core)' pid 1192 (uid 0 gid 0+0 context u:r:vendor_modprobe:s0) started; waiting...
03-13 12:46:55.570     0     0 I init    : Service 'exec 25 (/vendor/bin/modprobe -a -d /vendor/lib/modules/5.4-gki rmnet_core)' (pid 1192) exited with status 1 waiting took 0.006000 seconds
03-13 12:46:55.570     0     0 I init    : Sending signal 9 to service 'exec 25 (/vendor/bin/modprobe -a -d /vendor/lib/modules/5.4-gki rmnet_core)' (pid 1192) process group...
03-13 12:46:55.570     0     0 I libprocessgroup: Successfully killed process cgroup uid 0 pid 1192 in 0ms
03-13 12:46:55.571     0     0 I init    : processing action (boot) from (/vendor/etc/init/port-bridge.rc:6)
03-13 12:46:55.572     0     0 I init    : processing action (boot) from (/vendor/etc/init/shsusrd.rc:6)
03-13 12:46:55.573     0     0 I init    : processing action (boot) from (/vendor/etc/init/vendor.qti.hardware.charger_monitor@1.0-service.rc:21)
03-13 12:46:55.573     0     0 I init    : starting service 'vendor.qti-chg-policy-sh'...
03-13 12:46:55.575     0     0 I init    : processing action (boot) from (/vendor/etc/init/vendor.xiaomi.hardware.displayfeature@1.0-service.rc:11)
03-13 12:46:55.575     0     0 I init    : processing action (boot) from (/vendor/etc/init/vendor.xiaomi.hardware.touchfeature@1.0-service.rc:5)
03-13 12:46:55.576     0     0 I init    : processing action (enable_property_trigger) from (<Builtin Action>:0)
03-13 12:46:55.576     0     0 I init    : processing action (apexd.status=ready && ro.product.cpu.abilist32=*) from (/system/etc/init/hw/init.rc:94)
03-13 12:46:55.577     0     0 I init    : starting service 'boringssl_self_test_apex32'...
03-13 12:46:55.579     0     0 I init    : SVC_EXEC service 'boringssl_self_test_apex32' pid 1194 (uid 0 gid 0+0 context default) started; waiting...
03-13 12:46:55.608     0     0 I init    : Service 'boringssl_self_test_apex32' (pid 1194) exited with status 0 waiting took 0.029000 seconds
03-13 12:46:55.608     0     0 I init    : Sending signal 9 to service 'boringssl_self_test_apex32' (pid 1194) process group...
03-13 12:46:55.608     0     0 I libprocessgroup: Successfully killed process cgroup uid 0 pid 1194 in 0ms
03-13 12:46:55.608     0     0 I init    : processing action (apexd.status=ready && ro.product.cpu.abilist64=*) from (/system/etc/init/hw/init.rc:96)
03-13 12:46:55.608     0     0 I init    : starting service 'boringssl_self_test_apex64'...
03-13 12:46:55.610     0     0 I init    : SVC_EXEC service 'boringssl_self_test_apex64' pid 1198 (uid 0 gid 0+0 context default) started; waiting...
03-13 12:46:55.644     0     0 I init    : Service 'boringssl_self_test_apex64' (pid 1198) exited with status 0 waiting took 0.034000 seconds
03-13 12:46:55.644     0     0 I init    : Sending signal 9 to service 'boringssl_self_test_apex64' (pid 1198) process group...
03-13 12:46:55.644     0     0 I libprocessgroup: Successfully killed process cgroup uid 0 pid 1198 in 0ms
03-13 12:46:55.645     0     0 I init    : processing action (net.tcp_def_init_rwnd=*) from (/system/etc/init/hw/init.rc:1145)
03-13 12:46:55.645     0     0 I init    : processing action (sys.init.perf_lsm_hooks=1) from (/system/etc/init/hw/init.rc:1156)
03-13 12:46:55.645     0     0 I init    : processing action (security.perf_harden=1) from (/system/etc/init/hw/init.rc:1170)
03-13 12:46:55.646     0     0 I init    : processing action (ro.debuggable=1) from (/system/etc/init/hw/init.rc:1205)
03-13 12:46:55.646     0     0 I init    : processing action (persist.vendor.qcomsysd.enabled=1) from (/vendor/etc/init/hw/init.qcom.rc:439)
03-13 12:46:55.646     0     0 I init    : processing action (vendor.gpu.available_frequencies=*) from (/vendor/etc/init/hw/init.qcom.rc:1015)
03-13 12:46:55.647     0     0 I init    : processing action (persist.vendor.usb.config=*) from (/vendor/etc/init/hw/init.qcom.usb.rc:127)
03-13 12:46:55.650     0     0 I init    : processing action (sys.usb.config=*) from (/vendor/etc/init/hw/init.qcom.usb.rc:130)
03-13 12:46:55.650     0     0 I init    : starting service 'exec 26 (/vendor/bin/init.mi.usb.sh)'...
03-13 12:46:55.652     0     0 I init    : SVC_EXEC service 'exec 26 (/vendor/bin/init.mi.usb.sh)' pid 1202 (uid 0 gid 0+0 context u:r:vendor_qti_init_shell:s0) started; waiting...
03-13 12:46:55.700     0     0 I init    : Service 'exec 26 (/vendor/bin/init.mi.usb.sh)' (pid 1202) exited with status 0 waiting took 0.048000 seconds
03-13 12:46:55.700     0     0 I init    : Sending signal 9 to service 'exec 26 (/vendor/bin/init.mi.usb.sh)' (pid 1202) process group...
03-13 12:46:55.700     0     0 I libprocessgroup: Successfully killed process cgroup uid 0 pid 1202 in 0ms
03-13 12:46:55.700     0     0 I init    : processing action (sys.usb.config=adb && sys.usb.configfs=1) from (/vendor/etc/init/hw/init.qcom.usb.rc:1589)
03-13 12:46:55.701     0     0 I init    : processing action (init.svc.vendor.per_mgr=running) from (/vendor/etc/init/hw/init.target.rc:209)
03-13 12:46:55.701     0     0 I init    : starting service 'vendor.per_proxy'...
03-13 12:46:55.702     0     0 W kona-asoc-snd soc: qcom,msm-audio-apr:qcom,q6core-audio:sound: msm_init_aux_dev: Max WSA devices is 0 for this target?
03-13 12:46:55.704     0     0 I init    : processing action (vendor.display.lcd_density=480) from (/vendor/etc/init/hw/init.target.rc:237)
03-13 12:46:55.704     0     0 I init    : processing action (ro.boot.multisim_config=*) from (/vendor/etc/init/hw/init.target.rc:449)
03-13 12:46:55.708     0     0 I init    : processing action (init.svc.surfaceflinger=running) from (/vendor/etc/init/hw/init.target.rc:625)
03-13 12:46:55.708     0     0 I init    : starting service 'displayfeature'...
03-13 12:46:55.713     0     0 I init    : processing action (persist.vendor.usb.config=*) from (/vendor/etc/init/hw/init.qcom.factory.rc:67)
03-13 12:46:55.719     0     0 I init    : processing action (sys.usb.config=adb && sys.usb.configfs=1) from (/system/etc/init/hw/init.usb.configfs.rc:17)
03-13 12:46:55.722     0     0 I init    : starting service 'adbd'...
03-13 12:46:55.723     0     0 I init    : Created socket '/dev/socket/adbd', mode 660, user 1000, group 1000
03-13 12:46:55.727     0     0 E msm_cdc_pinctrl_get_gpiodata: device node is null
03-13 12:46:55.730     0     0 I init    : processing action (init.svc.audioserver=running) from (/system/etc/init/audioserver.rc:38)
03-13 12:46:55.730     0     0 I init    : Command 'start vendor.audio-hal-4-0-msd' action=init.svc.audioserver=running (/system/etc/init/audioserver.rc:40) took 0ms and failed: service vendor.audio-hal-4-0-msd not found
03-13 12:46:55.730     0     0 I init    : Command 'start audio_proxy_service' action=init.svc.audioserver=running (/system/etc/init/audioserver.rc:41) took 0ms and failed: service audio_proxy_service not found
03-13 12:46:55.730     0     0 I init    : Command 'start vendor.audio-hal-2-0' action=init.svc.audioserver=running (/system/etc/init/audioserver.rc:43) took 0ms and failed: service vendor.audio-hal-2-0 not found
03-13 12:46:55.730     0     0 I init    : Command 'start audio-hal-2-0' action=init.svc.audioserver=running (/system/etc/init/audioserver.rc:44) took 0ms and failed: service audio-hal-2-0 not found
03-13 12:46:55.730     0     0 I init    : processing action (ro.persistent_properties.ready=true) from (/system/etc/init/bootstat.rc:67)
03-13 12:46:55.731     0     0 I init    : processing action (ro.persistent_properties.ready=true) from (/system/etc/init/bootstat.rc:71)
03-13 12:46:55.731     0     0 I init    : starting service 'exec 27 (/system/bin/bootstat --set_system_boot_reason)'...
03-13 12:46:55.734     0     0 I init    : processing action (drm.service.enabled=true) from (/system/etc/init/drmserver.rc:8)
03-13 12:46:55.737     0     0 W QSEECOM : qseecom_load_app: App (cardapp) does'nt exist, loading apps for first time
03-13 12:46:55.743     0     0 I init    : starting service 'drm'...
03-13 12:46:55.754     0     0 I init    : processing action (persist.heapprofd.enable= && traced.lazy.heapprofd=) from (/system/etc/init/heapprofd.rc:49)
03-13 12:46:55.754     0     0 I subsys-restart: __subsystem_get(): Changing subsys fw_name to modem
03-13 12:46:55.754     0     0 I init    : processing action (ro.debuggable=1) from (/system/etc/init/llkd-debuggable.rc:1)
03-13 12:46:55.760     0     0 I init    : processing action (ro.debuggable=*) from (/system/etc/init/llkd.rc:2)
03-13 12:46:55.761     0     0 I init    : processing action (init.svc.media=*) from (/system/etc/init/mediaserver.rc:1)
03-13 12:46:55.761     0     0 I init    : processing action (debug.atrace.user_initiated= && persist.traced.enable=1) from (/system/etc/init/perfetto.rc:47)
03-13 12:46:55.762     0     0 I init    : starting service 'traced_probes'...
03-13 12:46:55.762     0     0 I init    : Opened file '/dev/kmsg', flags 1
03-13 12:46:55.764     0     0 I ipa-wan ipa3_lcl_mdm_ssr_notifier_cb: 3161 IPA received MPSS BEFORE_POWERUP
03-13 12:46:55.766     0     0 W QSEECOM : qseecom_load_app: App with id 7 (cardapp) now loaded
03-13 12:46:55.766     0     0 E ipa3_uc_state_check: 371 uC is not loaded
03-13 12:46:55.766     0     0 I ipa-wan ipa3_lcl_mdm_ssr_notifier_cb: 3170 IPA BEFORE_POWERUP handling is complete
03-13 12:46:55.767     0     0 I init    : processing action (persist.traced.enable=1) from (/system/etc/init/perfetto.rc:50)
03-13 12:46:55.768     0     0 I ueventd : firmware: loading 'modem.mdt' for '/devices/platform/soc/4080000.qcom,mss/firmware/modem.mdt'
03-13 12:46:55.769     0     0 I init    : Command 'mkdir /data/misc/perfetto-traces 0773 root shell' action=persist.traced.enable=1 (/system/etc/init/perfetto.rc:54) took 2ms and failed: mkdir() failed on /data/misc/perfetto-traces: Required key not available
03-13 12:46:55.772     0     0 I ueventd : loading /devices/platform/soc/4080000.qcom,mss/firmware/modem.mdt took 3ms
03-13 12:46:55.772     0     0 I subsys-pil-tz 4080000.qcom,mss: modem: loading from 0x0000000086000000 to 0x000000008e400000
03-13 12:46:55.776     0     0 I QG-K    : qg_battery_soc_smooth_tracking: soc:67, last_soc:67, raw_soc:67, soc_changed:0, update_now:0, charge_status:1, batt_ma:379
03-13 12:46:55.777     0     0 I init    : Command 'mkdir /data/misc/perfetto-configs 0775 root shell' action=persist.traced.enable=1 (/system/etc/init/perfetto.rc:63) took 6ms and failed: mkdir() failed on /data/misc/perfetto-configs: Required key not available
03-13 12:46:55.778     0     0 E QG-K    : soc_monitor_work: soc:67, raw_soc:67, c:379, s:1
03-13 12:46:55.778     0     0 I init    : starting service 'traced'...
03-13 12:46:55.779     0     0 I init    : Created socket '/dev/socket/traced_consumer', mode 666, user 0, group 0
03-13 12:46:55.780     0     0 I init    : Created socket '/dev/socket/traced_producer', mode 666, user 0, group 0
03-13 12:46:55.783     0     0 I binder  : 1230:1230 ioctl 40046210 ffb0f3d8 returned -22
03-13 12:46:55.785     0     0 I init    : Service 'exec 27 (/system/bin/bootstat --set_system_boot_reason)' (pid 1229) exited with status 0 oneshot service took 0.051000 seconds in background
03-13 12:46:55.785     0     0 I init    : Sending signal 9 to service 'exec 27 (/system/bin/bootstat --set_system_boot_reason)' (pid 1229) process group...
03-13 12:46:55.785     0     0 I libprocessgroup: Successfully killed process cgroup uid 1000 pid 1229 in 0ms
03-13 12:46:55.785     0     0 I init    : processing action (persist.traced_perf.enable= && sys.init.perf_lsm_hooks=1 && traced.lazy.traced_perf=) from (/system/etc/init/traced_perf.rc:43)
03-13 12:46:55.787     0     0 I init    : processing action (persist.vendor.net.doxlat=false) from (/system/etc/init/vendor-464xlat.rc:14)
03-13 12:46:55.787     0     0 I init    : processing action (persist.vendor.dpmhalservice.enable=*) from (/vendor/etc/init/dpmQmiMgr.rc:13)
03-13 12:46:55.788     0     0 I init    : starting service 'dpmQmiMgr'...
03-13 12:46:55.792     0     0 I init    : processing action (nonencrypted) from (/system/etc/init/hw/init.rc:1086)
03-13 12:46:55.792     0     0 E init    : Could not start service 'qcomsysd' as part of class 'main': Cannot find '/system/vendor/bin/qcom-system-daemon': No such file or directory
03-13 12:46:55.793     0     0 I init    : starting service 'qcom-c_main-sh'...
03-13 12:46:55.797     0     0 E init    : Could not start service 'ptt_socket_app' as part of class 'main': Cannot find '/system/vendor/bin/ptt_socket_app': No such file or directory
03-13 12:46:55.798     0     0 I init    : starting service 'time_daemon'...
03-13 12:46:55.803     0     0 E init    : Could not start service 'energy-awareness' as part of class 'main': Cannot find '/system/vendor/bin/energy-awareness': No such file or directory
03-13 12:46:55.803     0     0 E init    : Could not start service 'smcinvoked' as part of class 'main': Cannot find '/system/bin/smcinvoked': No such file or directory
03-13 12:46:55.803     0     0 I init    : starting service 'zygote'...
03-13 12:46:55.804     0     0 I init    : Created socket '/dev/socket/zygote', mode 660, user 0, group 1000
03-13 12:46:55.805     0     0 I init    : Created socket '/dev/socket/usap_pool_primary', mode 660, user 0, group 1000
03-13 12:46:55.809     0     0 I init    : starting service 'zygote_secondary'...
03-13 12:46:55.810     0     0 I init    : Created socket '/dev/socket/zygote_secondary', mode 660, user 0, group 1000
03-13 12:46:55.811     0     0 I init    : Created socket '/dev/socket/usap_pool_secondary', mode 660, user 0, group 1000
03-13 12:46:55.816     0     0 I init    : starting service 'idmap2d'...
03-13 12:46:55.821     0     0 I init    : starting service 'incidentd'...
03-13 12:46:55.828     0     0 I init    : starting service 'installd'...
03-13 12:46:55.834     0     0 I init    : starting service 'mediaextractor'...
03-13 12:46:55.840     0     0 I init    : starting service 'mediametrics'...
03-13 12:46:55.845     0     0 I init    : starting service 'netd'...
03-13 12:46:55.846     0     0 I init    : Created socket '/dev/socket/dnsproxyd', mode 660, user 0, group 3003
03-13 12:46:55.847     0     0 I init    : Created socket '/dev/socket/mdns', mode 660, user 0, group 1000
03-13 12:46:55.848     0     0 I init    : Created socket '/dev/socket/fwmarkd', mode 660, user 0, group 3003
03-13 12:46:55.853     0     0 I init    : starting service 'storaged'...
03-13 12:46:55.853     0     0 I init    : Could not open file '/d/mmc0/mmc0:0001/ext_csd': Failed to open file '/d/mmc0/mmc0:0001/ext_csd': No such file or directory
03-13 12:46:55.853     0     0 I         : read descriptors
03-13 12:46:55.853     0     0 I         : read strings
03-13 12:46:55.861     0     0 I init    : starting service 'wfdhdcphalservice'...
03-13 12:46:55.867     0     0 I init    : starting service 'vendor.media.omx'...
03-13 12:46:55.874     0     0 I init    : starting service 'vendor.cnd'...
03-13 12:46:55.885     0     0 W QSEECOM : __qseecom_unload_app: App (7) is unloaded
03-13 12:46:55.894     0     0 W QSEECOM : qseecom_send_service_cmd: RPMB key status is 0x0
03-13 12:46:55.895     0     0 I init    : starting service 'wifidisplayhalservice'...
03-13 12:46:55.901     0     0 I init    : starting service 'vendor.ims_rtp_daemon'...
03-13 12:46:55.910     0     0 I init    : starting service 'vendor.imsqmidaemon'...
03-13 12:46:55.911     0     0 I init    : Created socket '/dev/socket/ims_qmid', mode 660, user 1000, group 1001
03-13 12:46:55.911     0     0 I binder  : 1254:1254 ioctl 40046210 7ff98cdb04 returned -22
03-13 12:46:55.918  1256  1256 I installd: installd firing up
03-13 12:46:55.921  1256  1256 D installd: Assuming that device has multi-user storage layout; upgrade no longer supported
03-13 12:46:55.924     0     0 I binder  : 1262:1262 ioctl 40046210 7fcb2ed954 returned -22
03-13 12:46:55.933     0     0 I init    : starting service 'vendor.imsrcsservice'...
03-13 12:46:55.938     0     0 I init    : starting service 'vendor.embmsslServer'...
03-13 12:46:55.946     0     0 I init    : starting service 'thermal-engine'...
03-13 12:46:55.948     0     0 I init    : Created socket '/dev/socket/thermal-send-client', mode 660, user 1000, group 2907
03-13 12:46:55.950     0     0 I init    : Created socket '/dev/socket/thermal-recv-client', mode 660, user 1000, group 2907
03-13 12:46:55.950     0     0 I init    : Created socket '/dev/socket/thermal-recv-passive-client', mode 660, user 1000, group 2907
03-13 12:46:55.951     0     0 I init    : Created socket '/dev/socket/thermal-send-rule', mode 660, user 1000, group 2907
03-13 12:46:55.945  1256  1256 E installd: Failed to setup misc for user 0
03-13 12:46:55.945  1256  1256 E installd: Could not create directories; exiting.
03-13 12:46:55.957     0     0 I init    : starting service 'vendor.ipacm-diag'...
03-13 12:46:55.958     0     0 I init    : Created socket '/dev/socket/ipacm_log_file', mode 660, user 1001, group 1001
03-13 12:46:55.961     0     0 I binder  : 1253:1253 ioctl 40046210 7fdff29ce4 returned -22
03-13 12:46:55.976     0     0 I init    : starting service 'vendor.mutualex'...
03-13 12:46:55.984     0     0 I init    : starting service 'vendor.netmgrd'...
03-13 12:46:55.996     0     0 I init    : starting service 'vendor.port-bridge'...
03-13 12:46:56.001     0     0 I binder  : 1266:1266 ioctl 40046210 7fcf77fe44 returned -22
03-13 12:46:56.010     0     0 I init    : starting service 'vendor.adsprpcd'...
03-13 12:46:56.016     0     0 I init    : starting service 'vendor.adsprpcd_audiopd'...
03-13 12:46:56.018     0     0 I binder  : 1266:1266 ioctl 40046210 7fcf77fdf4 returned -22
03-13 12:46:56.023     0     0 I init    : starting service 'vendor.cdsprpcd'...
03-13 12:46:56.041     0     0 I init    : starting service 'wfdvndservice'...
03-13 12:46:56.051     0     0 I binder  : 1257:1257 ioctl 40046210 7fc190e254 returned -22
03-13 12:46:56.058  1282  1282 I imsrcsd : Uce Service HAL  is starting up...
03-13 12:46:56.063  1282  1282 I imsrcsd : Uce Service HAL  loading imsrcsbaseimpl
03-13 12:46:56.051     0     0 I init    : starting service 'media.swcodec'...
03-13 12:46:56.073     0     0 I init    : Command 'class_start main' action=nonencrypted (/system/etc/init/hw/init.rc:1087) took 280ms and succeeded
03-13 12:46:56.073     0     0 I init    : Service 'zygote' (pid 1249) exited with status 0
03-13 12:46:56.073     0     0 I init    : Sending signal 9 to service 'zygote' (pid 1249) process group...
03-13 12:46:56.074     0     0 I libprocessgroup: Successfully killed process cgroup uid 0 pid 1249 in 0ms
03-13 12:46:56.075     0     0 I init    : starting service 'exec 28 (/system/bin/vdc volume abort_fuse)'...
03-13 12:46:56.079     0     0 I init    : Command 'write /sys/power/state on' action=onrestart (<Service 'zygote' onrestart>:2) took 1ms and failed: Unable to write to file '/sys/power/state': Unable to write file contents: Invalid argument
03-13 12:46:56.079     0     0 I init    : Sending signal 9 to service 'audioserver' (pid 943) process group...
03-13 12:46:56.086     0     0 I libprocessgroup: Successfully killed process cgroup uid 1041 pid 943 in 6ms
03-13 12:46:56.087     0     0 I init    : Sending signal 9 to service 'cameraserver' (pid 944) process group...
03-13 12:46:56.093     0     0 I libprocessgroup: Successfully killed process cgroup uid 1047 pid 944 in 5ms
03-13 12:46:56.093     0     0 I init    : Sending signal 9 to service 'media' (pid 945) process group...
03-13 12:46:56.099     0     0 I libprocessgroup: Successfully killed process cgroup uid 1013 pid 945 in 5ms
03-13 12:46:56.104     0     0 I binder  : 1324:1324 ioctl 40046210 7fe5d23e64 returned -22
03-13 12:46:56.104     0     0 D ProcessState: Binder ioctl to enable oneway spam detection failed: Invalid argument
03-13 12:46:56.105     0     0 I init    : Sending signal 9 to service 'netd' (pid 1265) process group...
03-13 12:46:56.116     0     0 I libprocessgroup: Successfully killed process cgroup uid 0 pid 1265 in 10ms
03-13 12:46:56.117     0     0 I init    : Sending signal 9 to service 'wificond' (pid 946) process group...
03-13 12:46:56.123     0     0 I libprocessgroup: Successfully killed process cgroup uid 1010 pid 946 in 6ms
03-13 12:46:56.125     0     0 I init    : Service 'audioserver' (pid 943) received signal 9
03-13 12:46:56.125     0     0 I init    : Sending signal 9 to service 'vendor.audio-hal' (pid 992) process group...
03-13 12:46:56.126     0     0 D vdc     : Waited 0ms for vold
03-13 12:46:56.137     0     0 I libprocessgroup: Successfully killed process cgroup uid 1041 pid 992 in 11ms
03-13 12:46:56.161  1282  1282 I imsrcsd : Starting Service for First Time imsbaseimpl
03-13 12:46:56.171  1282  1282 I HidlServiceManagement: Registered com.qualcomm.qti.uceservice@2.2::IUceService/com.qualcomm.qti.uceservice (start delay of 220ms)
03-13 12:46:56.171  1282  1282 I imsrcsd : ImsRcsBaseImpl CM_IMSCONNECTIONMANAGER_CREATE_CONNECTION Before Registering Service
03-13 12:46:56.138     0     0 I init    : Command 'restart vendor.audio-hal-4-0-msd' action=onrestart (<Service 'audioserver' onrestart>:2) took 0ms and failed: service vendor.audio-hal-4-0-msd not found
03-13 12:46:56.138     0     0 I init    : Command 'restart audio_proxy_service' action=onrestart (<Service 'audioserver' onrestart>:3) took 0ms and failed: service audio_proxy_service not found
03-13 12:46:56.138     0     0 I init    : Command 'restart vendor.audio-hal-2-0' action=onrestart (<Service 'audioserver' onrestart>:4) took 0ms and failed: service vendor.audio-hal-2-0 not found
03-13 12:46:56.138     0     0 I init    : Command 'restart audio-hal-2-0' action=onrestart (<Service 'audioserver' onrestart>:5) took 0ms and failed: service audio-hal-2-0 not found
03-13 12:46:56.139     0     0 I init    : Service 'cameraserver' (pid 944) received signal 9
03-13 12:46:56.140     0     0 I init    : Service 'media' (pid 945) received signal 9
03-13 12:46:56.142     0     0 I init    : Service 'wificond' (pid 946) received signal 9
03-13 12:46:56.142     0     0 I pm6150_charger: smblib_set_prop_system_temp_level: thermal level:0, batt temp:315, thermal_levels:16chg->system_temp_level:0, charger_type:4
03-13 12:46:56.142     0     0 I         : smblib_set_prop_system_temp_level val=0, chg->system_temp_level=0, LctThermal=0, lct_backlight_off= 0, IsInCall=0
03-13 12:46:56.143     0     0 I init    : Service 'vendor.audio-hal' (pid 992) received signal 9
03-13 12:46:56.147     0     0 I pm6150_charger: smblib_set_prop_system_temp_level: thermal level:0, batt temp:314, thermal_levels:16chg->system_temp_level:0, charger_type:4
03-13 12:46:56.147     0     0 I         : smblib_set_prop_system_temp_level val=0, chg->system_temp_level=0, LctThermal=0, lct_backlight_off= 0, IsInCall=0
03-13 12:46:56.149     0     0 I init    : Service 'zygote_secondary' (pid 1251) exited with status 0
03-13 12:46:56.149     0     0 I init    : Sending signal 9 to service 'zygote_secondary' (pid 1251) process group...
03-13 12:46:56.149     0     0 I libprocessgroup: Successfully killed process cgroup uid 0 pid 1251 in 0ms
03-13 12:46:56.152     0     0 I init    : Service 'installd' (pid 1256) exited with status 1
03-13 12:46:56.152     0     0 I init    : Sending signal 9 to service 'installd' (pid 1256) process group...
03-13 12:46:56.152     0     0 I libprocessgroup: Successfully killed process cgroup uid 0 pid 1256 in 0ms
03-13 12:46:56.153     0     0 I init    : Service 'netd' (pid 1265) received signal 9
03-13 12:46:56.155     0     0 I init    : Service 'vendor.mutualex' (pid 1294) exited with status 0 oneshot service took 0.176000 seconds in background
03-13 12:46:56.155     0     0 I init    : Sending signal 9 to service 'vendor.mutualex' (pid 1294) process group...
03-13 12:46:56.175  1282  1282 I HidlServiceManagement: Registered com.qualcomm.qti.imscmservice@2.2::IImsCmService/qti.ims.connectionmanagerservice (start delay of 225ms)
03-13 12:46:56.176  1282  1282 I imsrcsd : ImsRcsBaseImpl CM_IMSCONNECTIONMANAGER_CREATE_CONNECTION After Registering Service
03-13 12:46:56.156     0     0 I libprocessgroup: Successfully killed process cgroup uid 1001 pid 1294 in 0ms
03-13 12:46:56.158     0     0 I init    : Service 'exec 28 (/system/bin/vdc volume abort_fuse)' (pid 1324) exited with status 0 oneshot service took 0.080000 seconds in background
03-13 12:46:56.158     0     0 I init    : Sending signal 9 to service 'exec 28 (/system/bin/vdc volume abort_fuse)' (pid 1324) process group...
03-13 12:46:56.158     0     0 I libprocessgroup: Successfully killed process cgroup uid 1000 pid 1324 in 0ms
03-13 12:46:56.159     0     0 I init    : Untracked pid 1298 received signal 9
03-13 12:46:56.159     0     0 I init    : Untracked pid 1311 received signal 9
03-13 12:46:56.160     0     0 E init    : Control message: Could not find 'ril-daemon' for ctl.stop from pid: 1293 (stop ril-daemon)
03-13 12:46:56.163     0     0 I init    : starting service 'GtN2IYDR0'...
03-13 12:46:56.170     0     0 E init    : Could not start service 'nqnfcinfo' as part of class 'late_start': Cannot find '/system/vendor/bin/nqnfcinfo': No such file or directory
03-13 12:46:56.170     0     0 I init    : starting service 'cnss-daemon'...
03-13 12:46:56.188  1282  1282 I HidlServiceManagement: Registered vendor.qti.ims.callinfo@1.0::IService/default (start delay of 238ms)
03-13 12:46:56.189  1282  1282 I imsrcsd : ImsRcsBaseImpl ImsCallInfo After Registering Service
03-13 12:46:56.191  1282  1282 I HidlServiceManagement: Registered vendor.qti.ims.factory@1.0::IImsFactory/default (start delay of 241ms)
03-13 12:46:56.192  1282  1282 I imsrcsd : ImsRcsBaseImpl : Successfully registered ImsFactory
03-13 12:46:56.204     0     0 I init    : starting service 'ssgqmigd'...
03-13 12:46:56.205     0     0 I init    : Created socket '/dev/socket/ssgqmig', mode 660, user 1001, group 3003
03-13 12:46:56.209     0     0 I init    : starting service 'mlid'...
03-13 12:46:56.211     0     0 I init    : Created socket '/dev/socket/mlid', mode 666, user 1021, group 1021
03-13 12:46:56.216     0     0 I init    : starting service 'loc_launcher'...
03-13 12:46:56.221     0     0 I init    : starting service 'qcom-sh'...
03-13 12:46:56.228     0     0 E init    : Could not start service 'qvop-daemon' as part of class 'late_start': Cannot find '/vendor/bin/qvop-daemon': No such file or directory
03-13 12:46:56.228     0     0 I init    : starting service 'vendor.atfwd'...
03-13 12:46:56.234     0     0 E init    : Could not start service 'qseeproxydaemon' as part of class 'late_start': Cannot find '/system/vendor/bin/qseeproxydaemon': No such file or directory
03-13 12:46:56.234     0     0 E init    : Could not start service 'chre' as part of class 'late_start': Cannot find '/vendor/bin/chre': No such file or directory
03-13 12:46:56.234     0     0 E init    : Could not start service 'qfp-daemon' as part of class 'late_start': Cannot find '/vendor/bin/qfp-daemon': No such file or directory
03-13 12:46:56.234     0     0 I init    : starting service 'gatekeeperd'...
03-13 12:46:56.241     0     0 I init    : starting service 'usbd'...
03-13 12:46:56.248     0     0 I init    : starting service 'vendor.fps_hal'...
03-13 12:46:56.266     0     0 I init    : starting service 'vendor.qcc-trd'...
03-13 12:46:56.271     0     0 I init    : starting service 'vendor-sensor-sh'...
03-13 12:46:56.277     0     0 I init    : Command 'class_start late_start' action=nonencrypted (/system/etc/init/hw/init.rc:1088) took 114ms and succeeded
03-13 12:46:56.278     0     0 I init    : Service 'GtN2IYDR0' (pid 1386) exited with status 0 oneshot service took 0.111000 seconds in background
03-13 12:46:56.278     0     0 I init    : Sending signal 9 to service 'GtN2IYDR0' (pid 1386) process group...
03-13 12:46:56.278     0     0 I libprocessgroup: Successfully killed process cgroup uid 0 pid 1386 in 0ms
03-13 12:46:56.279     0     0 I binder  : 1422:1422 ioctl 40046210 7fd5191184 returned -22
03-13 12:46:56.280     0     0 E init    : Control message: Could not find 'vendor.ril-daemon' for ctl.stop from pid: 1380 (stop vendor.ril-daemon)
03-13 12:46:56.287     0     0 I init    : processing action (llk.enable=1) from (/system/etc/init/llkd.rc:9)
03-13 12:46:56.288     0     0 I init    : processing action (khungtask.enable=1) from (/system/etc/init/llkd.rc:18)
03-13 12:46:56.289     0     0 I init    : processing action (llk.enable=0) from (/system/etc/init/llkd.rc:12)
03-13 12:46:56.291     0     0 I init    : processing action (khungtask.enable=0) from (/system/etc/init/llkd.rc:21)
03-13 12:46:56.292     0     0 I init    : Service 'usbd' (pid 1422) exited with status 0 oneshot service took 0.047000 seconds in background
03-13 12:46:56.292     0     0 I init    : Sending signal 9 to service 'usbd' (pid 1422) process group...
03-13 12:46:56.292     0     0 I binder  : 1321:1321 ioctl 40046210 7fe02e1b44 returned -22
03-13 12:46:56.292     0     0 I libprocessgroup: Successfully killed process cgroup uid 0 pid 1422 in 0ms
03-13 12:46:56.294     0     0 I init    : processing action (init.svc.mediadrm=running) from (/vendor/etc/init/android.hardware.drm@1.3-service.widevine.rc:1)
03-13 12:46:56.298     0     0 I init    : processing action (sys.usb.config=adb && sys.usb.configfs=1 && sys.usb.ffs.ready=1) from (/system/etc/init/hw/init.usb.configfs.rc:20)
03-13 12:46:56.310     0     0 I android_work: did not send uevent (0 0 0000000000000000)
03-13 12:46:56.310     0     0 I init    : Service 'gatekeeperd' (pid 1421) exited with status 1
03-13 12:46:56.310     0     0 I init    : Sending signal 9 to service 'gatekeeperd' (pid 1421) process group...
03-13 12:46:56.310     0     0 I libprocessgroup: Successfully killed process cgroup uid 1000 pid 1421 in 0ms
03-13 12:46:56.316     0     0 I init    : processing action (vendor.ims.QMI_DAEMON_STATUS=1) from (/vendor/etc/init/imsdatadaemon.rc:14)
03-13 12:46:56.321     0     0 I init    : starting service 'vendor.imsdatadaemon'...
03-13 12:46:56.323     0     0 I init    : Created socket '/dev/socket/ims_datad', mode 660, user 1000, group 1001
03-13 12:46:56.330     0     0 I init    : starting service 'vendor.qcrild'...
03-13 12:46:56.335     0     0 I init    : Control message: Processed ctl.start for 'vendor.qcrild' from pid: 1438 (start vendor.qcrild)
03-13 12:46:56.337     0     0 I init    : processing action (init.svc.vendor.ipacm-diag=running) from (/system/etc/init/init.qcom.rc:19)
03-13 12:46:56.337     0     0 I init    : Sending signal 9 to service 'vendor.ipacm-diag' (pid 1292) process group...
03-13 12:46:56.344     0     0 I libprocessgroup: Successfully killed process cgroup uid 1001 pid 1292 in 6ms
03-13 12:46:56.345     0     0 I init    : Service 'vendor.ipacm-diag' (pid 1292) received signal 9
03-13 12:46:56.349     0     0 I init    : processing action (init.svc.media=*) from (/system/etc/init/mediaserver.rc:1)
03-13 12:46:56.350     0     0 I init    : processing action (init.svc.media=*) from (/system/etc/init/mediaserver.rc:1)
03-13 12:46:56.355     0     0 I init    : processing action (llk.enable=true) from (/system/etc/init/llkd.rc:34)
03-13 12:46:56.355     0     0 I init    : starting service 'llkd-1'...
03-13 12:46:56.355     0     0 I init    : Opened file '/dev/kmsg', flags 1
03-13 12:46:56.355     0     0 I init    : Opened file '/proc/sysrq-trigger', flags 1
03-13 12:46:56.361     0     0 I init    : Service 'vendor-sensor-sh' (pid 1436) exited with status 1 oneshot service took 0.087000 seconds in background
03-13 12:46:56.362     0     0 I init    : Sending signal 9 to service 'vendor-sensor-sh' (pid 1436) process group...
03-13 12:46:56.362     0     0 I libprocessgroup: Successfully killed process cgroup uid 0 pid 1436 in 0ms
03-13 12:46:56.364     0     0 I init    : processing action (khungtask.enable=true) from (/system/etc/init/llkd.rc:25)
03-13 12:46:56.368     0     0 I init    : processing action (khungtask.enable=false) from (/system/etc/init/llkd.rc:31)
03-13 12:46:56.387     0     0 I init    : starting service 'vendor.qcrild2'...
03-13 12:46:56.394     0     0 I init    : Control message: Processed ctl.start for 'vendor.qcrild2' from pid: 1467 (start vendor.qcrild2)
03-13 12:46:56.396     0     0 I init    : starting service 'vendor.msm_irqbalance'...
03-13 12:46:56.399     0     0 I init    : Control message: Processed ctl.start for 'vendor.msm_irqbalance' from pid: 1471 (start vendor.msm_irqbalance)
03-13 12:46:56.404     0     0 I init    : starting service 'vendor.dataqti'...
03-13 12:46:56.405     0     0 I init    : Created socket '/dev/socket/qti_dpm_uds_file', mode 660, user 1001, group 1001
03-13 12:46:56.407     0     0 I init    : Control message: Processed ctl.start for 'vendor.dataqti' from pid: 1475 (start vendor.dataqti)
03-13 12:46:56.420     0     0 I capability: warning: `msm_irqbalance' uses 32-bit capabilities (legacy support in use)
03-13 12:46:56.429     0     0 I init    : starting service 'vendor.dataadpl'...
03-13 12:46:56.430     0     0 I init    : Created socket '/dev/socket/adpl_cmd_uds_file', mode 660, user 1001, group 1001
03-13 12:46:56.432     0     0 I init    : Control message: Processed ctl.start for 'vendor.dataadpl' from pid: 1481 (start vendor.dataadpl)
03-13 12:46:56.444     0     0 I init    : Service 'qcom-c_main-sh' (pid 1243) exited with status 0 oneshot service took 0.649000 seconds in background
03-13 12:46:56.444     0     0 I init    : Sending signal 9 to service 'qcom-c_main-sh' (pid 1243) process group...
03-13 12:46:56.444     0     0 I libprocessgroup: Successfully killed process cgroup uid 0 pid 1243 in 0ms
03-13 12:46:56.449     0     0 I init    : processing action (persist.vendor.hvdcp_opti.start=1) from (/vendor/etc/init/vendor.qti.hardware.charger_monitor@1.0-service.rc:39)
03-13 12:46:56.450     0     0 I init    : starting service 'vendor.hvdcp_opti'...
03-13 12:46:56.454     0     0 I init    : Service 'vendor.qti-chg-policy-sh' (pid 1193) exited with status 0 oneshot service took 0.879000 seconds in background
03-13 12:46:56.454     0     0 I init    : Sending signal 9 to service 'vendor.qti-chg-policy-sh' (pid 1193) process group...
03-13 12:46:56.454     0     0 I libprocessgroup: Successfully killed process cgroup uid 0 pid 1193 in 0ms
03-13 12:46:56.457     0     0 I msm-dwc3 a600000.ssusb: Avail curr from USB = 100
03-13 12:46:56.480     0     0 E MAIN_MGR: hvdcp_opti Version: 3:1:0
03-13 12:46:56.500     0     0 E MAIN_MGR: set keepcaps failed!
03-13 12:46:56.505     0     0 E CP      : calibrate property missing
03-13 12:46:56.505     0     0 E CP      : Failed to configure calibrate level rc=-22
03-13 12:46:56.507     0     0 E CP      : adding pingalarm timer
03-13 12:46:56.507     0     0 E STD-PD  : Registered STD_PD
03-13 12:46:56.508     0     0 E init    : Control message: Could not find 'android.frameworks.sensorservice@1.0::ISensorManager/default' for ctl.interface_start from pid: 556 (/system/bin/hwservicemanager)
03-13 12:46:56.508     0     0 E THERM-BALANCE: Parallel PSY entry not found.
03-13 12:46:56.509     0     0 E SOH-D   : opened /mnt/vendor/persist/hvdcp_opti/soh_info.txt
03-13 12:46:56.509     0     0 E CP      : adding thermal balance suspend timer
03-13 12:46:56.510     0     0 E QG-D    : Registered QG
03-13 12:46:56.511     0     0 E HVDCP2  : Registered HVDCP2
03-13 12:46:56.512     0     0 E CP      : adding thermal balance suspend timer
03-13 12:46:56.513     0     0 E CP      : adding adp req timer, CC Mode
03-13 12:46:56.513     0     0 I USB_ICL : CTM_VOTER,9 voting off of val=-1000
03-13 12:46:56.513     0     0 E CTM     : Registered CTM
03-13 12:46:56.514     0     0 E SOH-D   : Registered SOH (hvdcp_opti)!
03-13 12:46:56.514     0     0 I QG_WS   : UDATA_READY_VOTER,6 voting on of val=1
03-13 12:46:56.514     0     0 I QG-K    : process_udata_work: udata update: QG_SOC=67 QG_SYS_SOC=6699 last_catchup_soc=67
03-13 12:46:56.514     0     0 I QG-K    : qg_process_tcss_soc: TCSS: Quit - enabled=1 sys_soc=6699 tcss_entry_count=0 fifo_i_ua=-89721
03-13 12:46:56.514     0     0 E QG-K    : qg_adjust_sys_soc: cc_soc = 6693, batt_soc = 6692, sys_soc = 6699, soc = 67
03-13 12:46:56.514     0     0 I QG-K    : qg_process_bass_soc: BASS Entry: fifo_i=-89721 sys_soc=67 msoc=67 batt_soc=67 fvss_active=0
03-13 12:46:56.514     0     0 I QG-K    : qg_process_bass_soc: BASS Quit: enabled=1 fifo_i_ua=-89721 sys_soc=67 msoc=67 batt_soc=6692
03-13 12:46:56.514     0     0 I QG-K    : qg_adjust_sys_soc: sys_soc=6699 adjusted sys_soc=67
03-13 12:46:56.514     0     0 I QG-K    : qg_scale_soc: SOC scale: Start msoc=67 catch_up_soc=67 delta_soc=1
03-13 12:46:56.514     0     0 I QG-K    : scale_soc_stop: SOC scale stopped: msoc=67 catch_up_soc=67
03-13 12:46:56.519     0     0 I QG_WS   : UDATA_READY_VOTER,6 voting off of val=0
03-13 12:46:56.537     0     0 E CP      : registered CP
03-13 12:46:56.590     0     0 I android_work: sent uevent USB_STATE=CONNECTED
03-13 12:46:56.594     0     0 I android_work: sent uevent USB_STATE=DISCONNECTED
03-13 12:46:56.713     0     0 W kona-asoc-snd soc: qcom,msm-audio-apr:qcom,q6core-audio:sound: msm_init_aux_dev: Max WSA devices is 0 for this target?
03-13 12:46:56.736     0     0 W QSEECOM : qseecom_load_app: App (cardapp) does'nt exist, loading apps for first time
03-13 12:46:56.744     0     0 I wcd937x_codec wcd937x-codec: msm_cdc_dt_parse_vreg_info: cdc-vdd-ldo-rxtx: vol=[1800000 1800000]uV, curr=[25000]uA, ond 0
03-13 12:46:56.744     0     0 I wcd937x_codec wcd937x-codec: msm_cdc_dt_parse_vreg_info: cdc-vddpx-1: vol=[1800000 1800000]uV, curr=[10000]uA, ond 0
03-13 12:46:56.745     0     0 I wcd937x_codec wcd937x-codec: msm_cdc_dt_parse_vreg_info: cdc-vdd-mic-bias: vol=[3300000 3300000]uV, curr=[30000]uA, ond 0
03-13 12:46:56.745     0     0 I android_work: sent uevent USB_STATE=CONNECTED
03-13 12:46:56.745     0     0 I wcd937x_codec wcd937x-codec: msm_cdc_dt_parse_vreg_info: cdc-vdd-buck: vol=[1800000 1800000]uV, curr=[650000]uA, ond 1
03-13 12:46:56.748     0     0 I configfs-gadget gadget: high-speed config #1: b
03-13 12:46:56.748     0     0 I msm-dwc3 a600000.ssusb: Avail curr from USB = 500
03-13 12:46:56.748     0     0 I android_work: sent uevent USB_STATE=CONFIGURED
03-13 12:46:56.755     0     0 I wcd937x_codec wcd937x-codec: bound wcd937x-slave.a01170224 (ops 0xffffff8ba5b833c0)
03-13 12:46:56.755     0     0 I wcd937x_codec wcd937x-codec: bound wcd937x-slave.a01170223 (ops 0xffffff8ba5b833c0)
03-13 12:46:56.761     0     0 W QSEECOM : qseecom_load_app: App with id 8 (cardapp) now loaded
03-13 12:46:56.762     0     0 W QSEECOM : qseecom_load_app: App (fpctzapp) does'nt exist, loading apps for first time
03-13 12:46:56.772     0     0 I ueventd : firmware: loading 'modem.b02' for '/devices/platform/soc/4080000.qcom,mss/firmware/modem.b02'
03-13 12:46:56.775     0     0 I ueventd : firmware: loading 'modem.b03' for '/devices/platform/soc/4080000.qcom,mss/firmware/modem.b03'
03-13 12:46:56.776     0     0 I ueventd : loading /devices/platform/soc/4080000.qcom,mss/firmware/modem.b02 took 3ms
03-13 12:46:56.776     0     0 I ueventd : loading /devices/platform/soc/4080000.qcom,mss/firmware/modem.b03 took 0ms
03-13 12:46:56.792     0     0 I ueventd : firmware: loading 'modem.b06' for '/devices/platform/soc/4080000.qcom,mss/firmware/modem.b06'
03-13 12:46:56.792     0     0 I ueventd : firmware: loading 'modem.b05' for '/devices/platform/soc/4080000.qcom,mss/firmware/modem.b05'
03-13 12:46:56.793     0     0 I ueventd : firmware: loading 'modem.b04' for '/devices/platform/soc/4080000.qcom,mss/firmware/modem.b04'
03-13 12:46:56.795     0     0 I ueventd : firmware: loading 'modem.b07' for '/devices/platform/soc/4080000.qcom,mss/firmware/modem.b07'
03-13 12:46:56.797     0     0 I ueventd : firmware: loading 'modem.b08' for '/devices/platform/soc/4080000.qcom,mss/firmware/modem.b08'
03-13 12:46:56.797     0     0 I ueventd : loading /devices/platform/soc/4080000.qcom,mss/firmware/modem.b05 took 4ms
03-13 12:46:56.805     0     0 I ueventd : firmware: loading 'modem.b09' for '/devices/platform/soc/4080000.qcom,mss/firmware/modem.b09'
03-13 12:46:56.810     0     0 I ueventd : loading /devices/platform/soc/4080000.qcom,mss/firmware/modem.b06 took 18ms
03-13 12:46:56.810     0     0 I ueventd : loading /devices/platform/soc/4080000.qcom,mss/firmware/modem.b07 took 15ms
03-13 12:46:56.813     0     0 I ueventd : loading /devices/platform/soc/4080000.qcom,mss/firmware/modem.b04 took 20ms
03-13 12:46:56.817     0     0 W QSEECOM : qseecom_load_app: App with id 9 (fpctzapp) now loaded
03-13 12:46:56.817     0     0 I ueventd : loading /devices/platform/soc/4080000.qcom,mss/firmware/modem.b08 took 20ms
03-13 12:46:56.817     0     0 I ueventd : firmware: loading 'modem.b10' for '/devices/platform/soc/4080000.qcom,mss/firmware/modem.b10'
03-13 12:46:56.818     0     0 I ueventd : firmware: loading 'modem.b14' for '/devices/platform/soc/4080000.qcom,mss/firmware/modem.b14'
03-13 12:46:56.820     0     0 I ueventd : firmware: loading 'modem.b11' for '/devices/platform/soc/4080000.qcom,mss/firmware/modem.b11'
03-13 12:46:56.820     0     0 I ueventd : loading /devices/platform/soc/4080000.qcom,mss/firmware/modem.b14 took 2ms
03-13 12:46:56.821     0     0 I ueventd : firmware: loading 'modem.b12' for '/devices/platform/soc/4080000.qcom,mss/firmware/modem.b12'
03-13 12:46:56.824     0     0 I ueventd : loading /devices/platform/soc/4080000.qcom,mss/firmware/modem.b10 took 6ms
03-13 12:46:56.826     0     0 I ueventd : firmware: loading 'modem.b15' for '/devices/platform/soc/4080000.qcom,mss/firmware/modem.b15'
03-13 12:46:56.828     0     0 I ueventd : loading /devices/platform/soc/4080000.qcom,mss/firmware/modem.b12 took 7ms
03-13 12:46:56.832     0     0 I ueventd : firmware: loading 'modem.b16' for '/devices/platform/soc/4080000.qcom,mss/firmware/modem.b16'
03-13 12:46:56.833     0     0 I ueventd : loading /devices/platform/soc/4080000.qcom,mss/firmware/modem.b09 took 28ms
03-13 12:46:56.834     0     0 I ueventd : firmware: loading 'modem.b17' for '/devices/platform/soc/4080000.qcom,mss/firmware/modem.b17'
03-13 12:46:56.839     0     0 I ueventd : loading /devices/platform/soc/4080000.qcom,mss/firmware/modem.b11 took 19ms
03-13 12:46:56.841     0     0 W QSEECOM : __qseecom_unload_app: App (8) is unloaded
03-13 12:46:56.845     0     0 I ueventd : firmware: loading 'modem.b20' for '/devices/platform/soc/4080000.qcom,mss/firmware/modem.b20'
03-13 12:46:56.849     0     0 I ueventd : firmware: loading 'modem.b18' for '/devices/platform/soc/4080000.qcom,mss/firmware/modem.b18'
03-13 12:46:56.852     0     0 I ueventd : firmware: loading 'modem.b21' for '/devices/platform/soc/4080000.qcom,mss/firmware/modem.b21'
03-13 12:46:56.854     0     0 I ueventd : loading /devices/platform/soc/4080000.qcom,mss/firmware/modem.b20 took 10ms
03-13 12:46:56.859     0     0 I ueventd : firmware: loading 'modem.b22' for '/devices/platform/soc/4080000.qcom,mss/firmware/modem.b22'
03-13 12:46:56.864     0     0 I ueventd : loading /devices/platform/soc/4080000.qcom,mss/firmware/modem.b18 took 14ms
03-13 12:46:56.870     0     0 I ueventd : loading /devices/platform/soc/4080000.qcom,mss/firmware/modem.b15 took 44ms
03-13 12:46:56.876     0     0 I ueventd : firmware: loading 'modem.b23' for '/devices/platform/soc/4080000.qcom,mss/firmware/modem.b23'
03-13 12:46:56.878     0     0 I ueventd : firmware: loading 'modem.b24' for '/devices/platform/soc/4080000.qcom,mss/firmware/modem.b24'
03-13 12:46:56.886     0     0 I ueventd : loading /devices/platform/soc/4080000.qcom,mss/firmware/modem.b22 took 27ms
03-13 12:46:56.891     0     0 I ueventd : firmware: loading 'modem.b26' for '/devices/platform/soc/4080000.qcom,mss/firmware/modem.b26'
03-13 12:46:56.892     0     0 I ueventd : firmware: loading 'modem.b25' for '/devices/platform/soc/4080000.qcom,mss/firmware/modem.b25'
03-13 12:46:56.892     0     0 I ueventd : loading /devices/platform/soc/4080000.qcom,mss/firmware/modem.b23 took 17ms
03-13 12:46:56.893     0     0 I ueventd : loading /devices/platform/soc/4080000.qcom,mss/firmware/modem.b24 took 15ms
03-13 12:46:56.898     0     0 I ueventd : firmware: loading 'modem.b27' for '/devices/platform/soc/4080000.qcom,mss/firmware/modem.b27'
03-13 12:46:56.901     0     0 I ueventd : loading /devices/platform/soc/4080000.qcom,mss/firmware/modem.b26 took 10ms
03-13 12:46:56.905     0     0 I ueventd : firmware: loading 'modem.b28' for '/devices/platform/soc/4080000.qcom,mss/firmware/modem.b28'
03-13 12:46:56.911     0     0 I ueventd : loading /devices/platform/soc/4080000.qcom,mss/firmware/modem.b27 took 12ms
03-13 12:46:56.912     0     0 I ueventd : firmware: loading 'modem.b29' for '/devices/platform/soc/4080000.qcom,mss/firmware/modem.b29'
03-13 12:46:56.914     0     0 I ueventd : loading /devices/platform/soc/4080000.qcom,mss/firmware/modem.b25 took 21ms
03-13 12:46:56.930     0     0 I ueventd : loading /devices/platform/soc/4080000.qcom,mss/firmware/modem.b28 took 25ms
03-13 12:46:56.932     0     0 I ueventd : loading /devices/platform/soc/4080000.qcom,mss/firmware/modem.b29 took 19ms
03-13 12:46:56.935     0     0 I ueventd : loading /devices/platform/soc/4080000.qcom,mss/firmware/modem.b16 took 102ms
03-13 12:46:56.961     0     0 I ueventd : loading /devices/platform/soc/4080000.qcom,mss/firmware/modem.b17 took 127ms
03-13 12:46:57.029     0     0 I ueventd : loading /devices/platform/soc/4080000.qcom,mss/firmware/modem.b21 took 176ms
03-13 12:46:57.058     0     0 W kona-asoc-snd soc: qcom,msm-audio-apr:qcom,q6core-audio:sound: msm_init_aux_dev: Max WSA devices is 0 for this target?
03-13 12:46:57.059     0     0 I kona-asoc-snd soc: qcom,msm-audio-apr:qcom,q6core-audio:sound: msm_init_aux_dev: found 1 AUX codecs registered with ALSA core
03-13 12:46:57.079     0     0 W msm-pcm-routing soc: qcom,msm-pcm-routing: ASoC: no dapm match for TX_CDC_DMA_TX_3 --> TX_CDC_DMA_TX_3 --> RX_CDC_DMA_RX_1 Port Mixer
03-13 12:46:57.079     0     0 E msm-pcm-routing soc: qcom,msm-pcm-routing: ASoC: Failed to add route TX_CDC_DMA_TX_3 -> TX_CDC_DMA_TX_3 -> RX_CDC_DMA_RX_1 Port Mixer
03-13 12:46:57.087     0     0 E msm-pcm-routing soc: qcom,msm-pcm-routing: ASoC: no source widget found for PRI_TDM_TX_3
03-13 12:46:57.087     0     0 E msm-pcm-routing soc: qcom,msm-pcm-routing: ASoC: Failed to add route PRI_TDM_TX_3 -> PRI_TDM_TX_3_Voip -> Voip_Tx Mixer
03-13 12:46:57.090     0     0 W msm-pcm-routing soc: qcom,msm-pcm-routing: ASoC: no dapm match for TX_CDC_DMA_TX_3 --> TX_CDC_DMA_TX_3 --> TERT_MI2S_RX Port Mixer
03-13 12:46:57.090     0     0 E msm-pcm-routing soc: qcom,msm-pcm-routing: ASoC: Failed to add route TX_CDC_DMA_TX_3 -> TX_CDC_DMA_TX_3 -> TERT_MI2S_RX Port Mixer
03-13 12:46:57.090     0     0 W msm-pcm-routing soc: qcom,msm-pcm-routing: ASoC: no dapm match for TX_CDC_DMA_TX_4 --> TX_CDC_DMA_TX_4 --> TERT_MI2S_RX Port Mixer
03-13 12:46:57.090     0     0 E msm-pcm-routing soc: qcom,msm-pcm-routing: ASoC: Failed to add route TX_CDC_DMA_TX_4 -> TX_CDC_DMA_TX_4 -> TERT_MI2S_RX Port Mixer
03-13 12:46:57.224     0     0 I init    : processing action (ro.vendor.ril.mbn_copy_completed=1) from (/vendor/etc/init/hw/init.qcom.rc:766)
03-13 12:46:57.232     0     0 I init    : Service 'qcom-sh' (pid 1418) exited with status 0 oneshot service took 1.009000 seconds in background
03-13 12:46:57.232     0     0 I init    : Sending signal 9 to service 'qcom-sh' (pid 1418) process group...
03-13 12:46:57.233     0     0 I libprocessgroup: Successfully killed process cgroup uid 0 pid 1418 in 0ms
03-13 12:46:57.370     0     0 I subsys-pil-tz 4080000.qcom,mss: modem: Brought out of reset
03-13 12:46:57.388     0     0 I input   : uinput-fpc as /devices/virtual/input/input4
03-13 12:46:57.391     0     0 I subsys-pil-tz 4080000.qcom,mss: Subsystem error monitoring/handling services are up
03-13 12:46:57.394     0     0 I ipa-wan ipa3_lcl_mdm_ssr_notifier_cb: 3173 IPA received MPSS AFTER_POWERUP
03-13 12:46:57.394     0     0 E ipa3_odl_pipe_open: 371 adpl pipe not configured
03-13 12:46:57.394     0     0 I ipa-wan ipa3_lcl_mdm_ssr_notifier_cb: 3178 IPA AFTER_POWERUP handling is complete
03-13 12:46:57.395     0     0 I subsys-pil-tz 4080000.qcom,mss: modem: Power/Clock ready interrupt received
03-13 12:46:57.543     0     0 E init    : Control message: Could not find 'android.frameworks.sensorservice@1.0::ISensorManager/default' for ctl.interface_start from pid: 556 (/system/bin/hwservicemanager)
03-13 12:46:57.628     0     0 E TI-SmartPA: tas_smartamp_add_algo_controls: Adding smartamp controls
03-13 12:46:57.637     0     0 E TI-SmartPA: tas_calib_init
03-13 12:46:57.643     0     0 E qrtr    : Modem QMI Readiness RX cmd:0x2 node[0x0]
03-13 12:46:57.644     0     0 E         : tas2562 tas2562: tas2562_change_book_page,  L=176
03-13 12:46:57.644     0     0 I service-notifier: service_notifier_new_server: Connection established between QMI handle and 180 service
03-13 12:46:57.646     0     0 E rmt_storage: INFO:rmt_storage_open_cb: Processing: Open Request (req_h 0x1) for /boot/modem_fs1!
03-13 12:46:57.647     0     0 I sysmon-qmi: ssctl_new_server: Connection established between QMI handle and modem's SSCTL service
03-13 12:46:57.647     0     0 E         : tas2562 tas2562: tas2562_change_book_page,  L=180
03-13 12:46:57.648     0     0 E rmt_storage: INFO:rmt_storage_open_cb: Processing: Open Request (req_h 0x2) for /boot/modem_fs2!
03-13 12:46:57.650     0     0 E         : tas2562 tas2562: tas2562_change_book_page,  L=176
03-13 12:46:57.651     0     0 E         : tas2562 tas2562: tas2562_change_book_page,  L=180
