03-13 12:47:05.232     0     0 I init    : Service 'credstore' (pid 2023) received signal 6
03-13 12:47:05.232     0     0 I init    : Sending signal 9 to service 'credstore' (pid 2023) process group...
03-13 12:47:05.232     0     0 I libprocessgroup: Successfully killed process cgroup uid 1076 pid 2023 in 0ms
03-13 12:47:05.233     0     0 I         : tas2562 tas2562: tas2562_get_left_speaker_switch, p_u_control = 0
03-13 12:47:05.233     0     0 I         : tas2562 tas2562: tas2562_get_right_speaker_switch, p_u_control = 0
03-13 12:47:05.233     0     0 E msm_ext_disp_update_audio_ops: Display not found (EXT_DISPLAY_TYPE_DP) ctld (0) stream (0)
03-13 12:47:05.233     0     0 E msm_ext_disp_update_audio_ops: Display not found (EXT_DISPLAY_TYPE_DP) ctld (0) stream (0)
03-13 12:47:05.233     0     0 E msm_ext_disp_update_audio_ops: Display not found (EXT_DISPLAY_TYPE_DP) ctld (0) stream (0)
03-13 12:47:05.233     0     0 E msm_ext_disp_update_audio_ops: Display not found (EXT_DISPLAY_TYPE_DP) ctld (0) stream (0)
03-13 12:47:05.234     0     0 E msm_ext_disp_update_audio_ops: Display not found (EXT_DISPLAY_TYPE_DP) ctld (0) stream (0)
03-13 12:47:05.234     0     0 E msm_ext_disp_update_audio_ops: Display not found (EXT_DISPLAY_TYPE_DP) ctld (0) stream (0)
03-13 12:47:05.234     0     0 E msm_ext_disp_update_audio_ops: Display not found (EXT_DISPLAY_TYPE_DP) ctld (0) stream (0)
03-13 12:47:05.234     0     0 E msm_ext_disp_update_audio_ops: Display not found (EXT_DISPLAY_TYPE_DP) ctld (0) stream (0)
03-13 12:47:05.234     0     0 E msm-ext-disp-audio-codec-rx soc: qcom,msm-ext-disp:qcom,msm-ext-disp-audio-codec-rx: msm_ext_disp_audio_type_get: get_audio_edid_blk() or get_intf_id is NULL
03-13 12:47:05.234     0     0 E msm_ext_disp_update_audio_ops: Display not found (EXT_DISPLAY_TYPE_DP) ctld (0) stream (0)
03-13 12:47:05.235     0     0 E msm_ext_disp_update_audio_ops: Display not found (EXT_DISPLAY_TYPE_DP) ctld (0) stream (0)
03-13 12:47:05.235     0     0 E msm-ext-disp-audio-codec-rx soc: qcom,msm-ext-disp:qcom,msm-ext-disp-audio-codec-rx: msm_ext_disp_audio_type_get: get_audio_edid_blk() or get_intf_id is NULL
03-13 12:47:05.285     0     0 E         : msm_pcm_volume_ctl_get substream not found
03-13 12:47:05.305     0     0 E         : msm_qti_pp_get_rms_value_control, back not active to query rms be_idx:3
03-13 12:47:05.321     0     0 E doa_tracking_mon_afe_cb_handler: doa_tracking_mon_resp status: 2 payload size 388
03-13 12:47:05.322     0     0 E afe_apr_send_pkt: DSP returned error[ADSP_EBADPARAM]
03-13 12:47:05.322     0     0 E afe_get_doa_tracking_mon: get param port 0xb021 param id[0x1097d] failed -22
03-13 12:47:05.322     0     0 E msm_doa_tracking_mon_get: Error getting Doa Tracking Params, err=-22
03-13 12:47:05.332     0     0 I core_get_license_status: cmdrsp_license_result.result = 0x15 for module 0x131ff
03-13 12:47:05.339     0     0 I         : tas2562 tas2562: value: 0x2, tas2562iv_enable 1
03-13 12:47:05.340     0     0 I TI-SmartPA: tas25xx_smartamp_debug_enable_get: case 0
03-13 12:47:05.340     0     0 I TI-SmartPA: tas25xx_get_profile: getting profile NONE
03-13 12:47:05.342     0     0 I TI-SmartPA: tas25xx_get_re_common, channel=1
03-13 12:47:05.342     0     0 I TI-SmartPA: tas25xx_get_re_left: Getting Re 0
03-13 12:47:05.342     0     0 I TI-SmartPA: tas25xx_get_f0_common, channel=1
03-13 12:47:05.342     0     0 I TI-SmartPA: tas25xx_get_f0_left: Getting F0 val=0
03-13 12:47:05.342     0     0 I TI-SmartPA: tas25xx_get_q_common, channel=1
03-13 12:47:05.342     0     0 I TI-SmartPA: tas25xx_get_q_left: Getting Q 0
03-13 12:47:05.342     0     0 I TI-SmartPA: tas25xx_get_tv_common, channel=1
03-13 12:47:05.342     0     0 I TI-SmartPA: tas25xx_get_tv_left: Getting Tv 0
03-13 12:47:05.343     0     0 I TI-SmartPA: tas25xx_smartamp_enable_get: case 0(0=DISABLE, 1=ENABLE)
03-13 12:47:05.343     0     0 I TI-SmartPA: tas25xx_smartamp_bypass_get: case 0
03-13 12:47:05.345     0     0 I         : tas2562 tas2562: tas2562_get_left_speaker_switch, p_u_control = 0
03-13 12:47:05.345     0     0 I         : tas2562 tas2562: tas2562_get_right_speaker_switch, p_u_control = 0
03-13 12:47:05.345     0     0 E msm_ext_disp_update_audio_ops: Display not found (EXT_DISPLAY_TYPE_DP) ctld (0) stream (0)
03-13 12:47:05.345     0     0 E msm_ext_disp_update_audio_ops: Display not found (EXT_DISPLAY_TYPE_DP) ctld (0) stream (0)
03-13 12:47:05.345     0     0 E msm_ext_disp_update_audio_ops: Display not found (EXT_DISPLAY_TYPE_DP) ctld (0) stream (0)
03-13 12:47:05.346     0     0 E msm_ext_disp_update_audio_ops: Display not found (EXT_DISPLAY_TYPE_DP) ctld (0) stream (0)
03-13 12:47:05.346     0     0 E msm_ext_disp_update_audio_ops: Display not found (EXT_DISPLAY_TYPE_DP) ctld (0) stream (0)
03-13 12:47:05.346     0     0 E msm_ext_disp_update_audio_ops: Display not found (EXT_DISPLAY_TYPE_DP) ctld (0) stream (0)
03-13 12:47:05.346     0     0 E msm_ext_disp_update_audio_ops: Display not found (EXT_DISPLAY_TYPE_DP) ctld (0) stream (0)
03-13 12:47:05.346     0     0 E msm_ext_disp_update_audio_ops: Display not found (EXT_DISPLAY_TYPE_DP) ctld (0) stream (0)
03-13 12:47:05.346     0     0 E msm-ext-disp-audio-codec-rx soc: qcom,msm-ext-disp:qcom,msm-ext-disp-audio-codec-rx: msm_ext_disp_audio_type_get: get_audio_edid_blk() or get_intf_id is NULL
03-13 12:47:05.347     0     0 E msm_ext_disp_update_audio_ops: Display not found (EXT_DISPLAY_TYPE_DP) ctld (0) stream (0)
03-13 12:47:05.347     0     0 E msm_ext_disp_update_audio_ops: Display not found (EXT_DISPLAY_TYPE_DP) ctld (0) stream (0)
03-13 12:47:05.347     0     0 E msm-ext-disp-audio-codec-rx soc: qcom,msm-ext-disp:qcom,msm-ext-disp-audio-codec-rx: msm_ext_disp_audio_type_get: get_audio_edid_blk() or get_intf_id is NULL
03-13 12:47:05.432     0     0 E         : msm_pcm_volume_ctl_get substream not found
03-13 12:47:05.528     0     0 E init    : Control message: Could not find 'android.frameworks.sensorservice@1.0::ISensorManager/default' for ctl.interface_start from pid: 556 (/system/bin/hwservicemanager)
03-13 12:47:05.811     0     0 I init    : starting service 'zygote'...
03-13 12:47:05.812     0     0 I init    : Created socket '/dev/socket/zygote', mode 660, user 0, group 1000
03-13 12:47:05.812     0     0 I init    : Created socket '/dev/socket/usap_pool_primary', mode 660, user 0, group 1000
03-13 12:47:05.816     0     0 I init    : starting service 'zygote_secondary'...
03-13 12:47:05.816     0     0 I init    : Created socket '/dev/socket/zygote_secondary', mode 660, user 0, group 1000
03-13 12:47:05.817     0     0 I init    : Created socket '/dev/socket/usap_pool_secondary', mode 660, user 0, group 1000
03-13 12:47:05.834     0     0 I init    : starting service 'installd'...
03-13 12:47:05.862  2036  2036 I installd: installd firing up
03-13 12:47:05.863  2036  2036 D installd: Assuming that device has multi-user storage layout; upgrade no longer supported
03-13 12:47:05.864  2036  2036 E installd: Failed to setup misc for user 0
03-13 12:47:05.864  2036  2036 E installd: Could not create directories; exiting.
03-13 12:47:05.847     0     0 I init    : Service 'installd' (pid 2036) exited with status 1
03-13 12:47:05.847     0     0 I init    : Sending signal 9 to service 'installd' (pid 2036) process group...
03-13 12:47:05.847     0     0 I libprocessgroup: Successfully killed process cgroup uid 0 pid 2036 in 0ms
03-13 12:47:05.858     0     0 I init    : starting service 'netd'...
03-13 12:47:05.858     0     0 I init    : Created socket '/dev/socket/dnsproxyd', mode 660, user 0, group 3003
03-13 12:47:05.859     0     0 I init    : Created socket '/dev/socket/mdns', mode 660, user 0, group 1000
03-13 12:47:05.859     0     0 I init    : Created socket '/dev/socket/fwmarkd', mode 660, user 0, group 3003
03-13 12:47:05.929     0     0 I init    : Service 'zygote' (pid 2034) exited with status 0
03-13 12:47:05.929     0     0 I init    : Sending signal 9 to service 'zygote' (pid 2034) process group...
03-13 12:47:05.929     0     0 I libprocessgroup: Successfully killed process cgroup uid 0 pid 2034 in 0ms
03-13 12:47:05.929     0     0 I init    : starting service 'exec 30 (/system/bin/vdc volume abort_fuse)'...
03-13 12:47:05.931     0     0 I init    : Command 'write /sys/power/state on' action=onrestart (<Service 'zygote' onrestart>:2) took 0ms and failed: Unable to write to file '/sys/power/state': Unable to write file contents: Invalid argument
03-13 12:47:05.931     0     0 I init    : Sending signal 9 to service 'audioserver' (pid 2001) process group...
03-13 12:47:05.938     0     0 I binder  : 2044:2044 ioctl 40046210 7fe7005124 returned -22
03-13 12:47:05.938     0     0 D ProcessState: Binder ioctl to enable oneway spam detection failed: Invalid argument
03-13 12:47:05.939     0     0 D vdc     : Waited 0ms for vold
03-13 12:47:05.939     0     0 I libprocessgroup: Successfully killed process cgroup uid 1041 pid 2001 in 7ms
03-13 12:47:05.940     0     0 I init    : Sending signal 9 to service 'cameraserver' (pid 2002) process group...
03-13 12:47:05.942     0     0 E wcdcal_hwdep_ioctl_shared: codec didn't set this 0!!
03-13 12:47:05.945     0     0 I libprocessgroup: Successfully killed process cgroup uid 1047 pid 2002 in 5ms
03-13 12:47:05.946     0     0 E wcdcal_hwdep_ioctl_shared: codec didn't set this 3!!
03-13 12:47:05.946     0     0 I init    : Sending signal 9 to service 'media' (pid 2004) process group...
03-13 12:47:05.956     0     0 I libprocessgroup: Successfully killed process cgroup uid 1013 pid 2004 in 9ms
03-13 12:47:05.956     0     0 I init    : Sending signal 9 to service 'netd' (pid 2037) process group...
03-13 12:47:06.008     0     0 I libprocessgroup: Successfully killed process cgroup uid 0 pid 2037 in 51ms
03-13 12:47:06.009     0     0 I init    : Command 'restart netd' action=onrestart (<Service 'zygote' onrestart>:6) took 52ms and succeeded
03-13 12:47:06.009     0     0 I init    : Sending signal 9 to service 'wificond' (pid 2005) process group...
03-13 12:47:06.014     0     0 I QG-K    : qg_battery_soc_smooth_tracking: soc:67, last_soc:67, raw_soc:67, soc_changed:0, update_now:0, charge_status:1, batt_ma:0
03-13 12:47:06.015     0     0 I libprocessgroup: Successfully killed process cgroup uid 1010 pid 2005 in 5ms
03-13 12:47:06.016     0     0 E QG-K    : soc_monitor_work: soc:67, raw_soc:67, c:0, s:1
03-13 12:47:06.017     0     0 I init    : Service 'audioserver' (pid 2001) received signal 9
03-13 12:47:06.017     0     0 I init    : Sending signal 9 to service 'vendor.audio-hal' (pid 2003) process group...
03-13 12:47:06.022     0     0 I libprocessgroup: Successfully killed process cgroup uid 1041 pid 2003 in 5ms
03-13 12:47:06.023     0     0 I init    : Command 'restart vendor.audio-hal-4-0-msd' action=onrestart (<Service 'audioserver' onrestart>:2) took 0ms and failed: service vendor.audio-hal-4-0-msd not found
03-13 12:47:06.023     0     0 I init    : Command 'restart audio_proxy_service' action=onrestart (<Service 'audioserver' onrestart>:3) took 0ms and failed: service audio_proxy_service not found
03-13 12:47:06.023     0     0 I init    : Command 'restart vendor.audio-hal-2-0' action=onrestart (<Service 'audioserver' onrestart>:4) took 0ms and failed: service vendor.audio-hal-2-0 not found
03-13 12:47:06.023     0     0 I init    : Command 'restart audio-hal-2-0' action=onrestart (<Service 'audioserver' onrestart>:5) took 0ms and failed: service audio-hal-2-0 not found
03-13 12:47:06.024     0     0 I init    : Service 'cameraserver' (pid 2002) received signal 9
03-13 12:47:06.025     0     0 I init    : Service 'vendor.audio-hal' (pid 2003) received signal 9
03-13 12:47:06.026     0     0 I init    : Service 'media' (pid 2004) received signal 9
03-13 12:47:06.027     0     0 I init    : Service 'wificond' (pid 2005) received signal 9
03-13 12:47:06.027     0     0 I init    : Service 'zygote_secondary' (pid 2035) exited with status 0
03-13 12:47:06.027     0     0 I init    : Sending signal 9 to service 'zygote_secondary' (pid 2035) process group...
03-13 12:47:06.027     0     0 I libprocessgroup: Successfully killed process cgroup uid 0 pid 2035 in 0ms
03-13 12:47:06.028     0     0 I init    : Service 'netd' (pid 2037) received signal 9
03-13 12:47:06.029     0     0 I init    : Service 'exec 30 (/system/bin/vdc volume abort_fuse)' (pid 2044) exited with status 0 oneshot service took 0.098000 seconds in background
03-13 12:47:06.029     0     0 I init    : Sending signal 9 to service 'exec 30 (/system/bin/vdc volume abort_fuse)' (pid 2044) process group...
03-13 12:47:06.029     0     0 I libprocessgroup: Successfully killed process cgroup uid 1000 pid 2044 in 0ms
03-13 12:47:06.029     0     0 I init    : Untracked pid 2042 received signal 9
03-13 12:47:06.029     0     0 I init    : Untracked pid 2043 received signal 9
03-13 12:47:06.030     0     0 I init    : processing action (init.svc.media=*) from (/system/etc/init/mediaserver.rc:1)
03-13 12:47:06.031     0     0 I init    : processing action (init.svc.media=*) from (/system/etc/init/mediaserver.rc:1)
03-13 12:47:06.135  1266  1962 E storaged: getService package_native failed
03-13 12:47:06.242     0     0 I init    : starting service 'gatekeeperd'...
03-13 12:47:06.270     0     0 I init    : Service 'gatekeeperd' (pid 2047) exited with status 1
03-13 12:47:06.270     0     0 I init    : Sending signal 9 to service 'gatekeeperd' (pid 2047) process group...
03-13 12:47:06.270     0     0 I libprocessgroup: Successfully killed process cgroup uid 1000 pid 2047 in 0ms
03-13 12:47:06.529     0     0 E init    : Control message: Could not find 'android.frameworks.sensorservice@1.0::ISensorManager/default' for ctl.interface_start from pid: 556 (/system/bin/hwservicemanager)
03-13 12:47:07.531     0     0 E init    : Control message: Could not find 'android.frameworks.sensorservice@1.0::ISensorManager/default' for ctl.interface_start from pid: 556 (/system/bin/hwservicemanager)
03-13 12:47:08.532     0     0 E init    : Control message: Could not find 'android.frameworks.sensorservice@1.0::ISensorManager/default' for ctl.interface_start from pid: 556 (/system/bin/hwservicemanager)
03-13 12:47:09.534     0     0 E init    : Control message: Could not find 'android.frameworks.sensorservice@1.0::ISensorManager/default' for ctl.interface_start from pid: 556 (/system/bin/hwservicemanager)
03-13 12:47:09.581     0     0 I init    : starting service 'audioserver'...
03-13 12:47:09.585     0     0 I init    : starting service 'cameraserver'...
03-13 12:47:09.589     0     0 I init    : processing action (init.svc.audioserver=running) from (/system/etc/init/audioserver.rc:38)
03-13 12:47:09.589     0     0 I init    : starting service 'vendor.audio-hal'...
03-13 12:47:09.590     0     0 I init    : Created socket '/dev/socket/audio_hw_socket', mode 666, user 1000, group 1000
03-13 12:47:09.594     0     0 I init    : starting service 'media'...
03-13 12:47:09.598     0     0 I init    : Command 'start vendor.audio-hal-4-0-msd' action=init.svc.audioserver=running (/system/etc/init/audioserver.rc:40) took 0ms and failed: service vendor.audio-hal-4-0-msd not found
03-13 12:47:09.599     0     0 I init    : Command 'start audio_proxy_service' action=init.svc.audioserver=running (/system/etc/init/audioserver.rc:41) took 0ms and failed: service audio_proxy_service not found
03-13 12:47:09.599     0     0 I init    : Command 'start vendor.audio-hal-2-0' action=init.svc.audioserver=running (/system/etc/init/audioserver.rc:43) took 0ms and failed: service vendor.audio-hal-2-0 not found
03-13 12:47:09.599     0     0 I init    : Command 'start audio-hal-2-0' action=init.svc.audioserver=running (/system/etc/init/audioserver.rc:44) took 0ms and failed: service audio-hal-2-0 not found
03-13 12:47:09.600     0     0 I init    : processing action (init.svc.media=*) from (/system/etc/init/mediaserver.rc:1)
03-13 12:47:09.601     0     0 I init    : processing action (init.svc.mediadrm=running) from (/vendor/etc/init/android.hardware.drm@1.3-service.widevine.rc:1)
03-13 12:47:09.602     0     0 I init    : starting service 'wificond'...
03-13 12:47:09.634  2066  2066 I wificond: wificond is starting up...
03-13 12:47:09.640  2066  2066 I HidlServiceManagement: Registered android.system.wifi.keystore@1.0::IKeystore/default
03-13 12:47:09.617     0     0 I binder  : 2066:2066 ioctl 40046210 7fd216e2e4 returned -22
03-13 12:47:09.618     0     0 I binder  : 2066:2066 ioctl 40046210 7fd216e264 returned -22
03-13 12:47:09.630     0     0 I binder  : 2062:2062 ioctl 40046210 7fd47f4054 returned -22
03-13 12:47:09.631     0     0 I binder  : 2062:2062 ioctl 40046210 7fd47f4074 returned -22
03-13 12:47:09.631     0     0 I binder  : 2063:2063 ioctl 40046210 7fe8270f54 returned -22
03-13 12:47:09.632     0     0 I binder  : 2063:2063 ioctl 40046210 7fe8270f74 returned -22
03-13 12:47:09.662     0     0 I binder  : 2065:2065 ioctl 40046210 ffec9ee8 returned -22
03-13 12:47:09.673     0     0 I binder  : 2065:2065 ioctl 40046210 ffec9ed0 returned -22
03-13 12:47:10.153     0     0 I init    : starting service 'credstore'...
03-13 12:47:10.186  2084  2084 F libc    : Fatal signal 6 (SIGABRT), code -1 (SI_QUEUE) in tid 2084 (credstore), pid 2084 (credstore)
03-13 12:47:10.215     0     0 I logd    : logdr: UID=1076 GID=1076 PID=2087 n tail=0 logMask=8 pid=2084 start=0ns deadline=0ns
03-13 12:47:10.216     0     0 I logd    : logdr: UID=1076 GID=1076 PID=2087 n tail=0 logMask=1 pid=2084 start=0ns deadline=0ns
03-13 12:47:10.218     0     0 E         : msm_qti_pp_get_rms_value_control, back not active to query rms be_idx:3
03-13 12:47:10.243  2087  2087 F DEBUG   : *** *** *** *** *** *** *** *** *** *** *** *** *** *** *** ***
03-13 12:47:10.243  2087  2087 F DEBUG   : Build fingerprint: 'unknown'
03-13 12:47:10.243  2087  2087 F DEBUG   : Revision: '0'
03-13 12:47:10.244  2087  2087 F DEBUG   : ABI: 'arm64'
03-13 12:47:10.244  2087  2087 F DEBUG   : Timestamp: 1971-03-13 12:47:10.214943015+0000
03-13 12:47:10.244  2087  2087 F DEBUG   : Process uptime: 0s
03-13 12:47:10.244  2087  2087 F DEBUG   : Cmdline: /system/bin/credstore /data/misc/credstore
03-13 12:47:10.244  2087  2087 F DEBUG   : pid: 2084, tid: 2084, name: credstore  >>> /system/bin/credstore <<<
03-13 12:47:10.244  2087  2087 F DEBUG   : uid: 1076
03-13 12:47:10.245  2087  2087 F DEBUG   : signal 6 (SIGABRT), code -1 (SI_QUEUE), fault addr --------
03-13 12:47:10.245  2087  2087 F DEBUG   : Abort message: 'Check failed: chdir(data_dir.c_str()) != -1 chdir: /data/misc/credstore: No such file or directory'
03-13 12:47:10.245  2087  2087 F DEBUG   :     x0  0000000000000000  x1  0000000000000824  x2  0000000000000006  x3  0000007fc7425fd0
03-13 12:47:10.245  2087  2087 F DEBUG   :     x4  0000000000000031  x5  0000000000000031  x6  0000000000000031  x7  0000000000000000
03-13 12:47:10.245  2087  2087 F DEBUG   :     x8  00000000000000f0  x9  6c482fcc369fedbf  x10 0000000000000000  x11 ffffff80ffffffdf
03-13 12:47:10.246  2087  2087 F DEBUG   :     x12 0000000000000001  x13 0000000000000070  x14 0000007fc7424ee0  x15 0000000000000000
03-13 12:47:10.246  2087  2087 F DEBUG   :     x16 000000705d26b050  x17 000000705d247eb0  x18 00000070614f4000  x19 0000000000000824
03-13 12:47:10.246  2087  2087 F DEBUG   :     x20 0000000000000824  x21 00000000ffffffff  x22 00000070606f1000  x23 0000000000000000
03-13 12:47:10.246  2087  2087 F DEBUG   :     x24 0000000000000000  x25 0000000000000000  x26 0000000000000000  x27 0000000000000000
03-13 12:47:10.246  2087  2087 F DEBUG   :     x28 0000000000000000  x29 0000007fc7426050
03-13 12:47:10.247  2087  2087 F DEBUG   :     lr  000000705d1faba0  sp  0000007fc7425fb0  pc  000000705d1fabcc  pst 0000000000001000
03-13 12:47:10.247  2087  2087 F DEBUG   : backtrace:
03-13 12:47:10.247  2087  2087 F DEBUG   :       #00 pc 000000000004fbcc  /apex/com.android.runtime/lib64/bionic/libc.so (abort+164) (BuildId: ba489d4985c0cf173209da67405662f9)
03-13 12:47:10.247  2087  2087 F DEBUG   :       #01 pc 0000000000013eb4  /system/lib64/libbase.so (android::base::DefaultAborter(char const*)+12) (BuildId: 225cc3496ad7ce1867ed9bd3357de134)
03-13 12:47:10.247  2087  2087 F DEBUG   :       #02 pc 000000000001595c  /system/lib64/libbase.so (android::base::SetAborter(std::__1::function<void (char const*)>&&)::$_3::__invoke(char const*)+76) (BuildId: 225cc3496ad7ce1867ed9bd3357de134)
03-13 12:47:10.248  2087  2087 F DEBUG   :       #03 pc 0000000000014f8c  /system/lib64/libbase.so (android::base::LogMessage::~LogMessage()+364) (BuildId: 225cc3496ad7ce1867ed9bd3357de134)
03-13 12:47:10.248  2087  2087 F DEBUG   :       #04 pc 000000000000f760  /system/bin/credstore (main.cfi+1156) (BuildId: 56cdfadc76f85ca12f5abec75b8dc54c)
03-13 12:47:10.248  2087  2087 F DEBUG   :       #05 pc 00000000000488c8  /apex/com.android.runtime/lib64/bionic/libc.so (__libc_init+96) (BuildId: ba489d4985c0cf173209da67405662f9)
03-13 12:47:10.231     0     0 E doa_tracking_mon_afe_cb_handler: doa_tracking_mon_resp status: 2 payload size 388
03-13 12:47:10.232     0     0 E afe_apr_send_pkt: DSP returned error[ADSP_EBADPARAM]
03-13 12:47:10.232     0     0 E afe_get_doa_tracking_mon: get param port 0xb021 param id[0x1097d] failed -22
03-13 12:47:10.232     0     0 E msm_doa_tracking_mon_get: Error getting Doa Tracking Params, err=-22
03-13 12:47:10.234     0     0 I core_get_license_status: cmdrsp_license_result.result = 0x15 for module 0x131ff
03-13 12:47:10.235     0     0 I init    : Service 'credstore' (pid 2084) received signal 6
03-13 12:47:10.235     0     0 I init    : Sending signal 9 to service 'credstore' (pid 2084) process group...
03-13 12:47:10.240     0     0 I libprocessgroup: Successfully killed process cgroup uid 1076 pid 2084 in 5ms
03-13 12:47:10.241     0     0 I init    : Untracked pid 2087 exited with status 0
03-13 12:47:10.241     0     0 I init    : Untracked pid 2089 received signal 9
03-13 12:47:10.252     0     0 I         : tas2562 tas2562: value: 0x2, tas2562iv_enable 1
03-13 12:47:10.252     0     0 I TI-SmartPA: tas25xx_smartamp_debug_enable_get: case 0
03-13 12:47:10.253     0     0 I TI-SmartPA: tas25xx_get_profile: getting profile NONE
03-13 12:47:10.254     0     0 I TI-SmartPA: tas25xx_get_re_common, channel=1
03-13 12:47:10.254     0     0 I TI-SmartPA: tas25xx_get_re_left: Getting Re 0
03-13 12:47:10.254     0     0 I TI-SmartPA: tas25xx_get_f0_common, channel=1
03-13 12:47:10.254     0     0 I TI-SmartPA: tas25xx_get_f0_left: Getting F0 val=0
03-13 12:47:10.254     0     0 I TI-SmartPA: tas25xx_get_q_common, channel=1
03-13 12:47:10.254     0     0 I TI-SmartPA: tas25xx_get_q_left: Getting Q 0
03-13 12:47:10.254     0     0 I TI-SmartPA: tas25xx_get_tv_common, channel=1
03-13 12:47:10.254     0     0 I TI-SmartPA: tas25xx_get_tv_left: Getting Tv 0
03-13 12:47:10.255     0     0 I TI-SmartPA: tas25xx_smartamp_enable_get: case 0(0=DISABLE, 1=ENABLE)
03-13 12:47:10.255     0     0 I TI-SmartPA: tas25xx_smartamp_bypass_get: case 0
03-13 12:47:10.263     0     0 I         : tas2562 tas2562: tas2562_get_left_speaker_switch, p_u_control = 0
03-13 12:47:10.263     0     0 I         : tas2562 tas2562: tas2562_get_right_speaker_switch, p_u_control = 0
03-13 12:47:10.263     0     0 E msm_ext_disp_update_audio_ops: Display not found (EXT_DISPLAY_TYPE_DP) ctld (0) stream (0)
03-13 12:47:10.263     0     0 E msm_ext_disp_update_audio_ops: Display not found (EXT_DISPLAY_TYPE_DP) ctld (0) stream (0)
03-13 12:47:10.263     0     0 E msm_ext_disp_update_audio_ops: Display not found (EXT_DISPLAY_TYPE_DP) ctld (0) stream (0)
03-13 12:47:10.263     0     0 E msm_ext_disp_update_audio_ops: Display not found (EXT_DISPLAY_TYPE_DP) ctld (0) stream (0)
03-13 12:47:10.263     0     0 E msm_ext_disp_update_audio_ops: Display not found (EXT_DISPLAY_TYPE_DP) ctld (0) stream (0)
03-13 12:47:10.263     0     0 E msm_ext_disp_update_audio_ops: Display not found (EXT_DISPLAY_TYPE_DP) ctld (0) stream (0)
03-13 12:47:10.264     0     0 E msm_ext_disp_update_audio_ops: Display not found (EXT_DISPLAY_TYPE_DP) ctld (0) stream (0)
03-13 12:47:10.264     0     0 E msm_ext_disp_update_audio_ops: Display not found (EXT_DISPLAY_TYPE_DP) ctld (0) stream (0)
03-13 12:47:10.264     0     0 E msm-ext-disp-audio-codec-rx soc: qcom,msm-ext-disp:qcom,msm-ext-disp-audio-codec-rx: msm_ext_disp_audio_type_get: get_audio_edid_blk() or get_intf_id is NULL
03-13 12:47:10.264     0     0 E msm_ext_disp_update_audio_ops: Display not found (EXT_DISPLAY_TYPE_DP) ctld (0) stream (0)
03-13 12:47:10.264     0     0 E msm_ext_disp_update_audio_ops: Display not found (EXT_DISPLAY_TYPE_DP) ctld (0) stream (0)
03-13 12:47:10.264     0     0 E msm-ext-disp-audio-codec-rx soc: qcom,msm-ext-disp:qcom,msm-ext-disp-audio-codec-rx: msm_ext_disp_audio_type_get: get_audio_edid_blk() or get_intf_id is NULL
03-13 12:47:10.342     0     0 E         : msm_pcm_volume_ctl_get substream not found
03-13 12:47:10.377     0     0 E         : msm_qti_pp_get_rms_value_control, back not active to query rms be_idx:3
03-13 12:47:10.390     0     0 E doa_tracking_mon_afe_cb_handler: doa_tracking_mon_resp status: 2 payload size 388
03-13 12:47:10.392     0     0 E afe_apr_send_pkt: DSP returned error[ADSP_EBADPARAM]
03-13 12:47:10.392     0     0 E afe_get_doa_tracking_mon: get param port 0xb021 param id[0x1097d] failed -22
03-13 12:47:10.392     0     0 E msm_doa_tracking_mon_get: Error getting Doa Tracking Params, err=-22
03-13 12:47:10.395     0     0 I core_get_license_status: cmdrsp_license_result.result = 0x15 for module 0x131ff
03-13 12:47:10.402     0     0 I         : tas2562 tas2562: value: 0x2, tas2562iv_enable 1
03-13 12:47:10.403     0     0 I TI-SmartPA: tas25xx_smartamp_debug_enable_get: case 0
03-13 12:47:10.403     0     0 I TI-SmartPA: tas25xx_get_profile: getting profile NONE
03-13 12:47:10.404     0     0 I TI-SmartPA: tas25xx_get_re_common, channel=1
03-13 12:47:10.404     0     0 I TI-SmartPA: tas25xx_get_re_left: Getting Re 0
03-13 12:47:10.404     0     0 I TI-SmartPA: tas25xx_get_f0_common, channel=1
03-13 12:47:10.404     0     0 I TI-SmartPA: tas25xx_get_f0_left: Getting F0 val=0
03-13 12:47:10.404     0     0 I TI-SmartPA: tas25xx_get_q_common, channel=1
03-13 12:47:10.404     0     0 I TI-SmartPA: tas25xx_get_q_left: Getting Q 0
03-13 12:47:10.405     0     0 I TI-SmartPA: tas25xx_get_tv_common, channel=1
03-13 12:47:10.405     0     0 I TI-SmartPA: tas25xx_get_tv_left: Getting Tv 0
03-13 12:47:10.405     0     0 I TI-SmartPA: tas25xx_smartamp_enable_get: case 0(0=DISABLE, 1=ENABLE)
03-13 12:47:10.405     0     0 I TI-SmartPA: tas25xx_smartamp_bypass_get: case 0
03-13 12:47:10.406     0     0 I         : tas2562 tas2562: tas2562_get_left_speaker_switch, p_u_control = 0
03-13 12:47:10.407     0     0 I         : tas2562 tas2562: tas2562_get_right_speaker_switch, p_u_control = 0
03-13 12:47:10.407     0     0 E msm_ext_disp_update_audio_ops: Display not found (EXT_DISPLAY_TYPE_DP) ctld (0) stream (0)
03-13 12:47:10.407     0     0 E msm_ext_disp_update_audio_ops: Display not found (EXT_DISPLAY_TYPE_DP) ctld (0) stream (0)
03-13 12:47:10.407     0     0 E msm_ext_disp_update_audio_ops: Display not found (EXT_DISPLAY_TYPE_DP) ctld (0) stream (0)
03-13 12:47:10.407     0     0 E msm_ext_disp_update_audio_ops: Display not found (EXT_DISPLAY_TYPE_DP) ctld (0) stream (0)
03-13 12:47:10.407     0     0 E msm_ext_disp_update_audio_ops: Display not found (EXT_DISPLAY_TYPE_DP) ctld (0) stream (0)
03-13 12:47:10.407     0     0 E msm_ext_disp_update_audio_ops: Display not found (EXT_DISPLAY_TYPE_DP) ctld (0) stream (0)
03-13 12:47:10.408     0     0 E msm_ext_disp_update_audio_ops: Display not found (EXT_DISPLAY_TYPE_DP) ctld (0) stream (0)
03-13 12:47:10.408     0     0 E msm_ext_disp_update_audio_ops: Display not found (EXT_DISPLAY_TYPE_DP) ctld (0) stream (0)
03-13 12:47:10.408     0     0 E msm-ext-disp-audio-codec-rx soc: qcom,msm-ext-disp:qcom,msm-ext-disp-audio-codec-rx: msm_ext_disp_audio_type_get: get_audio_edid_blk() or get_intf_id is NULL
03-13 12:47:10.408     0     0 E msm_ext_disp_update_audio_ops: Display not found (EXT_DISPLAY_TYPE_DP) ctld (0) stream (0)
03-13 12:47:10.408     0     0 E msm_ext_disp_update_audio_ops: Display not found (EXT_DISPLAY_TYPE_DP) ctld (0) stream (0)
03-13 12:47:10.408     0     0 E msm-ext-disp-audio-codec-rx soc: qcom,msm-ext-disp:qcom,msm-ext-disp-audio-codec-rx: msm_ext_disp_audio_type_get: get_audio_edid_blk() or get_intf_id is NULL
03-13 12:47:10.482     0     0 E         : msm_pcm_volume_ctl_get substream not found
03-13 12:47:10.536     0     0 E init    : Control message: Could not find 'android.frameworks.sensorservice@1.0::ISensorManager/default' for ctl.interface_start from pid: 556 (/system/bin/hwservicemanager)
03-13 12:47:10.814     0     0 I init    : starting service 'zygote'...
03-13 12:47:10.815     0     0 I init    : Created socket '/dev/socket/zygote', mode 660, user 0, group 1000
03-13 12:47:10.815     0     0 I init    : Created socket '/dev/socket/usap_pool_primary', mode 660, user 0, group 1000
03-13 12:47:10.818     0     0 I init    : starting service 'zygote_secondary'...
03-13 12:47:10.818     0     0 I init    : Created socket '/dev/socket/zygote_secondary', mode 660, user 0, group 1000
03-13 12:47:10.818     0     0 I init    : Created socket '/dev/socket/usap_pool_secondary', mode 660, user 0, group 1000
03-13 12:47:10.836     0     0 I init    : starting service 'installd'...
03-13 12:47:10.877  2097  2097 I installd: installd firing up
03-13 12:47:10.861     0     0 I init    : starting service 'netd'...
03-13 12:47:10.861     0     0 I init    : Created socket '/dev/socket/dnsproxyd', mode 660, user 0, group 3003
03-13 12:47:10.880  2097  2097 D installd: Assuming that device has multi-user storage layout; upgrade no longer supported
03-13 12:47:10.862     0     0 I init    : Created socket '/dev/socket/mdns', mode 660, user 0, group 1000
03-13 12:47:10.880  2097  2097 E installd: Failed to setup misc for user 0
03-13 12:47:10.881  2097  2097 E installd: Could not create directories; exiting.
03-13 12:47:10.862     0     0 I init    : Created socket '/dev/socket/fwmarkd', mode 660, user 0, group 3003
03-13 12:47:10.873     0     0 I init    : Service 'installd' (pid 2097) exited with status 1
03-13 12:47:10.873     0     0 I init    : Sending signal 9 to service 'installd' (pid 2097) process group...
03-13 12:47:10.873     0     0 I libprocessgroup: Successfully killed process cgroup uid 0 pid 2097 in 0ms
03-13 12:47:10.923     0     0 I init    : Service 'zygote' (pid 2095) exited with status 0
03-13 12:47:10.923     0     0 I init    : Sending signal 9 to service 'zygote' (pid 2095) process group...
03-13 12:47:10.923     0     0 I libprocessgroup: Successfully killed process cgroup uid 0 pid 2095 in 0ms
03-13 12:47:10.924     0     0 E init    : process with updatable components 'zygote' exited 4 times before boot completed
03-13 12:47:10.924     0     0 E apexd   : Native process 'zygote' is crashing. Attempting a revert
03-13 12:47:10.925     0     0 E apexd   : Revert failed : Revert requested, when there are no active sessions.
03-13 12:47:10.925     0     0 I AidlLazyServiceRegistrar: Trying to shut down the service. No clients in use for any service in process.
03-13 12:47:10.925     0     0 I init    : starting service 'exec 31 (/system/bin/vdc volume abort_fuse)'...
03-13 12:47:10.927     0     0 I AidlLazyServiceRegistrar: Unregistered all clients and exiting
03-13 12:47:10.929     0     0 I init    : Command 'write /sys/power/state on' action=onrestart (<Service 'zygote' onrestart>:2) took 1ms and failed: Unable to write to file '/sys/power/state': Unable to write file contents: Invalid argument
03-13 12:47:10.929     0     0 I init    : Sending signal 9 to service 'audioserver' (pid 2062) process group...
03-13 12:47:10.937     0     0 I binder  : 2105:2105 ioctl 40046210 7fe68c1064 returned -22
03-13 12:47:10.937     0     0 D ProcessState: Binder ioctl to enable oneway spam detection failed: Invalid argument
03-13 12:47:10.939     0     0 I libprocessgroup: Successfully killed process cgroup uid 1041 pid 2062 in 9ms
03-13 12:47:10.940     0     0 I init    : Sending signal 9 to service 'cameraserver' (pid 2063) process group...
03-13 12:47:10.940     0     0 D vdc     : Waited 0ms for vold
03-13 12:47:10.946     0     0 I libprocessgroup: Successfully killed process cgroup uid 1047 pid 2063 in 5ms
03-13 12:47:10.951     0     0 I init    : Sending signal 9 to service 'media' (pid 2065) process group...
03-13 12:47:10.957     0     0 I libprocessgroup: Successfully killed process cgroup uid 1013 pid 2065 in 5ms
03-13 12:47:10.957     0     0 I init    : Sending signal 9 to service 'netd' (pid 2098) process group...
03-13 12:47:10.993     0     0 I libprocessgroup: Successfully killed process cgroup uid 0 pid 2098 in 36ms
03-13 12:47:10.994     0     0 I init    : Sending signal 9 to service 'wificond' (pid 2066) process group...
03-13 12:47:10.999     0     0 I libprocessgroup: Successfully killed process cgroup uid 1010 pid 2066 in 5ms
03-13 12:47:11.001     0     0 I init    : Service 'apexd' (pid 659) exited with status 0 oneshot service took 21.040001 seconds in background
03-13 12:47:11.001     0     0 I init    : Sending signal 9 to service 'apexd' (pid 659) process group...
03-13 12:47:11.001     0     0 I libprocessgroup: Successfully killed process cgroup uid 0 pid 659 in 0ms
03-13 12:47:11.002     0     0 I init    : Service 'audioserver' (pid 2062) received signal 9
03-13 12:47:11.002     0     0 I init    : Sending signal 9 to service 'vendor.audio-hal' (pid 2064) process group...
03-13 12:47:11.017     0     0 I libprocessgroup: Successfully killed process cgroup uid 1041 pid 2064 in 15ms
03-13 12:47:11.023     0     0 I init    : Command 'restart vendor.audio-hal-4-0-msd' action=onrestart (<Service 'audioserver' onrestart>:2) took 0ms and failed: service vendor.audio-hal-4-0-msd not found
03-13 12:47:11.023     0     0 I init    : Command 'restart audio_proxy_service' action=onrestart (<Service 'audioserver' onrestart>:3) took 0ms and failed: service audio_proxy_service not found
03-13 12:47:11.023     0     0 I init    : Command 'restart vendor.audio-hal-2-0' action=onrestart (<Service 'audioserver' onrestart>:4) took 0ms and failed: service vendor.audio-hal-2-0 not found
03-13 12:47:11.023     0     0 I init    : Command 'restart audio-hal-2-0' action=onrestart (<Service 'audioserver' onrestart>:5) took 0ms and failed: service audio-hal-2-0 not found
03-13 12:47:11.024     0     0 I init    : Service 'cameraserver' (pid 2063) received signal 9
03-13 12:47:11.025     0     0 I init    : Service 'vendor.audio-hal' (pid 2064) received signal 9
03-13 12:47:11.026     0     0 I init    : Service 'media' (pid 2065) received signal 9
03-13 12:47:11.027     0     0 I init    : Service 'wificond' (pid 2066) received signal 9
03-13 12:47:11.027     0     0 I init    : Service 'zygote_secondary' (pid 2096) exited with status 0
03-13 12:47:11.027     0     0 I init    : Sending signal 9 to service 'zygote_secondary' (pid 2096) process group...
03-13 12:47:11.027     0     0 I libprocessgroup: Successfully killed process cgroup uid 0 pid 2096 in 0ms
03-13 12:47:11.028     0     0 I init    : Service 'netd' (pid 2098) received signal 9
03-13 12:47:11.029     0     0 I init    : Service 'exec 31 (/system/bin/vdc volume abort_fuse)' (pid 2105) exited with status 0 oneshot service took 0.102000 seconds in background
03-13 12:47:11.029     0     0 I init    : Sending signal 9 to service 'exec 31 (/system/bin/vdc volume abort_fuse)' (pid 2105) process group...
03-13 12:47:11.029     0     0 I libprocessgroup: Successfully killed process cgroup uid 1000 pid 2105 in 0ms
03-13 12:47:11.030     0     0 I init    : Untracked pid 2103 received signal 9
03-13 12:47:11.030     0     0 I init    : Untracked pid 2104 received signal 9
03-13 12:47:11.030     0     0 I init    : processing action (sys.init.updatable_crashing=1) from (/system/etc/init/flags_health_check.rc:10)
03-13 12:47:11.031     0     0 I init    : starting service 'exec 32 (/system/bin/flags_health_check UPDATABLE_CRASHING)'...
03-13 12:47:11.034     0     0 I init    : SVC_EXEC service 'exec 32 (/system/bin/flags_health_check UPDATABLE_CRASHING)' pid 2107 (uid 1000 gid 1000+0 context default) started; waiting...
03-13 12:47:11.045     0     0 I init    : Service 'exec 32 (/system/bin/flags_health_check UPDATABLE_CRASHING)' (pid 2107) exited with status 0 waiting took 0.012000 seconds
03-13 12:47:11.045     0     0 I init    : Sending signal 9 to service 'exec 32 (/system/bin/flags_health_check UPDATABLE_CRASHING)' (pid 2107) process group...
03-13 12:47:11.046     0     0 I libprocessgroup: Successfully killed process cgroup uid 1000 pid 2107 in 0ms
03-13 12:47:11.046     0     0 I init    : processing action (init.svc.media=*) from (/system/etc/init/mediaserver.rc:1)
03-13 12:47:11.048     0     0 I init    : processing action (init.svc.media=*) from (/system/etc/init/mediaserver.rc:1)
03-13 12:47:11.245     0     0 I init    : starting service 'gatekeeperd'...
03-13 12:47:11.274     0     0 I init    : Service 'gatekeeperd' (pid 2108) exited with status 1
03-13 12:47:11.274     0     0 I init    : Sending signal 9 to service 'gatekeeperd' (pid 2108) process group...
03-13 12:47:11.275     0     0 I libprocessgroup: Successfully killed process cgroup uid 1000 pid 2108 in 0ms
03-13 12:47:11.540     0     0 E init    : Control message: Could not find 'android.frameworks.sensorservice@1.0::ISensorManager/default' for ctl.interface_start from pid: 556 (/system/bin/hwservicemanager)
03-13 12:47:12.540     0     0 E init    : Control message: Could not find 'android.frameworks.sensorservice@1.0::ISensorManager/default' for ctl.interface_start from pid: 556 (/system/bin/hwservicemanager)
03-13 12:47:13.542     0     0 E init    : Control message: Could not find 'android.frameworks.sensorservice@1.0::ISensorManager/default' for ctl.interface_start from pid: 556 (/system/bin/hwservicemanager)
03-13 12:47:14.543     0     0 E init    : Control message: Could not find 'android.frameworks.sensorservice@1.0::ISensorManager/default' for ctl.interface_start from pid: 556 (/system/bin/hwservicemanager)
03-13 12:47:14.584     0     0 I init    : starting service 'audioserver'...
03-13 12:47:14.588     0     0 I init    : starting service 'cameraserver'...
03-13 12:47:14.592     0     0 I init    : processing action (init.svc.audioserver=running) from (/system/etc/init/audioserver.rc:38)
03-13 12:47:14.592     0     0 I init    : starting service 'vendor.audio-hal'...
03-13 12:47:14.593     0     0 I init    : Created socket '/dev/socket/audio_hw_socket', mode 666, user 1000, group 1000
03-13 12:47:14.597     0     0 I init    : starting service 'media'...
03-13 12:47:14.601     0     0 I init    : Command 'start vendor.audio-hal-4-0-msd' action=init.svc.audioserver=running (/system/etc/init/audioserver.rc:40) took 0ms and failed: service vendor.audio-hal-4-0-msd not found
03-13 12:47:14.602     0     0 I init    : Command 'start audio_proxy_service' action=init.svc.audioserver=running (/system/etc/init/audioserver.rc:41) took 0ms and failed: service audio_proxy_service not found
03-13 12:47:14.602     0     0 I init    : Command 'start vendor.audio-hal-2-0' action=init.svc.audioserver=running (/system/etc/init/audioserver.rc:43) took 0ms and failed: service vendor.audio-hal-2-0 not found
03-13 12:47:14.602     0     0 I init    : Command 'start audio-hal-2-0' action=init.svc.audioserver=running (/system/etc/init/audioserver.rc:44) took 0ms and failed: service audio-hal-2-0 not found
03-13 12:47:14.602     0     0 I init    : processing action (init.svc.media=*) from (/system/etc/init/mediaserver.rc:1)
03-13 12:47:14.604     0     0 I init    : processing action (init.svc.mediadrm=running) from (/vendor/etc/init/android.hardware.drm@1.3-service.widevine.rc:1)
03-13 12:47:14.605     0     0 I init    : starting service 'wificond'...
03-13 12:47:14.655  2117  2117 I wificond: wificond is starting up...
03-13 12:47:14.635     0     0 I binder  : 2114:2114 ioctl 40046210 7fd378be24 returned -22
03-13 12:47:14.636     0     0 I binder  : 2114:2114 ioctl 40046210 7fd378be44 returned -22
03-13 12:47:14.639     0     0 I binder  : 2117:2117 ioctl 40046210 7fcb6a5944 returned -22
03-13 12:47:14.641     0     0 I binder  : 2117:2117 ioctl 40046210 7fcb6a58c4 returned -22
03-13 12:47:14.663  2117  2117 I HidlServiceManagement: Registered android.system.wifi.keystore@1.0::IKeystore/default
03-13 12:47:14.646     0     0 I binder  : 2116:2116 ioctl 40046210 ffd0a168 returned -22
03-13 12:47:14.652     0     0 I binder  : 2113:2113 ioctl 40046210 7fcf135a34 returned -22
03-13 12:47:14.652     0     0 I binder  : 2113:2113 ioctl 40046210 7fcf135a54 returned -22
03-13 12:47:14.655     0     0 I binder  : 2116:2116 ioctl 40046210 ffd0a150 returned -22
03-13 12:47:14.973     0     0 I smb     : 01:1000 03 08 00 55 76 99 00 00 44 00 ff ff c0 00 03 03 00 00 00 00 00 38 2e 3f 60 7f 00 01 01 03 00 00 00 00 00 00 00 01 76 04 02 03 07 a0 fd 71 00 a3 02 0a 0a 00 00 55
03-13 12:47:14.973     0     0 I smb     : 01:1300 01 11 01 01 00 00 00 00 00 00 10 ff 3f 00 df df 00 00 00 00 00 00 00 40 00 00 48 00 00 00 00 07 00 5c 38 11 a0 03 00 00 7f 00 00 00 00 00 00 1c 54 00 00 00 00
03-13 12:47:14.974     0     0 I smb     : 01:1500 02 00 00 23 19 29 00 07 8f 00 00 ff ff 02 00 6d 6d 00 00 00 00 00 00 00 10 00 01 00 00 00 07 00 01 00 03 00 06 00 01 00 01 00 01 01 01 00 07 00 00 00 00 00 44 00 00 00 03 00 00 00 12 00 00 00 00 00 00 00 00 00 00 10
03-13 12:47:14.974     0     0 I pm6150_charger: smblib_reg_work: Awake vote value is 1 voted by CHG_AWAKE_VOTER
03-13 12:47:14.974     0     0 I pm6150_charger: smblib_reg_work: ICL vote value is 500000 voted by USB_PSY_VOTER
03-13 12:47:14.974     0     0 I pm6150_charger: smblib_reg_work: FCC vote value is 5900000 voted by HW_LIMIT_VOTER
03-13 12:47:14.974     0     0 I pm6150_charger: smblib_reg_work: FV vote value is 4450000 voted by NON_FFC_VFLOAT_VOTER
03-13 12:47:14.974     0     0 I pm6150_charger: smblib_pl_enable_work: timer expired, enabling parallel
03-13 12:47:14.974     0     0 I PL_DISABLE: PL_DELAY_VOTER,4 voting off of val=0
03-13 12:47:14.974     0     0 I AWAKE   : PL_DELAY_VOTER,2 voting off of val=0
03-13 12:47:14.976     0     0 I pm6150_charger: smblib_reg_work: resistance_now[69]
03-13 12:47:14.976     0     0 I pm6150_charger: smblib_reg_work: ICL settle value[500000], usbin adc current[488860], vbusin adc vol[4839440]
03-13 12:47:14.976     0     0 I pm6150_charger: smblib_reg_work: AICL_STS[500000]
03-13 12:47:14.976     0     0 I pm6150_charger: smblib_reg_work: Type-C orientation[1], Type-C mode[8], Real Charger Type[4]
03-13 12:47:15.146     0     0 E         : msm_qti_pp_get_rms_value_control, back not active to query rms be_idx:3
03-13 12:47:15.156     0     0 I init    : starting service 'credstore'...
03-13 12:47:15.159     0     0 E doa_tracking_mon_afe_cb_handler: doa_tracking_mon_resp status: 2 payload size 388
03-13 12:47:15.159     0     0 E afe_apr_send_pkt: DSP returned error[ADSP_EBADPARAM]
03-13 12:47:15.159     0     0 E afe_get_doa_tracking_mon: get param port 0xb021 param id[0x1097d] failed -22
03-13 12:47:15.159     0     0 E msm_doa_tracking_mon_get: Error getting Doa Tracking Params, err=-22
03-13 12:47:15.161     0     0 I core_get_license_status: cmdrsp_license_result.result = 0x15 for module 0x131ff
03-13 12:47:15.162     0     0 I         : tas2562 tas2562: value: 0x2, tas2562iv_enable 1
03-13 12:47:15.190  2135  2135 F libc    : Fatal signal 6 (SIGABRT), code -1 (SI_QUEUE) in tid 2135 (credstore), pid 2135 (credstore)
03-13 12:47:15.163     0     0 I TI-SmartPA: tas25xx_smartamp_debug_enable_get: case 0
03-13 12:47:15.163     0     0 I TI-SmartPA: tas25xx_get_profile: getting profile NONE
03-13 12:47:15.164     0     0 I TI-SmartPA: tas25xx_get_re_common, channel=1
03-13 12:47:15.164     0     0 I TI-SmartPA: tas25xx_get_re_left: Getting Re 0
03-13 12:47:15.164     0     0 I TI-SmartPA: tas25xx_get_f0_common, channel=1
03-13 12:47:15.164     0     0 I TI-SmartPA: tas25xx_get_f0_left: Getting F0 val=0
03-13 12:47:15.164     0     0 I TI-SmartPA: tas25xx_get_q_common, channel=1
03-13 12:47:15.164     0     0 I TI-SmartPA: tas25xx_get_q_left: Getting Q 0
03-13 12:47:15.165     0     0 I TI-SmartPA: tas25xx_get_tv_common, channel=1
03-13 12:47:15.165     0     0 I TI-SmartPA: tas25xx_get_tv_left: Getting Tv 0
03-13 12:47:15.165     0     0 I TI-SmartPA: tas25xx_smartamp_enable_get: case 0(0=DISABLE, 1=ENABLE)
03-13 12:47:15.165     0     0 I TI-SmartPA: tas25xx_smartamp_bypass_get: case 0
03-13 12:47:15.166     0     0 I         : tas2562 tas2562: tas2562_get_left_speaker_switch, p_u_control = 0
03-13 12:47:15.167     0     0 I         : tas2562 tas2562: tas2562_get_right_speaker_switch, p_u_control = 0
03-13 12:47:15.167     0     0 E msm_ext_disp_update_audio_ops: Display not found (EXT_DISPLAY_TYPE_DP) ctld (0) stream (0)
03-13 12:47:15.167     0     0 E msm_ext_disp_update_audio_ops: Display not found (EXT_DISPLAY_TYPE_DP) ctld (0) stream (0)
03-13 12:47:15.167     0     0 E msm_ext_disp_update_audio_ops: Display not found (EXT_DISPLAY_TYPE_DP) ctld (0) stream (0)
03-13 12:47:15.167     0     0 E msm_ext_disp_update_audio_ops: Display not found (EXT_DISPLAY_TYPE_DP) ctld (0) stream (0)
03-13 12:47:15.167     0     0 E msm_ext_disp_update_audio_ops: Display not found (EXT_DISPLAY_TYPE_DP) ctld (0) stream (0)
03-13 12:47:15.167     0     0 E msm_ext_disp_update_audio_ops: Display not found (EXT_DISPLAY_TYPE_DP) ctld (0) stream (0)
03-13 12:47:15.168     0     0 E msm_ext_disp_update_audio_ops: Display not found (EXT_DISPLAY_TYPE_DP) ctld (0) stream (0)
03-13 12:47:15.168     0     0 E msm_ext_disp_update_audio_ops: Display not found (EXT_DISPLAY_TYPE_DP) ctld (0) stream (0)
03-13 12:47:15.168     0     0 E msm-ext-disp-audio-codec-rx soc: qcom,msm-ext-disp:qcom,msm-ext-disp-audio-codec-rx: msm_ext_disp_audio_type_get: get_audio_edid_blk() or get_intf_id is NULL
03-13 12:47:15.168     0     0 E msm_ext_disp_update_audio_ops: Display not found (EXT_DISPLAY_TYPE_DP) ctld (0) stream (0)
03-13 12:47:15.168     0     0 E msm_ext_disp_update_audio_ops: Display not found (EXT_DISPLAY_TYPE_DP) ctld (0) stream (0)
03-13 12:47:15.168     0     0 E msm-ext-disp-audio-codec-rx soc: qcom,msm-ext-disp:qcom,msm-ext-disp-audio-codec-rx: msm_ext_disp_audio_type_get: get_audio_edid_blk() or get_intf_id is NULL
03-13 12:47:15.221     0     0 I logd    : logdr: UID=1076 GID=1076 PID=2138 n tail=0 logMask=8 pid=2135 start=0ns deadline=0ns
03-13 12:47:15.222     0     0 I logd    : logdr: UID=1076 GID=1076 PID=2138 n tail=0 logMask=1 pid=2135 start=0ns deadline=0ns
03-13 12:47:15.223     0     0 E         : msm_pcm_volume_ctl_get substream not found
03-13 12:47:15.249  2138  2138 F DEBUG   : *** *** *** *** *** *** *** *** *** *** *** *** *** *** *** ***
03-13 12:47:15.249  2138  2138 F DEBUG   : Build fingerprint: 'unknown'
03-13 12:47:15.249  2138  2138 F DEBUG   : Revision: '0'
03-13 12:47:15.249  2138  2138 F DEBUG   : ABI: 'arm64'
03-13 12:47:15.250  2138  2138 F DEBUG   : Timestamp: 1971-03-13 12:47:15.210408482+0000
03-13 12:47:15.250  2138  2138 F DEBUG   : Process uptime: 0s
03-13 12:47:15.250  2138  2138 F DEBUG   : Cmdline: /system/bin/credstore /data/misc/credstore
03-13 12:47:15.250  2138  2138 F DEBUG   : pid: 2135, tid: 2135, name: credstore  >>> /system/bin/credstore <<<
03-13 12:47:15.250  2138  2138 F DEBUG   : uid: 1076
03-13 12:47:15.251  2138  2138 F DEBUG   : signal 6 (SIGABRT), code -1 (SI_QUEUE), fault addr --------
03-13 12:47:15.251  2138  2138 F DEBUG   : Abort message: 'Check failed: chdir(data_dir.c_str()) != -1 chdir: /data/misc/credstore: No such file or directory'
03-13 12:47:15.251  2138  2138 F DEBUG   :     x0  0000000000000000  x1  0000000000000857  x2  0000000000000006  x3  0000007fd7c14c10
03-13 12:47:15.251  2138  2138 F DEBUG   :     x4  0000000000000031  x5  0000000000000031  x6  0000000000000031  x7  0000000000000000
03-13 12:47:15.251  2138  2138 F DEBUG   :     x8  00000000000000f0  x9  9a86a31c2843290d  x10 0000000000000000  x11 ffffff80ffffffdf
03-13 12:47:15.252  2138  2138 F DEBUG   :     x12 0000000000000001  x13 0000000000000070  x14 0000007fd7c13b20  x15 0000000000000000
03-13 12:47:15.252  2138  2138 F DEBUG   :     x16 000000716c0ed050  x17 000000716c0c9eb0  x18 000000716e38c000  x19 0000000000000857
03-13 12:47:15.252  2138  2138 F DEBUG   :     x20 0000000000000857  x21 00000000ffffffff  x22 000000716dbcf000  x23 0000000000000000
03-13 12:47:15.252  2138  2138 F DEBUG   :     x24 0000000000000000  x25 0000000000000000  x26 0000000000000000  x27 0000000000000000
03-13 12:47:15.252  2138  2138 F DEBUG   :     x28 0000000000000000  x29 0000007fd7c14c90
03-13 12:47:15.253  2138  2138 F DEBUG   :     lr  000000716c07cba0  sp  0000007fd7c14bf0  pc  000000716c07cbcc  pst 0000000000001000
03-13 12:47:15.253  2138  2138 F DEBUG   : backtrace:
03-13 12:47:15.253  2138  2138 F DEBUG   :       #00 pc 000000000004fbcc  /apex/com.android.runtime/lib64/bionic/libc.so (abort+164) (BuildId: ba489d4985c0cf173209da67405662f9)
03-13 12:47:15.253  2138  2138 F DEBUG   :       #01 pc 0000000000013eb4  /system/lib64/libbase.so (android::base::DefaultAborter(char const*)+12) (BuildId: 225cc3496ad7ce1867ed9bd3357de134)
03-13 12:47:15.253  2138  2138 F DEBUG   :       #02 pc 000000000001595c  /system/lib64/libbase.so (android::base::SetAborter(std::__1::function<void (char const*)>&&)::$_3::__invoke(char const*)+76) (BuildId: 225cc3496ad7ce1867ed9bd3357de134)
